Archive member included to satisfy reference by file (symbol)

C:/ST/STM32CubeCLT_1.17.0/GNU-tools-for-STM32/bin/../lib/gcc/arm-none-eabi/12.3.1/../../../../arm-none-eabi/lib/thumb/v7e-m+fp/hard\libc_nano.a(libc_a-exit.o)
                              C:/ST/STM32CubeCLT_1.17.0/GNU-tools-for-STM32/bin/../lib/gcc/arm-none-eabi/12.3.1/../../../../arm-none-eabi/lib/thumb/v7e-m+fp/hard/crt0.o (exit)
C:/ST/STM32CubeCLT_1.17.0/GNU-tools-for-STM32/bin/../lib/gcc/arm-none-eabi/12.3.1/../../../../arm-none-eabi/lib/thumb/v7e-m+fp/hard\libc_nano.a(libc_a-findfp.o)
                              C:/ST/STM32CubeCLT_1.17.0/GNU-tools-for-STM32/bin/../lib/gcc/arm-none-eabi/12.3.1/../../../../arm-none-eabi/lib/thumb/v7e-m+fp/hard\libc_nano.a(libc_a-exit.o) (__stdio_exit_handler)
C:/ST/STM32CubeCLT_1.17.0/GNU-tools-for-STM32/bin/../lib/gcc/arm-none-eabi/12.3.1/../../../../arm-none-eabi/lib/thumb/v7e-m+fp/hard\libc_nano.a(libc_a-fwalk.o)
                              C:/ST/STM32CubeCLT_1.17.0/GNU-tools-for-STM32/bin/../lib/gcc/arm-none-eabi/12.3.1/../../../../arm-none-eabi/lib/thumb/v7e-m+fp/hard\libc_nano.a(libc_a-findfp.o) (_fwalk_sglue)
C:/ST/STM32CubeCLT_1.17.0/GNU-tools-for-STM32/bin/../lib/gcc/arm-none-eabi/12.3.1/../../../../arm-none-eabi/lib/thumb/v7e-m+fp/hard\libc_nano.a(libc_a-stdio.o)
                              C:/ST/STM32CubeCLT_1.17.0/GNU-tools-for-STM32/bin/../lib/gcc/arm-none-eabi/12.3.1/../../../../arm-none-eabi/lib/thumb/v7e-m+fp/hard\libc_nano.a(libc_a-findfp.o) (__sread)
C:/ST/STM32CubeCLT_1.17.0/GNU-tools-for-STM32/bin/../lib/gcc/arm-none-eabi/12.3.1/../../../../arm-none-eabi/lib/thumb/v7e-m+fp/hard\libc_nano.a(libc_a-memset.o)
                              C:/ST/STM32CubeCLT_1.17.0/GNU-tools-for-STM32/bin/../lib/gcc/arm-none-eabi/12.3.1/../../../../arm-none-eabi/lib/thumb/v7e-m+fp/hard/crt0.o (memset)
C:/ST/STM32CubeCLT_1.17.0/GNU-tools-for-STM32/bin/../lib/gcc/arm-none-eabi/12.3.1/../../../../arm-none-eabi/lib/thumb/v7e-m+fp/hard\libc_nano.a(libc_a-closer.o)
                              C:/ST/STM32CubeCLT_1.17.0/GNU-tools-for-STM32/bin/../lib/gcc/arm-none-eabi/12.3.1/../../../../arm-none-eabi/lib/thumb/v7e-m+fp/hard\libc_nano.a(libc_a-stdio.o) (_close_r)
C:/ST/STM32CubeCLT_1.17.0/GNU-tools-for-STM32/bin/../lib/gcc/arm-none-eabi/12.3.1/../../../../arm-none-eabi/lib/thumb/v7e-m+fp/hard\libc_nano.a(libc_a-reent.o)
                              C:/ST/STM32CubeCLT_1.17.0/GNU-tools-for-STM32/bin/../lib/gcc/arm-none-eabi/12.3.1/../../../../arm-none-eabi/lib/thumb/v7e-m+fp/hard\libc_nano.a(libc_a-closer.o) (errno)
C:/ST/STM32CubeCLT_1.17.0/GNU-tools-for-STM32/bin/../lib/gcc/arm-none-eabi/12.3.1/../../../../arm-none-eabi/lib/thumb/v7e-m+fp/hard\libc_nano.a(libc_a-impure.o)
                              C:/ST/STM32CubeCLT_1.17.0/GNU-tools-for-STM32/bin/../lib/gcc/arm-none-eabi/12.3.1/../../../../arm-none-eabi/lib/thumb/v7e-m+fp/hard\libc_nano.a(libc_a-reent.o) (_impure_ptr)
C:/ST/STM32CubeCLT_1.17.0/GNU-tools-for-STM32/bin/../lib/gcc/arm-none-eabi/12.3.1/../../../../arm-none-eabi/lib/thumb/v7e-m+fp/hard\libc_nano.a(libc_a-lseekr.o)
                              C:/ST/STM32CubeCLT_1.17.0/GNU-tools-for-STM32/bin/../lib/gcc/arm-none-eabi/12.3.1/../../../../arm-none-eabi/lib/thumb/v7e-m+fp/hard\libc_nano.a(libc_a-stdio.o) (_lseek_r)
C:/ST/STM32CubeCLT_1.17.0/GNU-tools-for-STM32/bin/../lib/gcc/arm-none-eabi/12.3.1/../../../../arm-none-eabi/lib/thumb/v7e-m+fp/hard\libc_nano.a(libc_a-readr.o)
                              C:/ST/STM32CubeCLT_1.17.0/GNU-tools-for-STM32/bin/../lib/gcc/arm-none-eabi/12.3.1/../../../../arm-none-eabi/lib/thumb/v7e-m+fp/hard\libc_nano.a(libc_a-stdio.o) (_read_r)
C:/ST/STM32CubeCLT_1.17.0/GNU-tools-for-STM32/bin/../lib/gcc/arm-none-eabi/12.3.1/../../../../arm-none-eabi/lib/thumb/v7e-m+fp/hard\libc_nano.a(libc_a-writer.o)
                              C:/ST/STM32CubeCLT_1.17.0/GNU-tools-for-STM32/bin/../lib/gcc/arm-none-eabi/12.3.1/../../../../arm-none-eabi/lib/thumb/v7e-m+fp/hard\libc_nano.a(libc_a-stdio.o) (_write_r)
C:/ST/STM32CubeCLT_1.17.0/GNU-tools-for-STM32/bin/../lib/gcc/arm-none-eabi/12.3.1/../../../../arm-none-eabi/lib/thumb/v7e-m+fp/hard\libc_nano.a(libc_a-init.o)
                              C:/ST/STM32CubeCLT_1.17.0/GNU-tools-for-STM32/bin/../lib/gcc/arm-none-eabi/12.3.1/../../../../arm-none-eabi/lib/thumb/v7e-m+fp/hard/crt0.o (__libc_init_array)
C:/ST/STM32CubeCLT_1.17.0/GNU-tools-for-STM32/bin/../lib/gcc/arm-none-eabi/12.3.1/../../../../arm-none-eabi/lib/thumb/v7e-m+fp/hard\libc_nano.a(libc_a-lock.o)
                              C:/ST/STM32CubeCLT_1.17.0/GNU-tools-for-STM32/bin/../lib/gcc/arm-none-eabi/12.3.1/../../../../arm-none-eabi/lib/thumb/v7e-m+fp/hard\libc_nano.a(libc_a-findfp.o) (__retarget_lock_init_recursive)
C:/ST/STM32CubeCLT_1.17.0/GNU-tools-for-STM32/bin/../lib/gcc/arm-none-eabi/12.3.1/../../../../arm-none-eabi/lib/thumb/v7e-m+fp/hard\libc_nano.a(libc_a-freer.o)
[...]
Memory Configuration

Name             Origin             Length             Attributes
RAM              0x20000000         0x00018000         xrw
RAM2             0x10000000         0x00008000         xrw
FLASH            0x08000000         0x00100000         xr
*default*        0x00000000         0xffffffff

Linker script and memory map

LOAD C:/ST/STM32CubeCLT_1.17.0/GNU-tools-for-STM32/bin/../lib/gcc/arm-none-eabi/12.3.1/thumb/v7e-m+fp/hard/crti.o
LOAD C:/ST/STM32CubeCLT_1.17.0/GNU-tools-for-STM32/bin/../lib/gcc/arm-none-eabi/12.3.1/thumb/v7e-m+fp/hard/crtbegin.o
LOAD C:/ST/STM32CubeCLT_1.17.0/GNU-tools-for-STM32/bin/../lib/gcc/arm-none-eabi/12.3.1/../../../../arm-none-eabi/lib/thumb/v7e-m+fp/hard/crt0.o
START GROUP
LOAD C:/ST/STM32CubeCLT_1.17.0/GNU-tools-for-STM32/bin/../lib/gcc/arm-none-eabi/12.3.1/../../../../arm-none-eabi/lib/thumb/v7e-m+fp/hard\libc_nano.a
LOAD C:/ST/STM32CubeCLT_1.17.0/GNU-tools-for-STM32/bin/../lib/gcc/arm-none-eabi/12.3.1/../../../../arm-none-eabi/lib/thumb/v7e-m+fp/hard\libm.a
END GROUP
LOAD CMakeFiles/Plantilla-final.dir/External/ssd1306/ssd1306.c.obj
LOAD CMakeFiles/Plantilla-final.dir/External/ssd1306/ssd1306_fonts.c.obj
LOAD CMakeFiles/Plantilla-final.dir/Drivers/keypad/keypad.c.obj
LOAD CMakeFiles/Plantilla-final.dir/Core/Src/ring_buffer.c.obj
LOAD CMakeFiles/Plantilla-final.dir/Core/Src/state_machine.c.obj
LOAD CMakeFiles/Plantilla-final.dir/Core/Src/main.c.obj
LOAD CMakeFiles/Plantilla-final.dir/Core/Src/stm32l4xx_it.c.obj
LOAD CMakeFiles/Plantilla-final.dir/Core/Src/stm32l4xx_hal_msp.c.obj
LOAD CMakeFiles/Plantilla-final.dir/Drivers/STM32L4xx_HAL_Driver/Src/stm32l4xx_hal_i2c.c.obj
LOAD CMakeFiles/Plantilla-final.dir/Drivers/STM32L4xx_HAL_Driver/Src/stm32l4xx_hal_i2c_ex.c.obj
LOAD CMakeFiles/Plantilla-final.dir/Drivers/STM32L4xx_HAL_Driver/Src/stm32l4xx_hal.c.obj
LOAD CMakeFiles/Plantilla-final.dir/Drivers/STM32L4xx_HAL_Driver/Src/stm32l4xx_hal_rcc.c.obj
LOAD CMakeFiles/Plantilla-final.dir/Drivers/STM32L4xx_HAL_Driver/Src/stm32l4xx_hal_rcc_ex.c.obj
LOAD CMakeFiles/Plantilla-final.dir/Drivers/STM32L4xx_HAL_Driver/Src/stm32l4xx_hal_flash.c.obj
LOAD CMakeFiles/Plantilla-final.dir/Drivers/STM32L4xx_HAL_Driver/Src/stm32l4xx_hal_flash_ex.c.obj
LOAD CMakeFiles/Plantilla-final.dir/Drivers/STM32L4xx_HAL_Driver/Src/stm32l4xx_hal_flash_ramfunc.c.obj
LOAD CMakeFiles/Plantilla-final.dir/Drivers/STM32L4xx_HAL_Driver/Src/stm32l4xx_hal_gpio.c.obj
LOAD CMakeFiles/Plantilla-final.dir/Drivers/STM32L4xx_HAL_Driver/Src/stm32l4xx_hal_dma.c.obj
LOAD CMakeFiles/Plantilla-final.dir/Drivers/STM32L4xx_HAL_Driver/Src/stm32l4xx_hal_dma_ex.c.obj
LOAD CMakeFiles/Plantilla-final.dir/Drivers/STM32L4xx_HAL_Driver/Src/stm32l4xx_hal_pwr.c.obj
LOAD CMakeFiles/Plantilla-final.dir/Drivers/STM32L4xx_HAL_Driver/Src/stm32l4xx_hal_pwr_ex.c.obj
LOAD CMakeFiles/Plantilla-final.dir/Drivers/STM32L4xx_HAL_Driver/Src/stm32l4xx_hal_cortex.c.obj
LOAD CMakeFiles/Plantilla-final.dir/Drivers/STM32L4xx_HAL_Driver/Src/stm32l4xx_hal_exti.c.obj
LOAD CMakeFiles/Plantilla-final.dir/Drivers/STM32L4xx_HAL_Driver/Src/stm32l4xx_hal_uart.c.obj
LOAD CMakeFiles/Plantilla-final.dir/Drivers/STM32L4xx_HAL_Driver/Src/stm32l4xx_hal_uart_ex.c.obj
LOAD CMakeFiles/Plantilla-final.dir/Core/Src/system_stm32l4xx.c.obj
LOAD CMakeFiles/Plantilla-final.dir/Core/Src/sysmem.c.obj
LOAD CMakeFiles/Plantilla-final.dir/Core/Src/syscalls.c.obj
LOAD CMakeFiles/Plantilla-final.dir/startup_stm32l476xx.s.obj
START GROUP
LOAD C:/ST/STM32CubeCLT_1.17.0/GNU-tools-for-STM32/bin/../lib/gcc/arm-none-eabi/12.3.1/thumb/v7e-m+fp/hard\libgcc.a
LOAD C:/ST/STM32CubeCLT_1.17.0/GNU-tools-for-STM32/bin/../lib/gcc/arm-none-eabi/12.3.1/../../../../arm-none-eabi/lib/thumb/v7e-m+fp/hard\libg_nano.a
LOAD C:/ST/STM32CubeCLT_1.17.0/GNU-tools-for-STM32/bin/../lib/gcc/arm-none-eabi/12.3.1/../../../../arm-none-eabi/lib/thumb/v7e-m+fp/hard\libc_nano.a
END GROUP
START GROUP
LOAD C:/ST/STM32CubeCLT_1.17.0/GNU-tools-for-STM32/bin/../lib/gcc/arm-none-eabi/12.3.1/thumb/v7e-m+fp/hard\libgcc.a
LOAD C:/ST/STM32CubeCLT_1.17.0/GNU-tools-for-STM32/bin/../lib/gcc/arm-none-eabi/12.3.1/../../../../arm-none-eabi/lib/thumb/v7e-m+fp/hard\libc_nano.a
END GROUP
LOAD C:/ST/STM32CubeCLT_1.17.0/GNU-tools-for-STM32/bin/../lib/gcc/arm-none-eabi/12.3.1/thumb/v7e-m+fp/hard/crtend.o
LOAD C:/ST/STM32CubeCLT_1.17.0/GNU-tools-for-STM32/bin/../lib/gcc/arm-none-eabi/12.3.1/thumb/v7e-m+fp/hard/crtn.o
                0x20018000                        _estack = (ORIGIN (RAM) + LENGTH (RAM))
                0x00000200                        _Min_Heap_Size = 0x200
                0x00000400                        _Min_Stack_Size = 0x400

.isr_vector     0x08000000      0x188
                0x08000000                        . = ALIGN (0x8)
 *(.isr_vector)
 .isr_vector    0x08000000      0x188 CMakeFiles/Plantilla-final.dir/startup_stm32l476xx.s.obj
                0x08000000                g_pfnVectors
                0x08000188                        . = ALIGN (0x8)

.text           0x08000188     0x5520
                0x08000188                        . = ALIGN (0x8)
 *(.text)
 .text          0x08000188       0x40 C:/ST/STM32CubeCLT_1.17.0/GNU-tools-for-STM32/bin/../lib/gcc/arm-none-eabi/12.3.1/thumb/v7e-m+fp/hard/crtbegin.o
 .text          0x080001c8       0x30 C:/ST/STM32CubeCLT_1.17.0/GNU-tools-for-STM32/bin/../lib/gcc/arm-none-eabi/12.3.1/thumb/v7e-m+fp/hard\libgcc.a(_aeabi_uldivmod.o)
                0x080001c8                __aeabi_uldivmod
 .text          0x080001f8      0x2bc C:/ST/STM32CubeCLT_1.17.0/GNU-tools-for-STM32/bin/../lib/gcc/arm-none-eabi/12.3.1/thumb/v7e-m+fp/hard\libgcc.a(_udivmoddi4.o)
                0x080001f8                __udivmoddi4
 .text          0x080004b4        0x4 C:/ST/STM32CubeCLT_1.17.0/GNU-tools-for-STM32/bin/../lib/gcc/arm-none-eabi/12.3.1/thumb/v7e-m+fp/hard\libgcc.a(_dvmd_tls.o)
                0x080004b4                __aeabi_idiv0
                0x080004b4                __aeabi_ldiv0
 *(.text*)
 .text.memset   0x080004b8       0x10 C:/ST/STM32CubeCLT_1.17.0/GNU-tools-for-STM32/bin/../lib/gcc/arm-none-eabi/12.3.1/../../../../arm-none-eabi/lib/thumb/v7e-m+fp/hard\libc_nano.a(libc_a-memset.o)
                0x080004b8                memset
 .text.__libc_init_array
                0x080004c8       0x48 C:/ST/STM32CubeCLT_1.17.0/GNU-tools-for-STM32/bin/../lib/gcc/arm-none-eabi/12.3.1/../../../../arm-none-eabi/lib/thumb/v7e-m+fp/hard\libc_nano.a(libc_a-init.o)
                0x080004c8                __libc_init_array
 .text.keypad_init
                0x08000510       0x38 CMakeFiles/Plantilla-final.dir/Drivers/keypad/keypad.c.obj
                0x08000510                keypad_init
 .text.keypad_scan_column
                0x08000548       0xf4 CMakeFiles/Plantilla-final.dir/Drivers/keypad/keypad.c.obj
 .text.keypad_scan
                0x0800063c       0xe4 CMakeFiles/Plantilla-final.dir/Drivers/keypad/keypad.c.obj
                0x0800063c                keypad_scan
 .text.HAL_GPIO_EXTI_Callback
                0x08000720       0x4c CMakeFiles/Plantilla-final.dir/Drivers/keypad/keypad.c.obj
                0x08000720                HAL_GPIO_EXTI_Callback
 .text.keypad_get_pressed_key
                0x0800076c       0x48 CMakeFiles/Plantilla-final.dir/Drivers/keypad/keypad.c.obj
                0x0800076c                keypad_get_pressed_key
 .text.ring_buffer_init
                0x080007b4       0x38 CMakeFiles/Plantilla-final.dir/Core/Src/ring_buffer.c.obj
                0x080007b4                ring_buffer_init
 .text.ring_buffer_size
                0x080007ec       0x50 CMakeFiles/Plantilla-final.dir/Core/Src/ring_buffer.c.obj
                0x080007ec                ring_buffer_size
 .text.ring_buffer_write
                0x0800083c       0x7a CMakeFiles/Plantilla-final.dir/Core/Src/ring_buffer.c.obj
                0x0800083c                ring_buffer_write
 *fill*         0x080008b6        0x2 
 .text.show_rb  0x080008b8       0x84 CMakeFiles/Plantilla-final.dir/Core/Src/ring_buffer.c.obj
                0x080008b8                show_rb
 .text.HAL_UART_RxCpltCallback
                0x0800093c       0xac CMakeFiles/Plantilla-final.dir/Core/Src/main.c.obj
                0x0800093c                HAL_UART_RxCpltCallback
 .text.main     0x080009e8       0x9c CMakeFiles/Plantilla-final.dir/Core/Src/main.c.obj
                0x080009e8                main
 .text.SystemClock_Config
                0x08000a84       0xa2 CMakeFiles/Plantilla-final.dir/Core/Src/main.c.obj
                0x08000a84                SystemClock_Config
 *fill*         0x08000b26        0x2 
 .text.MX_I2C1_Init
                0x08000b28       0x80 CMakeFiles/Plantilla-final.dir/Core/Src/main.c.obj
 .text.MX_USART2_UART_Init
                0x08000ba8       0x60 CMakeFiles/Plantilla-final.dir/Core/Src/main.c.obj
 .text.MX_USART3_UART_Init
                0x08000c08       0x60 CMakeFiles/Plantilla-final.dir/Core/Src/main.c.obj
 .text.MX_GPIO_Init
                0x08000c68      0x18c CMakeFiles/Plantilla-final.dir/Core/Src/main.c.obj
 .text.Error_Handler
                0x08000df4        0xc CMakeFiles/Plantilla-final.dir/Core/Src/main.c.obj
                0x08000df4                Error_Handler
 .text.NMI_Handler
                0x08000e00        0x8 CMakeFiles/Plantilla-final.dir/Core/Src/stm32l4xx_it.c.obj
                0x08000e00                NMI_Handler
 .text.HardFault_Handler
                0x08000e08        0x8 CMakeFiles/Plantilla-final.dir/Core/Src/stm32l4xx_it.c.obj
                0x08000e08                HardFault_Handler
 .text.MemManage_Handler
                0x08000e10        0x8 CMakeFiles/Plantilla-final.dir/Core/Src/stm32l4xx_it.c.obj
                0x08000e10                MemManage_Handler
 .text.BusFault_Handler
                0x08000e18        0x8 CMakeFiles/Plantilla-final.dir/Core/Src/stm32l4xx_it.c.obj
                0x08000e18                BusFault_Handler
 .text.UsageFault_Handler
                0x08000e20        0x8 CMakeFiles/Plantilla-final.dir/Core/Src/stm32l4xx_it.c.obj
                0x08000e20                UsageFault_Handler
 .text.SVC_Handler
                0x08000e28        0xe CMakeFiles/Plantilla-final.dir/Core/Src/stm32l4xx_it.c.obj
                0x08000e28                SVC_Handler
 .text.DebugMon_Handler
                0x08000e36        0xe CMakeFiles/Plantilla-final.dir/Core/Src/stm32l4xx_it.c.obj
                0x08000e36                DebugMon_Handler
 .text.PendSV_Handler
                0x08000e44        0xe CMakeFiles/Plantilla-final.dir/Core/Src/stm32l4xx_it.c.obj
                0x08000e44                PendSV_Handler
 .text.SysTick_Handler
                0x08000e52        0xc CMakeFiles/Plantilla-final.dir/Core/Src/stm32l4xx_it.c.obj
                0x08000e52                SysTick_Handler
 .text.RCC_IRQHandler
                0x08000e5e        0xe CMakeFiles/Plantilla-final.dir/Core/Src/stm32l4xx_it.c.obj
                0x08000e5e                RCC_IRQHandler
 .text.EXTI9_5_IRQHandler
                0x08000e6c       0x1e CMakeFiles/Plantilla-final.dir/Core/Src/stm32l4xx_it.c.obj
                0x08000e6c                EXTI9_5_IRQHandler
 *fill*         0x08000e8a        0x2 
 .text.I2C1_EV_IRQHandler
                0x08000e8c       0x14 CMakeFiles/Plantilla-final.dir/Core/Src/stm32l4xx_it.c.obj
                0x08000e8c                I2C1_EV_IRQHandler
 .text.I2C1_ER_IRQHandler
                0x08000ea0       0x14 CMakeFiles/Plantilla-final.dir/Core/Src/stm32l4xx_it.c.obj
                0x08000ea0                I2C1_ER_IRQHandler
 .text.USART2_IRQHandler
                0x08000eb4       0x14 CMakeFiles/Plantilla-final.dir/Core/Src/stm32l4xx_it.c.obj
                0x08000eb4                USART2_IRQHandler
 .text.USART3_IRQHandler
                0x08000ec8       0x14 CMakeFiles/Plantilla-final.dir/Core/Src/stm32l4xx_it.c.obj
                0x08000ec8                USART3_IRQHandler
 .text.EXTI15_10_IRQHandler
                0x08000edc       0x18 CMakeFiles/Plantilla-final.dir/Core/Src/stm32l4xx_it.c.obj
                0x08000edc                EXTI15_10_IRQHandler
 .text.HAL_MspInit
                0x08000ef4       0x54 CMakeFiles/Plantilla-final.dir/Core/Src/stm32l4xx_hal_msp.c.obj
                0x08000ef4                HAL_MspInit
 .text.HAL_I2C_MspInit
                0x08000f48       0xdc CMakeFiles/Plantilla-final.dir/Core/Src/stm32l4xx_hal_msp.c.obj
                0x08000f48                HAL_I2C_MspInit
 .text.HAL_UART_MspInit
                0x08001024      0x164 CMakeFiles/Plantilla-final.dir/Core/Src/stm32l4xx_hal_msp.c.obj
                0x08001024                HAL_UART_MspInit
 .text.HAL_I2C_Init
                0x08001188      0x136 CMakeFiles/Plantilla-final.dir/Drivers/STM32L4xx_HAL_Driver/Src/stm32l4xx_hal_i2c.c.obj
                0x08001188                HAL_I2C_Init
 .text.HAL_I2C_EV_IRQHandler
                0x080012be       0x34 CMakeFiles/Plantilla-final.dir/Drivers/STM32L4xx_HAL_Driver/Src/stm32l4xx_hal_i2c.c.obj
                0x080012be                HAL_I2C_EV_IRQHandler
 .text.HAL_I2C_ER_IRQHandler
                0x080012f2       0xb6 CMakeFiles/Plantilla-final.dir/Drivers/STM32L4xx_HAL_Driver/Src/stm32l4xx_hal_i2c.c.obj
                0x080012f2                HAL_I2C_ER_IRQHandler
 .text.HAL_I2C_SlaveTxCpltCallback
                0x080013a8       0x14 CMakeFiles/Plantilla-final.dir/Drivers/STM32L4xx_HAL_Driver/Src/stm32l4xx_hal_i2c.c.obj
                0x080013a8                HAL_I2C_SlaveTxCpltCallback
 .text.HAL_I2C_SlaveRxCpltCallback
                0x080013bc       0x14 CMakeFiles/Plantilla-final.dir/Drivers/STM32L4xx_HAL_Driver/Src/stm32l4xx_hal_i2c.c.obj
                0x080013bc                HAL_I2C_SlaveRxCpltCallback
 .text.HAL_I2C_AddrCallback
                0x080013d0       0x1c CMakeFiles/Plantilla-final.dir/Drivers/STM32L4xx_HAL_Driver/Src/stm32l4xx_hal_i2c.c.obj
                0x080013d0                HAL_I2C_AddrCallback
 .text.HAL_I2C_ListenCpltCallback
                0x080013ec       0x14 CMakeFiles/Plantilla-final.dir/Drivers/STM32L4xx_HAL_Driver/Src/stm32l4xx_hal_i2c.c.obj
                0x080013ec                HAL_I2C_ListenCpltCallback
 .text.HAL_I2C_ErrorCallback
                0x08001400       0x14 CMakeFiles/Plantilla-final.dir/Drivers/STM32L4xx_HAL_Driver/Src/stm32l4xx_hal_i2c.c.obj
                0x08001400                HAL_I2C_ErrorCallback
 .text.HAL_I2C_AbortCpltCallback
                0x08001414       0x14 CMakeFiles/Plantilla-final.dir/Drivers/STM32L4xx_HAL_Driver/Src/stm32l4xx_hal_i2c.c.obj
                0x08001414                HAL_I2C_AbortCpltCallback
 .text.I2C_Slave_ISR_IT
                0x08001428      0x1f2 CMakeFiles/Plantilla-final.dir/Drivers/STM32L4xx_HAL_Driver/Src/stm32l4xx_hal_i2c.c.obj
 .text.I2C_ITAddrCplt
                0x0800161a      0x108 CMakeFiles/Plantilla-final.dir/Drivers/STM32L4xx_HAL_Driver/Src/stm32l4xx_hal_i2c.c.obj
 .text.I2C_ITSlaveSeqCplt
                0x08001722       0xb8 CMakeFiles/Plantilla-final.dir/Drivers/STM32L4xx_HAL_Driver/Src/stm32l4xx_hal_i2c.c.obj
 *fill*         0x080017da        0x2 
 .text.I2C_ITSlaveCplt
                0x080017dc      0x2c8 CMakeFiles/Plantilla-final.dir/Drivers/STM32L4xx_HAL_Driver/Src/stm32l4xx_hal_i2c.c.obj
 .text.I2C_ITListenCplt
                0x08001aa4       0xa8 CMakeFiles/Plantilla-final.dir/Drivers/STM32L4xx_HAL_Driver/Src/stm32l4xx_hal_i2c.c.obj
 .text.I2C_ITError
                0x08001b4c      0x1e0 CMakeFiles/Plantilla-final.dir/Drivers/STM32L4xx_HAL_Driver/Src/stm32l4xx_hal_i2c.c.obj
 .text.I2C_TreatErrorCallback
                0x08001d2c       0x4e CMakeFiles/Plantilla-final.dir/Drivers/STM32L4xx_HAL_Driver/Src/stm32l4xx_hal_i2c.c.obj
 .text.I2C_Flush_TXDR
                0x08001d7a       0x48 CMakeFiles/Plantilla-final.dir/Drivers/STM32L4xx_HAL_Driver/Src/stm32l4xx_hal_i2c.c.obj
 .text.I2C_DMAAbort
                0x08001dc2       0x3c CMakeFiles/Plantilla-final.dir/Drivers/STM32L4xx_HAL_Driver/Src/stm32l4xx_hal_i2c.c.obj
 .text.I2C_Disable_IRQ
                0x08001dfe       0xbc CMakeFiles/Plantilla-final.dir/Drivers/STM32L4xx_HAL_Driver/Src/stm32l4xx_hal_i2c.c.obj
 .text.HAL_I2CEx_ConfigAnalogFilter
                0x08001eba       0x96 CMakeFiles/Plantilla-final.dir/Drivers/STM32L4xx_HAL_Driver/Src/stm32l4xx_hal_i2c_ex.c.obj
                0x08001eba                HAL_I2CEx_ConfigAnalogFilter
 .text.HAL_I2CEx_ConfigDigitalFilter
                0x08001f50       0x98 CMakeFiles/Plantilla-final.dir/Drivers/STM32L4xx_HAL_Driver/Src/stm32l4xx_hal_i2c_ex.c.obj
                0x08001f50                HAL_I2CEx_ConfigDigitalFilter
 .text.HAL_Init
                0x08001fe8       0x40 CMakeFiles/Plantilla-final.dir/Drivers/STM32L4xx_HAL_Driver/Src/stm32l4xx_hal.c.obj
                0x08001fe8                HAL_Init
 .text.HAL_InitTick
                0x08002028       0x78 CMakeFiles/Plantilla-final.dir/Drivers/STM32L4xx_HAL_Driver/Src/stm32l4xx_hal.c.obj
                0x08002028                HAL_InitTick
 .text.HAL_IncTick
                0x080020a0       0x28 CMakeFiles/Plantilla-final.dir/Drivers/STM32L4xx_HAL_Driver/Src/stm32l4xx_hal.c.obj
                0x080020a0                HAL_IncTick
 .text.HAL_GetTick
                0x080020c8       0x18 CMakeFiles/Plantilla-final.dir/Drivers/STM32L4xx_HAL_Driver/Src/stm32l4xx_hal.c.obj
                0x080020c8                HAL_GetTick
 .text.HAL_RCC_OscConfig
                0x080020e0      0x7b8 CMakeFiles/Plantilla-final.dir/Drivers/STM32L4xx_HAL_Driver/Src/stm32l4xx_hal_rcc.c.obj
                0x080020e0                HAL_RCC_OscConfig
 .text.HAL_RCC_ClockConfig
                0x08002898      0x200 CMakeFiles/Plantilla-final.dir/Drivers/STM32L4xx_HAL_Driver/Src/stm32l4xx_hal_rcc.c.obj
                0x08002898                HAL_RCC_ClockConfig
 .text.HAL_RCC_GetSysClockFreq
                0x08002a98      0x118 CMakeFiles/Plantilla-final.dir/Drivers/STM32L4xx_HAL_Driver/Src/stm32l4xx_hal_rcc.c.obj
                0x08002a98                HAL_RCC_GetSysClockFreq
 .text.HAL_RCC_GetHCLKFreq
                0x08002bb0       0x18 CMakeFiles/Plantilla-final.dir/Drivers/STM32L4xx_HAL_Driver/Src/stm32l4xx_hal_rcc.c.obj
                0x08002bb0                HAL_RCC_GetHCLKFreq
 .text.HAL_RCC_GetPCLK1Freq
                0x08002bc8       0x2c CMakeFiles/Plantilla-final.dir/Drivers/STM32L4xx_HAL_Driver/Src/stm32l4xx_hal_rcc.c.obj
                0x08002bc8                HAL_RCC_GetPCLK1Freq
 .text.HAL_RCC_GetPCLK2Freq
                0x08002bf4       0x2c CMakeFiles/Plantilla-final.dir/Drivers/STM32L4xx_HAL_Driver/Src/stm32l4xx_hal_rcc.c.obj
                0x08002bf4                HAL_RCC_GetPCLK2Freq
 .text.RCC_SetFlashLatencyFromMSIRange
                0x08002c20       0xc0 CMakeFiles/Plantilla-final.dir/Drivers/STM32L4xx_HAL_Driver/Src/stm32l4xx_hal_rcc.c.obj
 .text.HAL_RCCEx_PeriphCLKConfig
                0x08002ce0      0x5d4 CMakeFiles/Plantilla-final.dir/Drivers/STM32L4xx_HAL_Driver/Src/stm32l4xx_hal_rcc_ex.c.obj
                0x08002ce0                HAL_RCCEx_PeriphCLKConfig
 .text.RCCEx_PLLSAI1_Config
                0x080032b4      0x1e8 CMakeFiles/Plantilla-final.dir/Drivers/STM32L4xx_HAL_Driver/Src/stm32l4xx_hal_rcc_ex.c.obj
 .text.RCCEx_PLLSAI2_Config
                0x0800349c      0x1bc CMakeFiles/Plantilla-final.dir/Drivers/STM32L4xx_HAL_Driver/Src/stm32l4xx_hal_rcc_ex.c.obj
 .text.HAL_GPIO_Init
                0x08003658      0x354 CMakeFiles/Plantilla-final.dir/Drivers/STM32L4xx_HAL_Driver/Src/stm32l4xx_hal_gpio.c.obj
                0x08003658                HAL_GPIO_Init
 .text.HAL_GPIO_ReadPin
                0x080039ac       0x30 CMakeFiles/Plantilla-final.dir/Drivers/STM32L4xx_HAL_Driver/Src/stm32l4xx_hal_gpio.c.obj
                0x080039ac                HAL_GPIO_ReadPin
 .text.HAL_GPIO_WritePin
                0x080039dc       0x30 CMakeFiles/Plantilla-final.dir/Drivers/STM32L4xx_HAL_Driver/Src/stm32l4xx_hal_gpio.c.obj
                0x080039dc                HAL_GPIO_WritePin
 .text.HAL_GPIO_EXTI_IRQHandler
                0x08003a0c       0x30 CMakeFiles/Plantilla-final.dir/Drivers/STM32L4xx_HAL_Driver/Src/stm32l4xx_hal_gpio.c.obj
                0x08003a0c                HAL_GPIO_EXTI_IRQHandler
 .text.HAL_DMA_Abort
                0x08003a3c       0x7c CMakeFiles/Plantilla-final.dir/Drivers/STM32L4xx_HAL_Driver/Src/stm32l4xx_hal_dma.c.obj
                0x08003a3c                HAL_DMA_Abort
 .text.HAL_DMA_Abort_IT
                0x08003ab8       0x82 CMakeFiles/Plantilla-final.dir/Drivers/STM32L4xx_HAL_Driver/Src/stm32l4xx_hal_dma.c.obj
                0x08003ab8                HAL_DMA_Abort_IT
 .text.HAL_DMA_GetState
                0x08003b3a       0x1c CMakeFiles/Plantilla-final.dir/Drivers/STM32L4xx_HAL_Driver/Src/stm32l4xx_hal_dma.c.obj
                0x08003b3a                HAL_DMA_GetState
 *fill*         0x08003b56        0x2 
 .text.HAL_PWREx_GetVoltageRange
                0x08003b58       0x1c CMakeFiles/Plantilla-final.dir/Drivers/STM32L4xx_HAL_Driver/Src/stm32l4xx_hal_pwr_ex.c.obj
                0x08003b58                HAL_PWREx_GetVoltageRange
 .text.HAL_PWREx_ControlVoltageScaling
                0x08003b74       0xac CMakeFiles/Plantilla-final.dir/Drivers/STM32L4xx_HAL_Driver/Src/stm32l4xx_hal_pwr_ex.c.obj
                0x08003b74                HAL_PWREx_ControlVoltageScaling
 .text.__NVIC_SetPriorityGrouping
                0x08003c20       0x48 CMakeFiles/Plantilla-final.dir/Drivers/STM32L4xx_HAL_Driver/Src/stm32l4xx_hal_cortex.c.obj
 .text.__NVIC_GetPriorityGrouping
                0x08003c68       0x1c CMakeFiles/Plantilla-final.dir/Drivers/STM32L4xx_HAL_Driver/Src/stm32l4xx_hal_cortex.c.obj
 .text.__NVIC_EnableIRQ
                0x08003c84       0x3c CMakeFiles/Plantilla-final.dir/Drivers/STM32L4xx_HAL_Driver/Src/stm32l4xx_hal_cortex.c.obj
 .text.__NVIC_SetPriority
                0x08003cc0       0x54 CMakeFiles/Plantilla-final.dir/Drivers/STM32L4xx_HAL_Driver/Src/stm32l4xx_hal_cortex.c.obj
 .text.NVIC_EncodePriority
                0x08003d14       0x66 CMakeFiles/Plantilla-final.dir/Drivers/STM32L4xx_HAL_Driver/Src/stm32l4xx_hal_cortex.c.obj
 *fill*         0x08003d7a        0x2 
 .text.SysTick_Config
                0x08003d7c       0x44 CMakeFiles/Plantilla-final.dir/Drivers/STM32L4xx_HAL_Driver/Src/stm32l4xx_hal_cortex.c.obj
 .text.HAL_NVIC_SetPriorityGrouping
                0x08003dc0       0x16 CMakeFiles/Plantilla-final.dir/Drivers/STM32L4xx_HAL_Driver/Src/stm32l4xx_hal_cortex.c.obj
                0x08003dc0                HAL_NVIC_SetPriorityGrouping
 .text.HAL_NVIC_SetPriority
                0x08003dd6       0x38 CMakeFiles/Plantilla-final.dir/Drivers/STM32L4xx_HAL_Driver/Src/stm32l4xx_hal_cortex.c.obj
                0x08003dd6                HAL_NVIC_SetPriority
 .text.HAL_NVIC_EnableIRQ
                0x08003e0e       0x1c CMakeFiles/Plantilla-final.dir/Drivers/STM32L4xx_HAL_Driver/Src/stm32l4xx_hal_cortex.c.obj
                0x08003e0e                HAL_NVIC_EnableIRQ
 .text.HAL_SYSTICK_Config
                0x08003e2a       0x18 CMakeFiles/Plantilla-final.dir/Drivers/STM32L4xx_HAL_Driver/Src/stm32l4xx_hal_cortex.c.obj
                0x08003e2a                HAL_SYSTICK_Config
 .text.HAL_UART_Init
                0x08003e42       0x9c CMakeFiles/Plantilla-final.dir/Drivers/STM32L4xx_HAL_Driver/Src/stm32l4xx_hal_uart.c.obj
                0x08003e42                HAL_UART_Init
 .text.HAL_UART_Transmit
                0x08003ede      0x112 CMakeFiles/Plantilla-final.dir/Drivers/STM32L4xx_HAL_Driver/Src/stm32l4xx_hal_uart.c.obj
                0x08003ede                HAL_UART_Transmit
 .text.HAL_UART_Receive_IT
                0x08003ff0       0x98 CMakeFiles/Plantilla-final.dir/Drivers/STM32L4xx_HAL_Driver/Src/stm32l4xx_hal_uart.c.obj
                0x08003ff0                HAL_UART_Receive_IT
 .text.HAL_UART_IRQHandler
                0x08004088      0x60c CMakeFiles/Plantilla-final.dir/Drivers/STM32L4xx_HAL_Driver/Src/stm32l4xx_hal_uart.c.obj
                0x08004088                HAL_UART_IRQHandler
 .text.HAL_UART_TxCpltCallback
                0x08004694       0x14 CMakeFiles/Plantilla-final.dir/Drivers/STM32L4xx_HAL_Driver/Src/stm32l4xx_hal_uart.c.obj
                0x08004694                HAL_UART_TxCpltCallback
 .text.HAL_UART_ErrorCallback
                0x080046a8       0x14 CMakeFiles/Plantilla-final.dir/Drivers/STM32L4xx_HAL_Driver/Src/stm32l4xx_hal_uart.c.obj
                0x080046a8                HAL_UART_ErrorCallback
 .text.HAL_UARTEx_RxEventCallback
                0x080046bc       0x18 CMakeFiles/Plantilla-final.dir/Drivers/STM32L4xx_HAL_Driver/Src/stm32l4xx_hal_uart.c.obj
                0x080046bc                HAL_UARTEx_RxEventCallback
 .text.UART_SetConfig
                0x080046d4      0x570 CMakeFiles/Plantilla-final.dir/Drivers/STM32L4xx_HAL_Driver/Src/stm32l4xx_hal_uart.c.obj
                0x080046d4                UART_SetConfig
 .text.UART_AdvFeatureConfig
                0x08004c44      0x144 CMakeFiles/Plantilla-final.dir/Drivers/STM32L4xx_HAL_Driver/Src/stm32l4xx_hal_uart.c.obj
                0x08004c44                UART_AdvFeatureConfig
 .text.UART_CheckIdleState
                0x08004d88      0x150 CMakeFiles/Plantilla-final.dir/Drivers/STM32L4xx_HAL_Driver/Src/stm32l4xx_hal_uart.c.obj
                0x08004d88                UART_CheckIdleState
 .text.UART_WaitOnFlagUntilTimeout
                0x08004ed8       0xda CMakeFiles/Plantilla-final.dir/Drivers/STM32L4xx_HAL_Driver/Src/stm32l4xx_hal_uart.c.obj
                0x08004ed8                UART_WaitOnFlagUntilTimeout
 *fill*         0x08004fb2        0x2 
 .text.UART_Start_Receive_IT
                0x08004fb4      0x18c CMakeFiles/Plantilla-final.dir/Drivers/STM32L4xx_HAL_Driver/Src/stm32l4xx_hal_uart.c.obj
                0x08004fb4                UART_Start_Receive_IT
 .text.UART_EndRxTransfer
                0x08005140       0xc8 CMakeFiles/Plantilla-final.dir/Drivers/STM32L4xx_HAL_Driver/Src/stm32l4xx_hal_uart.c.obj
 .text.UART_DMAAbortOnError
                0x08005208       0x2c CMakeFiles/Plantilla-final.dir/Drivers/STM32L4xx_HAL_Driver/Src/stm32l4xx_hal_uart.c.obj
 .text.UART_EndTransmit_IT
                0x08005234       0x54 CMakeFiles/Plantilla-final.dir/Drivers/STM32L4xx_HAL_Driver/Src/stm32l4xx_hal_uart.c.obj
 .text.UART_RxISR_8BIT
                0x08005288      0x1bc CMakeFiles/Plantilla-final.dir/Drivers/STM32L4xx_HAL_Driver/Src/stm32l4xx_hal_uart.c.obj
 .text.UART_RxISR_16BIT
                0x08005444      0x1bc CMakeFiles/Plantilla-final.dir/Drivers/STM32L4xx_HAL_Driver/Src/stm32l4xx_hal_uart.c.obj
 .text.HAL_UARTEx_WakeupCallback
                0x08005600       0x14 CMakeFiles/Plantilla-final.dir/Drivers/STM32L4xx_HAL_Driver/Src/stm32l4xx_hal_uart_ex.c.obj
                0x08005600                HAL_UARTEx_WakeupCallback
 .text.SystemInit
                0x08005614       0x24 CMakeFiles/Plantilla-final.dir/Core/Src/system_stm32l4xx.c.obj
                0x08005614                SystemInit
 .text.Reset_Handler
                0x08005638       0x50 CMakeFiles/Plantilla-final.dir/startup_stm32l476xx.s.obj
                0x08005638                Reset_Handler
 .text.Default_Handler
                0x08005688        0x2 CMakeFiles/Plantilla-final.dir/startup_stm32l476xx.s.obj
                0x08005688                RTC_Alarm_IRQHandler
                0x08005688                EXTI2_IRQHandler
                0x08005688                TIM8_TRG_COM_IRQHandler
                0x08005688                TIM8_CC_IRQHandler
                0x08005688                TIM1_CC_IRQHandler
                0x08005688                TSC_IRQHandler
                0x08005688                TAMP_STAMP_IRQHandler
                0x08005688                EXTI3_IRQHandler
                0x08005688                LPTIM2_IRQHandler
                0x08005688                DFSDM1_FLT1_IRQHandler
                0x08005688                I2C3_ER_IRQHandler
                0x08005688                DFSDM1_FLT2_IRQHandler
                0x08005688                EXTI0_IRQHandler
                0x08005688                I2C2_EV_IRQHandler
                0x08005688                CAN1_RX0_IRQHandler
                0x08005688                FPU_IRQHandler
                0x08005688                TIM1_UP_TIM16_IRQHandler
                0x08005688                ADC1_2_IRQHandler
                0x08005688                SPI1_IRQHandler
                0x08005688                TIM6_DAC_IRQHandler
                0x08005688                TIM8_UP_IRQHandler
                0x08005688                DMA2_Channel2_IRQHandler
                0x08005688                DMA1_Channel4_IRQHandler
                0x08005688                SAI2_IRQHandler
                0x08005688                DFSDM1_FLT3_IRQHandler
                0x08005688                DMA1_Channel7_IRQHandler
                0x08005688                CAN1_RX1_IRQHandler
                0x08005688                LCD_IRQHandler
                0x08005688                UART5_IRQHandler
                0x08005688                ADC3_IRQHandler
                0x08005688                TIM4_IRQHandler
                0x08005688                DMA2_Channel1_IRQHandler
                0x08005688                QUADSPI_IRQHandler
                0x08005688                DMA1_Channel6_IRQHandler
                0x08005688                UART4_IRQHandler
                0x08005688                DMA2_Channel4_IRQHandler
                0x08005688                TIM3_IRQHandler
                0x08005688                DMA1_Channel1_IRQHandler
                0x08005688                Default_Handler
                0x08005688                DMA2_Channel7_IRQHandler
                0x08005688                TIM7_IRQHandler
                0x08005688                SDMMC1_IRQHandler
                0x08005688                TIM5_IRQHandler
                0x08005688                I2C3_EV_IRQHandler
                0x08005688                RTC_WKUP_IRQHandler
                0x08005688                PVD_PVM_IRQHandler
                0x08005688                SPI2_IRQHandler
                0x08005688                CAN1_TX_IRQHandler
                0x08005688                DMA2_Channel5_IRQHandler
                0x08005688                DMA1_Channel5_IRQHandler
                0x08005688                EXTI4_IRQHandler
                0x08005688                RNG_IRQHandler
                0x08005688                TIM1_TRG_COM_TIM17_IRQHandler
                0x08005688                DMA1_Channel3_IRQHandler
                0x08005688                COMP_IRQHandler
                0x08005688                WWDG_IRQHandler
                0x08005688                LPUART1_IRQHandler
                0x08005688                DMA2_Channel6_IRQHandler
                0x08005688                TIM2_IRQHandler
                0x08005688                EXTI1_IRQHandler
                0x08005688                DFSDM1_FLT0_IRQHandler
                0x08005688                I2C2_ER_IRQHandler
                0x08005688                DMA1_Channel2_IRQHandler
                0x08005688                TIM8_BRK_IRQHandler
                0x08005688                CAN1_SCE_IRQHandler
                0x08005688                FLASH_IRQHandler
                0x08005688                USART1_IRQHandler
                0x08005688                OTG_FS_IRQHandler
                0x08005688                SPI3_IRQHandler
                0x08005688                FMC_IRQHandler
                0x08005688                SWPMI1_IRQHandler
                0x08005688                LPTIM1_IRQHandler
                0x08005688                SAI1_IRQHandler
                0x08005688                DMA2_Channel3_IRQHandler
                0x08005688                TIM1_BRK_TIM15_IRQHandler
 *(.glue_7)
 .glue_7        0x0800568a        0x0 linker stubs
 *(.glue_7t)
 .glue_7t       0x0800568a        0x0 linker stubs
 *(.eh_frame)
 *fill*         0x0800568a        0x2 
 .eh_frame      0x0800568c        0x0 C:/ST/STM32CubeCLT_1.17.0/GNU-tools-for-STM32/bin/../lib/gcc/arm-none-eabi/12.3.1/thumb/v7e-m+fp/hard/crtbegin.o
 *(.init)
 .init          0x0800568c        0x4 C:/ST/STM32CubeCLT_1.17.0/GNU-tools-for-STM32/bin/../lib/gcc/arm-none-eabi/12.3.1/thumb/v7e-m+fp/hard/crti.o
                0x0800568c                _init
 .init          0x08005690        0x8 C:/ST/STM32CubeCLT_1.17.0/GNU-tools-for-STM32/bin/../lib/gcc/arm-none-eabi/12.3.1/thumb/v7e-m+fp/hard/crtn.o
 *(.fini)
 .fini          0x08005698        0x4 C:/ST/STM32CubeCLT_1.17.0/GNU-tools-for-STM32/bin/../lib/gcc/arm-none-eabi/12.3.1/thumb/v7e-m+fp/hard/crti.o
                0x08005698                _fini
 .fini          0x0800569c        0x8 C:/ST/STM32CubeCLT_1.17.0/GNU-tools-for-STM32/bin/../lib/gcc/arm-none-eabi/12.3.1/thumb/v7e-m+fp/hard/crtn.o
                0x080056a8                        . = ALIGN (0x8)
 *fill*         0x080056a4        0x4 
                0x080056a8                        _etext = .

.vfp11_veneer   0x080056a8        0x0
 .vfp11_veneer  0x080056a8        0x0 linker stubs

.v4_bx          0x080056a8        0x0
 .v4_bx         0x080056a8        0x0 linker stubs

.iplt           0x080056a8        0x0
 .iplt          0x080056a8        0x0 C:/ST/STM32CubeCLT_1.17.0/GNU-tools-for-STM32/bin/../lib/gcc/arm-none-eabi/12.3.1/thumb/v7e-m+fp/hard/crtbegin.o

.rodata         0x080056a8       0xb8
                0x080056a8                        . = ALIGN (0x8)
 *(.rodata)
 .rodata        0x080056a8       0x20 CMakeFiles/Plantilla-final.dir/Drivers/keypad/keypad.c.obj
 .rodata        0x080056c8        0x7 CMakeFiles/Plantilla-final.dir/Core/Src/ring_buffer.c.obj
 *fill*         0x080056cf        0x1 
 .rodata        0x080056d0       0x32 CMakeFiles/Plantilla-final.dir/Core/Src/main.c.obj
 *(.rodata*)
 *fill*         0x08005702        0x2 
 .rodata.keypad_map
                0x08005704       0x10 CMakeFiles/Plantilla-final.dir/Drivers/keypad/keypad.c.obj
                0x08005704                keypad_map
 .rodata.AHBPrescTable
                0x08005714       0x10 CMakeFiles/Plantilla-final.dir/Core/Src/system_stm32l4xx.c.obj
                0x08005714                AHBPrescTable
 .rodata.APBPrescTable
                0x08005724        0x8 CMakeFiles/Plantilla-final.dir/Core/Src/system_stm32l4xx.c.obj
                0x08005724                APBPrescTable
 .rodata.MSIRangeTable
                0x0800572c       0x30 CMakeFiles/Plantilla-final.dir/Core/Src/system_stm32l4xx.c.obj
                0x0800572c                MSIRangeTable
                0x08005760                        . = ALIGN (0x8)
 *fill*         0x0800575c        0x4 

.ARM.extab      0x08005760        0x0
                0x08005760                        . = ALIGN (0x8)
 *(.ARM.extab* .gnu.linkonce.armextab.*)
                0x08005760                        . = ALIGN (0x8)

.ARM            0x08005760        0x8
                0x08005760                        . = ALIGN (0x8)
                0x08005760                        __exidx_start = .
 *(.ARM.exidx*)
 .ARM.exidx     0x08005760        0x8 C:/ST/STM32CubeCLT_1.17.0/GNU-tools-for-STM32/bin/../lib/gcc/arm-none-eabi/12.3.1/thumb/v7e-m+fp/hard\libgcc.a(_udivmoddi4.o)
                0x08005768                        __exidx_end = .
                0x08005768                        . = ALIGN (0x8)

.rel.dyn        0x08005768        0x0
 .rel.iplt      0x08005768        0x0 C:/ST/STM32CubeCLT_1.17.0/GNU-tools-for-STM32/bin/../lib/gcc/arm-none-eabi/12.3.1/thumb/v7e-m+fp/hard/crtbegin.o

.preinit_array  0x08005768        0x0
                0x08005768                        . = ALIGN (0x8)
                0x08005768                        PROVIDE (__preinit_array_start = .)
 *(.preinit_array*)
                0x08005768                        PROVIDE (__preinit_array_end = .)
                0x08005768                        . = ALIGN (0x8)

.init_array     0x08005768        0x8
                0x08005768                        . = ALIGN (0x8)
                0x08005768                        PROVIDE (__init_array_start = .)
 *(SORT_BY_NAME(.init_array.*))
 *(.init_array*)
 .init_array    0x08005768        0x4 C:/ST/STM32CubeCLT_1.17.0/GNU-tools-for-STM32/bin/../lib/gcc/arm-none-eabi/12.3.1/thumb/v7e-m+fp/hard/crtbegin.o
                0x0800576c                        PROVIDE (__init_array_end = .)
                0x08005770                        . = ALIGN (0x8)
 *fill*         0x0800576c        0x4 

.fini_array     0x08005770        0x8
                0x08005770                        . = ALIGN (0x8)
                [!provide]                        PROVIDE (__fini_array_start = .)
 *(SORT_BY_NAME(.fini_array.*))
 *(.fini_array*)
 .fini_array    0x08005770        0x4 C:/ST/STM32CubeCLT_1.17.0/GNU-tools-for-STM32/bin/../lib/gcc/arm-none-eabi/12.3.1/thumb/v7e-m+fp/hard/crtbegin.o
                [!provide]                        PROVIDE (__fini_array_end = .)
                0x08005778                        . = ALIGN (0x8)
 *fill*         0x08005774        0x4 
                0x08005778                        _sidata = LOADADDR (.data)

.data           0x20000000       0x10 load address 0x08005778
                0x20000000                        . = ALIGN (0x8)
                0x20000000                        _sdata = .
 *(.data)
 *(.data*)
 .data.uwTickPrio
                0x20000000        0x4 CMakeFiles/Plantilla-final.dir/Drivers/STM32L4xx_HAL_Driver/Src/stm32l4xx_hal.c.obj
                0x20000000                uwTickPrio
 .data.uwTickFreq
                0x20000004        0x1 CMakeFiles/Plantilla-final.dir/Drivers/STM32L4xx_HAL_Driver/Src/stm32l4xx_hal.c.obj
                0x20000004                uwTickFreq
 *fill*         0x20000005        0x3 
 .data.SystemCoreClock
                0x20000008        0x4 CMakeFiles/Plantilla-final.dir/Core/Src/system_stm32l4xx.c.obj
                0x20000008                SystemCoreClock
                0x20000010                        . = ALIGN (0x8)
 *fill*         0x2000000c        0x4 
                0x20000010                        _edata = .

.igot.plt       0x20000010        0x0 load address 0x08005788
 .igot.plt      0x20000010        0x0 C:/ST/STM32CubeCLT_1.17.0/GNU-tools-for-STM32/bin/../lib/gcc/arm-none-eabi/12.3.1/thumb/v7e-m+fp/hard/crtbegin.o
                0x20000010                        . = ALIGN (0x4)

.bss            0x20000010      0x1bc load address 0x08005788
                0x20000010                        _sbss = .
                0x20000010                        __bss_start__ = _sbss
 *(.bss)
 .bss           0x20000010       0x1c C:/ST/STM32CubeCLT_1.17.0/GNU-tools-for-STM32/bin/../lib/gcc/arm-none-eabi/12.3.1/thumb/v7e-m+fp/hard/crtbegin.o
 *(.bss*)
 .bss.key_pressed_tick
                0x2000002c        0x4 CMakeFiles/Plantilla-final.dir/Drivers/keypad/keypad.c.obj
                0x2000002c                key_pressed_tick
 .bss.column_pressed
                0x20000030        0x2 CMakeFiles/Plantilla-final.dir/Drivers/keypad/keypad.c.obj
                0x20000030                column_pressed
 *fill*         0x20000032        0x2 
 .bss.debounce_tick
                0x20000034        0x4 CMakeFiles/Plantilla-final.dir/Drivers/keypad/keypad.c.obj
                0x20000034                debounce_tick
 .bss.hi2c1     0x20000038       0x54 CMakeFiles/Plantilla-final.dir/Core/Src/main.c.obj
                0x20000038                hi2c1
 .bss.huart2    0x2000008c       0x88 CMakeFiles/Plantilla-final.dir/Core/Src/main.c.obj
                0x2000008c                huart2
 .bss.huart3    0x20000114       0x88 CMakeFiles/Plantilla-final.dir/Core/Src/main.c.obj
                0x20000114                huart3
 .bss.rb        0x2000019c        0x8 CMakeFiles/Plantilla-final.dir/Core/Src/main.c.obj
                0x2000019c                rb
 .bss.buffer_memory
                0x200001a4       0x20 CMakeFiles/Plantilla-final.dir/Core/Src/main.c.obj
                0x200001a4                buffer_memory
 .bss.rx_data   0x200001c4        0x1 CMakeFiles/Plantilla-final.dir/Core/Src/main.c.obj
                0x200001c4                rx_data
 *fill*         0x200001c5        0x3 
 .bss.uwTick    0x200001c8        0x4 CMakeFiles/Plantilla-final.dir/Drivers/STM32L4xx_HAL_Driver/Src/stm32l4xx_hal.c.obj
                0x200001c8                uwTick
 *(COMMON)
                0x200001cc                        . = ALIGN (0x4)
                0x200001cc                        _ebss = .
                0x200001cc                        __bss_end__ = _ebss

._user_heap_stack
                0x200001cc      0x604 load address 0x08005788
                0x200001d0                        . = ALIGN (0x8)
 *fill*         0x200001cc        0x4 
                [!provide]                        PROVIDE (end = .)
                0x200001d0                        PROVIDE (_end = .)
                0x200003d0                        . = (. + _Min_Heap_Size)
 *fill*         0x200001d0      0x200 
                0x200007d0                        . = (. + _Min_Stack_Size)
 *fill*         0x200003d0      0x400 
                0x200007d0                        . = ALIGN (0x8)

/DISCARD/
 libc.a(*)
 libm.a(*)
 libgcc.a(*)
OUTPUT(Plantilla-final.elf elf32-littlearm)
LOAD linker stubs
LOAD C:/ST/STM32CubeCLT_1.17.0/GNU-tools-for-STM32/bin/../lib/gcc/arm-none-eabi/12.3.1/../../../../arm-none-eabi/lib/thumb/v7e-m+fp/hard\libc.a
LOAD C:/ST/STM32CubeCLT_1.17.0/GNU-tools-for-STM32/bin/../lib/gcc/arm-none-eabi/12.3.1/../../../../arm-none-eabi/lib/thumb/v7e-m+fp/hard\libm.a
LOAD C:/ST/STM32CubeCLT_1.17.0/GNU-tools-for-STM32/bin/../lib/gcc/arm-none-eabi/12.3.1/thumb/v7e-m+fp/hard\libgcc.a

.ARM.attributes
                0x00000000       0x30
 .ARM.attributes
                0x00000000       0x22 C:/ST/STM32CubeCLT_1.17.0/GNU-tools-for-STM32/bin/../lib/gcc/arm-none-eabi/12.3.1/thumb/v7e-m+fp/hard/crti.o
 .ARM.attributes
                0x00000022       0x34 C:/ST/STM32CubeCLT_1.17.0/GNU-tools-for-STM32/bin/../lib/gcc/arm-none-eabi/12.3.1/thumb/v7e-m+fp/hard/crtbegin.o
 .ARM.attributes
                0x00000056       0x34 C:/ST/STM32CubeCLT_1.17.0/GNU-tools-for-STM32/bin/../lib/gcc/arm-none-eabi/12.3.1/../../../../arm-none-eabi/lib/thumb/v7e-m+fp/hard\libc_nano.a(libc_a-memset.o)
 .ARM.attributes
                0x0000008a       0x34 C:/ST/STM32CubeCLT_1.17.0/GNU-tools-for-STM32/bin/../lib/gcc/arm-none-eabi/12.3.1/../../../../arm-none-eabi/lib/thumb/v7e-m+fp/hard\libc_nano.a(libc_a-init.o)
 .ARM.attributes
                0x000000be       0x34 CMakeFiles/Plantilla-final.dir/Drivers/keypad/keypad.c.obj
 .ARM.attributes
                0x000000f2       0x34 CMakeFiles/Plantilla-final.dir/Core/Src/ring_buffer.c.obj
 .ARM.attributes
                0x00000126       0x34 CMakeFiles/Plantilla-final.dir/Core/Src/main.c.obj
 .ARM.attributes
                0x0000015a       0x34 CMakeFiles/Plantilla-final.dir/Core/Src/stm32l4xx_it.c.obj
 .ARM.attributes
                0x0000018e       0x34 CMakeFiles/Plantilla-final.dir/Core/Src/stm32l4xx_hal_msp.c.obj
 .ARM.attributes
                0x000001c2       0x34 CMakeFiles/Plantilla-final.dir/Drivers/STM32L4xx_HAL_Driver/Src/stm32l4xx_hal_i2c.c.obj
 .ARM.attributes
                0x000001f6       0x34 CMakeFiles/Plantilla-final.dir/Drivers/STM32L4xx_HAL_Driver/Src/stm32l4xx_hal_i2c_ex.c.obj
 .ARM.attributes
                0x0000022a       0x34 CMakeFiles/Plantilla-final.dir/Drivers/STM32L4xx_HAL_Driver/Src/stm32l4xx_hal.c.obj
 .ARM.attributes
                0x0000025e       0x34 CMakeFiles/Plantilla-final.dir/Drivers/STM32L4xx_HAL_Driver/Src/stm32l4xx_hal_rcc.c.obj
 .ARM.attributes
                0x00000292       0x34 CMakeFiles/Plantilla-final.dir/Drivers/STM32L4xx_HAL_Driver/Src/stm32l4xx_hal_rcc_ex.c.obj
 .ARM.attributes
                0x000002c6       0x34 CMakeFiles/Plantilla-final.dir/Drivers/STM32L4xx_HAL_Driver/Src/stm32l4xx_hal_gpio.c.obj
 .ARM.attributes
                0x000002fa       0x34 CMakeFiles/Plantilla-final.dir/Drivers/STM32L4xx_HAL_Driver/Src/stm32l4xx_hal_dma.c.obj
 .ARM.attributes
                0x0000032e       0x34 CMakeFiles/Plantilla-final.dir/Drivers/STM32L4xx_HAL_Driver/Src/stm32l4xx_hal_pwr_ex.c.obj
 .ARM.attributes
                0x00000362       0x34 CMakeFiles/Plantilla-final.dir/Drivers/STM32L4xx_HAL_Driver/Src/stm32l4xx_hal_cortex.c.obj
 .ARM.attributes
                0x00000396       0x34 CMakeFiles/Plantilla-final.dir/Drivers/STM32L4xx_HAL_Driver/Src/stm32l4xx_hal_uart.c.obj
 .ARM.attributes
                0x000003ca       0x34 CMakeFiles/Plantilla-final.dir/Drivers/STM32L4xx_HAL_Driver/Src/stm32l4xx_hal_uart_ex.c.obj
 .ARM.attributes
                0x000003fe       0x34 CMakeFiles/Plantilla-final.dir/Core/Src/system_stm32l4xx.c.obj
 .ARM.attributes
                0x00000432       0x21 CMakeFiles/Plantilla-final.dir/startup_stm32l476xx.s.obj
 .ARM.attributes
                0x00000453       0x22 C:/ST/STM32CubeCLT_1.17.0/GNU-tools-for-STM32/bin/../lib/gcc/arm-none-eabi/12.3.1/thumb/v7e-m+fp/hard\libgcc.a(_aeabi_uldivmod.o)
 .ARM.attributes
                0x00000475       0x34 C:/ST/STM32CubeCLT_1.17.0/GNU-tools-for-STM32/bin/../lib/gcc/arm-none-eabi/12.3.1/thumb/v7e-m+fp/hard\libgcc.a(_udivmoddi4.o)
 .ARM.attributes
                0x000004a9       0x22 C:/ST/STM32CubeCLT_1.17.0/GNU-tools-for-STM32/bin/../lib/gcc/arm-none-eabi/12.3.1/thumb/v7e-m+fp/hard\libgcc.a(_dvmd_tls.o)
 .ARM.attributes
                0x000004cb       0x22 C:/ST/STM32CubeCLT_1.17.0/GNU-tools-for-STM32/bin/../lib/gcc/arm-none-eabi/12.3.1/thumb/v7e-m+fp/hard/crtn.o

.comment        0x00000000       0x43
 .comment       0x00000000       0x43 CMakeFiles/Plantilla-final.dir/Drivers/keypad/keypad.c.obj
                                 0x44 (size before relaxing)
 .comment       0x00000043       0x44 CMakeFiles/Plantilla-final.dir/Core/Src/ring_buffer.c.obj
 .comment       0x00000043       0x44 CMakeFiles/Plantilla-final.dir/Core/Src/main.c.obj
 .comment       0x00000043       0x44 CMakeFiles/Plantilla-final.dir/Core/Src/stm32l4xx_it.c.obj
 .comment       0x00000043       0x44 CMakeFiles/Plantilla-final.dir/Core/Src/stm32l4xx_hal_msp.c.obj
 .comment       0x00000043       0x44 CMakeFiles/Plantilla-final.dir/Drivers/STM32L4xx_HAL_Driver/Src/stm32l4xx_hal_i2c.c.obj
 .comment       0x00000043       0x44 CMakeFiles/Plantilla-final.dir/Drivers/STM32L4xx_HAL_Driver/Src/stm32l4xx_hal_i2c_ex.c.obj
 .comment       0x00000043       0x44 CMakeFiles/Plantilla-final.dir/Drivers/STM32L4xx_HAL_Driver/Src/stm32l4xx_hal.c.obj
 .comment       0x00000043       0x44 CMakeFiles/Plantilla-final.dir/Drivers/STM32L4xx_HAL_Driver/Src/stm32l4xx_hal_rcc.c.obj
 .comment       0x00000043       0x44 CMakeFiles/Plantilla-final.dir/Drivers/STM32L4xx_HAL_Driver/Src/stm32l4xx_hal_rcc_ex.c.obj
 .comment       0x00000043       0x44 CMakeFiles/Plantilla-final.dir/Drivers/STM32L4xx_HAL_Driver/Src/stm32l4xx_hal_gpio.c.obj
 .comment       0x00000043       0x44 CMakeFiles/Plantilla-final.dir/Drivers/STM32L4xx_HAL_Driver/Src/stm32l4xx_hal_dma.c.obj
 .comment       0x00000043       0x44 CMakeFiles/Plantilla-final.dir/Drivers/STM32L4xx_HAL_Driver/Src/stm32l4xx_hal_pwr_ex.c.obj
 .comment       0x00000043       0x44 CMakeFiles/Plantilla-final.dir/Drivers/STM32L4xx_HAL_Driver/Src/stm32l4xx_hal_cortex.c.obj
 .comment       0x00000043       0x44 CMakeFiles/Plantilla-final.dir/Drivers/STM32L4xx_HAL_Driver/Src/stm32l4xx_hal_uart.c.obj
 .comment       0x00000043       0x44 CMakeFiles/Plantilla-final.dir/Drivers/STM32L4xx_HAL_Driver/Src/stm32l4xx_hal_uart_ex.c.obj
 .comment       0x00000043       0x44 CMakeFiles/Plantilla-final.dir/Core/Src/system_stm32l4xx.c.obj

.debug_frame    0x00000000     0x3750
 .debug_frame   0x00000000       0x20 C:/ST/STM32CubeCLT_1.17.0/GNU-tools-for-STM32/bin/../lib/gcc/arm-none-eabi/12.3.1/../../../../arm-none-eabi/lib/thumb/v7e-m+fp/hard\libc_nano.a(libc_a-memset.o)
 .debug_frame   0x00000020       0x2c C:/ST/STM32CubeCLT_1.17.0/GNU-tools-for-STM32/bin/../lib/gcc/arm-none-eabi/12.3.1/../../../../arm-none-eabi/lib/thumb/v7e-m+fp/hard\libc_nano.a(libc_a-init.o)
 .debug_frame   0x0000004c       0xc8 CMakeFiles/Plantilla-final.dir/Drivers/keypad/keypad.c.obj
 .debug_frame   0x00000114      0x148 CMakeFiles/Plantilla-final.dir/Core/Src/ring_buffer.c.obj
 .debug_frame   0x0000025c      0x108 CMakeFiles/Plantilla-final.dir/Core/Src/main.c.obj
 .debug_frame   0x00000364      0x1cc CMakeFiles/Plantilla-final.dir/Core/Src/stm32l4xx_it.c.obj
 .debug_frame   0x00000530       0xcc CMakeFiles/Plantilla-final.dir/Core/Src/stm32l4xx_hal_msp.c.obj
 .debug_frame   0x000005fc      0xc38 CMakeFiles/Plantilla-final.dir/Drivers/STM32L4xx_HAL_Driver/Src/stm32l4xx_hal_i2c.c.obj
 .debug_frame   0x00001234      0x100 CMakeFiles/Plantilla-final.dir/Drivers/STM32L4xx_HAL_Driver/Src/stm32l4xx_hal_i2c_ex.c.obj
 .debug_frame   0x00001334      0x498 CMakeFiles/Plantilla-final.dir/Drivers/STM32L4xx_HAL_Driver/Src/stm32l4xx_hal.c.obj
 .debug_frame   0x000017cc      0x21c CMakeFiles/Plantilla-final.dir/Drivers/STM32L4xx_HAL_Driver/Src/stm32l4xx_hal_rcc.c.obj
 .debug_frame   0x000019e8      0x2fc CMakeFiles/Plantilla-final.dir/Drivers/STM32L4xx_HAL_Driver/Src/stm32l4xx_hal_rcc_ex.c.obj
 .debug_frame   0x00001ce4      0x14c CMakeFiles/Plantilla-final.dir/Drivers/STM32L4xx_HAL_Driver/Src/stm32l4xx_hal_gpio.c.obj
 .debug_frame   0x00001e30      0x204 CMakeFiles/Plantilla-final.dir/Drivers/STM32L4xx_HAL_Driver/Src/stm32l4xx_hal_dma.c.obj
 .debug_frame   0x00002034      0x584 CMakeFiles/Plantilla-final.dir/Drivers/STM32L4xx_HAL_Driver/Src/stm32l4xx_hal_pwr_ex.c.obj
 .debug_frame   0x000025b8      0x4e8 CMakeFiles/Plantilla-final.dir/Drivers/STM32L4xx_HAL_Driver/Src/stm32l4xx_hal_cortex.c.obj
 .debug_frame   0x00002aa0      0x9f4 CMakeFiles/Plantilla-final.dir/Drivers/STM32L4xx_HAL_Driver/Src/stm32l4xx_hal_uart.c.obj
 .debug_frame   0x00003494      0x204 CMakeFiles/Plantilla-final.dir/Drivers/STM32L4xx_HAL_Driver/Src/stm32l4xx_hal_uart_ex.c.obj
 .debug_frame   0x00003698       0x58 CMakeFiles/Plantilla-final.dir/Core/Src/system_stm32l4xx.c.obj
 .debug_frame   0x000036f0       0x2c C:/ST/STM32CubeCLT_1.17.0/GNU-tools-for-STM32/bin/../lib/gcc/arm-none-eabi/12.3.1/thumb/v7e-m+fp/hard\libgcc.a(_aeabi_uldivmod.o)
 .debug_frame   0x0000371c       0x34 C:/ST/STM32CubeCLT_1.17.0/GNU-tools-for-STM32/bin/../lib/gcc/arm-none-eabi/12.3.1/thumb/v7e-m+fp/hard\libgcc.a(_udivmoddi4.o)

.debug_info     0x00000000    0x104a5
 .debug_info    0x00000000      0x3d4 CMakeFiles/Plantilla-final.dir/Drivers/keypad/keypad.c.obj
 .debug_info    0x000003d4      0x8c6 CMakeFiles/Plantilla-final.dir/Core/Src/ring_buffer.c.obj
 .debug_info    0x00000c9a     0x14ad CMakeFiles/Plantilla-final.dir/Core/Src/main.c.obj
 .debug_info    0x00002147      0xae4 CMakeFiles/Plantilla-final.dir/Core/Src/stm32l4xx_it.c.obj
 .debug_info    0x00002c2b     0x1352 CMakeFiles/Plantilla-final.dir/Core/Src/stm32l4xx_hal_msp.c.obj
 .debug_info    0x00003f7d     0x20d2 CMakeFiles/Plantilla-final.dir/Drivers/STM32L4xx_HAL_Driver/Src/stm32l4xx_hal_i2c.c.obj
 .debug_info    0x0000604f      0x975 CMakeFiles/Plantilla-final.dir/Drivers/STM32L4xx_HAL_Driver/Src/stm32l4xx_hal_i2c_ex.c.obj
 .debug_info    0x000069c4      0xc09 CMakeFiles/Plantilla-final.dir/Drivers/STM32L4xx_HAL_Driver/Src/stm32l4xx_hal.c.obj
 .debug_info    0x000075cd      0xc14 CMakeFiles/Plantilla-final.dir/Drivers/STM32L4xx_HAL_Driver/Src/stm32l4xx_hal_rcc.c.obj
 .debug_info    0x000081e1      0xe11 CMakeFiles/Plantilla-final.dir/Drivers/STM32L4xx_HAL_Driver/Src/stm32l4xx_hal_rcc_ex.c.obj
 .debug_info    0x00008ff2      0x757 CMakeFiles/Plantilla-final.dir/Drivers/STM32L4xx_HAL_Driver/Src/stm32l4xx_hal_gpio.c.obj
 .debug_info    0x00009749      0x6f4 CMakeFiles/Plantilla-final.dir/Drivers/STM32L4xx_HAL_Driver/Src/stm32l4xx_hal_dma.c.obj
 .debug_info    0x00009e3d      0x99e CMakeFiles/Plantilla-final.dir/Drivers/STM32L4xx_HAL_Driver/Src/stm32l4xx_hal_pwr_ex.c.obj
 .debug_info    0x0000a7db      0xd81 CMakeFiles/Plantilla-final.dir/Drivers/STM32L4xx_HAL_Driver/Src/stm32l4xx_hal_cortex.c.obj
 .debug_info    0x0000b55c     0x3b69 CMakeFiles/Plantilla-final.dir/Drivers/STM32L4xx_HAL_Driver/Src/stm32l4xx_hal_uart.c.obj
 .debug_info    0x0000f0c5      0xdff CMakeFiles/Plantilla-final.dir/Drivers/STM32L4xx_HAL_Driver/Src/stm32l4xx_hal_uart_ex.c.obj
 .debug_info    0x0000fec4      0x5b1 CMakeFiles/Plantilla-final.dir/Core/Src/system_stm32l4xx.c.obj
 .debug_info    0x00010475       0x30 CMakeFiles/Plantilla-final.dir/startup_stm32l476xx.s.obj

.debug_abbrev   0x00000000     0x2679
 .debug_abbrev  0x00000000      0x23a CMakeFiles/Plantilla-final.dir/Drivers/keypad/keypad.c.obj
 .debug_abbrev  0x0000023a      0x1f5 CMakeFiles/Plantilla-final.dir/Core/Src/ring_buffer.c.obj
 .debug_abbrev  0x0000042f      0x33a CMakeFiles/Plantilla-final.dir/Core/Src/main.c.obj
 .debug_abbrev  0x00000769      0x199 CMakeFiles/Plantilla-final.dir/Core/Src/stm32l4xx_it.c.obj
 .debug_abbrev  0x00000902      0x20f CMakeFiles/Plantilla-final.dir/Core/Src/stm32l4xx_hal_msp.c.obj
 .debug_abbrev  0x00000b11      0x261 CMakeFiles/Plantilla-final.dir/Drivers/STM32L4xx_HAL_Driver/Src/stm32l4xx_hal_i2c.c.obj
 .debug_abbrev  0x00000d72      0x1c3 CMakeFiles/Plantilla-final.dir/Drivers/STM32L4xx_HAL_Driver/Src/stm32l4xx_hal_i2c_ex.c.obj
 .debug_abbrev  0x00000f35      0x243 CMakeFiles/Plantilla-final.dir/Drivers/STM32L4xx_HAL_Driver/Src/stm32l4xx_hal.c.obj
 .debug_abbrev  0x00001178      0x2cb CMakeFiles/Plantilla-final.dir/Drivers/STM32L4xx_HAL_Driver/Src/stm32l4xx_hal_rcc.c.obj
 .debug_abbrev  0x00001443      0x2a6 CMakeFiles/Plantilla-final.dir/Drivers/STM32L4xx_HAL_Driver/Src/stm32l4xx_hal_rcc_ex.c.obj
 .debug_abbrev  0x000016e9      0x1cb CMakeFiles/Plantilla-final.dir/Drivers/STM32L4xx_HAL_Driver/Src/stm32l4xx_hal_gpio.c.obj
 .debug_abbrev  0x000018b4      0x1e4 CMakeFiles/Plantilla-final.dir/Drivers/STM32L4xx_HAL_Driver/Src/stm32l4xx_hal_dma.c.obj
 .debug_abbrev  0x00001a98      0x1f9 CMakeFiles/Plantilla-final.dir/Drivers/STM32L4xx_HAL_Driver/Src/stm32l4xx_hal_pwr_ex.c.obj
 .debug_abbrev  0x00001c91      0x31c CMakeFiles/Plantilla-final.dir/Drivers/STM32L4xx_HAL_Driver/Src/stm32l4xx_hal_cortex.c.obj
 .debug_abbrev  0x00001fad      0x2d0 CMakeFiles/Plantilla-final.dir/Drivers/STM32L4xx_HAL_Driver/Src/stm32l4xx_hal_uart.c.obj
 .debug_abbrev  0x0000227d      0x2be CMakeFiles/Plantilla-final.dir/Drivers/STM32L4xx_HAL_Driver/Src/stm32l4xx_hal_uart_ex.c.obj
 .debug_abbrev  0x0000253b      0x11a CMakeFiles/Plantilla-final.dir/Core/Src/system_stm32l4xx.c.obj
 .debug_abbrev  0x00002655       0x24 CMakeFiles/Plantilla-final.dir/startup_stm32l476xx.s.obj

.debug_aranges  0x00000000      0xd88
 .debug_aranges
                0x00000000       0x40 CMakeFiles/Plantilla-final.dir/Drivers/keypad/keypad.c.obj
 .debug_aranges
                0x00000040       0x58 CMakeFiles/Plantilla-final.dir/Core/Src/ring_buffer.c.obj
 .debug_aranges
                0x00000098       0x58 CMakeFiles/Plantilla-final.dir/Core/Src/main.c.obj
 .debug_aranges
                0x000000f0       0x98 CMakeFiles/Plantilla-final.dir/Core/Src/stm32l4xx_it.c.obj
 .debug_aranges
                0x00000188       0x40 CMakeFiles/Plantilla-final.dir/Core/Src/stm32l4xx_hal_msp.c.obj
 .debug_aranges
                0x000001c8      0x2a0 CMakeFiles/Plantilla-final.dir/Drivers/STM32L4xx_HAL_Driver/Src/stm32l4xx_hal_i2c.c.obj
 .debug_aranges
                0x00000468       0x48 CMakeFiles/Plantilla-final.dir/Drivers/STM32L4xx_HAL_Driver/Src/stm32l4xx_hal_i2c_ex.c.obj
 .debug_aranges
                0x000004b0      0x130 CMakeFiles/Plantilla-final.dir/Drivers/STM32L4xx_HAL_Driver/Src/stm32l4xx_hal.c.obj
 .debug_aranges
                0x000005e0       0x90 CMakeFiles/Plantilla-final.dir/Drivers/STM32L4xx_HAL_Driver/Src/stm32l4xx_hal_rcc.c.obj
 .debug_aranges
                0x00000670       0xc0 CMakeFiles/Plantilla-final.dir/Drivers/STM32L4xx_HAL_Driver/Src/stm32l4xx_hal_rcc_ex.c.obj
 .debug_aranges
                0x00000730       0x58 CMakeFiles/Plantilla-final.dir/Drivers/STM32L4xx_HAL_Driver/Src/stm32l4xx_hal_gpio.c.obj
 .debug_aranges
                0x00000788       0x80 CMakeFiles/Plantilla-final.dir/Drivers/STM32L4xx_HAL_Driver/Src/stm32l4xx_hal_dma.c.obj
 .debug_aranges
                0x00000808      0x160 CMakeFiles/Plantilla-final.dir/Drivers/STM32L4xx_HAL_Driver/Src/stm32l4xx_hal_pwr_ex.c.obj
 .debug_aranges
                0x00000968      0x128 CMakeFiles/Plantilla-final.dir/Drivers/STM32L4xx_HAL_Driver/Src/stm32l4xx_hal_cortex.c.obj
 .debug_aranges
                0x00000a90      0x228 CMakeFiles/Plantilla-final.dir/Drivers/STM32L4xx_HAL_Driver/Src/stm32l4xx_hal_uart.c.obj
 .debug_aranges
                0x00000cb8       0x80 CMakeFiles/Plantilla-final.dir/Drivers/STM32L4xx_HAL_Driver/Src/stm32l4xx_hal_uart_ex.c.obj
 .debug_aranges
                0x00000d38       0x28 CMakeFiles/Plantilla-final.dir/Core/Src/system_stm32l4xx.c.obj
 .debug_aranges
                0x00000d60       0x28 CMakeFiles/Plantilla-final.dir/startup_stm32l476xx.s.obj

.debug_rnglists
                0x00000000      0xa79
 .debug_rnglists
                0x00000000       0x2d CMakeFiles/Plantilla-final.dir/Drivers/keypad/keypad.c.obj
 .debug_rnglists
                0x0000002d       0x3e CMakeFiles/Plantilla-final.dir/Core/Src/ring_buffer.c.obj
 .debug_rnglists
                0x0000006b       0x42 CMakeFiles/Plantilla-final.dir/Core/Src/main.c.obj
 .debug_rnglists
                0x000000ad       0x6d CMakeFiles/Plantilla-final.dir/Core/Src/stm32l4xx_it.c.obj
 .debug_rnglists
                0x0000011a       0x2d CMakeFiles/Plantilla-final.dir/Core/Src/stm32l4xx_hal_msp.c.obj
 .debug_rnglists
                0x00000147      0x228 CMakeFiles/Plantilla-final.dir/Drivers/STM32L4xx_HAL_Driver/Src/stm32l4xx_hal_i2c.c.obj
 .debug_rnglists
                0x0000036f       0x35 CMakeFiles/Plantilla-final.dir/Drivers/STM32L4xx_HAL_Driver/Src/stm32l4xx_hal_i2c_ex.c.obj
 .debug_rnglists
                0x000003a4       0xdf CMakeFiles/Plantilla-final.dir/Drivers/STM32L4xx_HAL_Driver/Src/stm32l4xx_hal.c.obj
 .debug_rnglists
                0x00000483       0x6d CMakeFiles/Plantilla-final.dir/Drivers/STM32L4xx_HAL_Driver/Src/stm32l4xx_hal_rcc.c.obj
 .debug_rnglists
                0x000004f0       0x95 CMakeFiles/Plantilla-final.dir/Drivers/STM32L4xx_HAL_Driver/Src/stm32l4xx_hal_rcc_ex.c.obj
 .debug_rnglists
                0x00000585       0x3f CMakeFiles/Plantilla-final.dir/Drivers/STM32L4xx_HAL_Driver/Src/stm32l4xx_hal_gpio.c.obj
 .debug_rnglists
                0x000005c4       0x64 CMakeFiles/Plantilla-final.dir/Drivers/STM32L4xx_HAL_Driver/Src/stm32l4xx_hal_dma.c.obj
 .debug_rnglists
                0x00000628      0x109 CMakeFiles/Plantilla-final.dir/Drivers/STM32L4xx_HAL_Driver/Src/stm32l4xx_hal_pwr_ex.c.obj
 .debug_rnglists
                0x00000731       0xda CMakeFiles/Plantilla-final.dir/Drivers/STM32L4xx_HAL_Driver/Src/stm32l4xx_hal_cortex.c.obj
 .debug_rnglists
                0x0000080b      0x1db CMakeFiles/Plantilla-final.dir/Drivers/STM32L4xx_HAL_Driver/Src/stm32l4xx_hal_uart.c.obj
 .debug_rnglists
                0x000009e6       0x60 CMakeFiles/Plantilla-final.dir/Drivers/STM32L4xx_HAL_Driver/Src/stm32l4xx_hal_uart_ex.c.obj
 .debug_rnglists
                0x00000a46       0x1a CMakeFiles/Plantilla-final.dir/Core/Src/system_stm32l4xx.c.obj
 .debug_rnglists
                0x00000a60       0x19 CMakeFiles/Plantilla-final.dir/startup_stm32l476xx.s.obj

.debug_macro    0x00000000     0x28b1
 .debug_macro   0x00000000      0x2e4 CMakeFiles/Plantilla-final.dir/Drivers/keypad/keypad.c.obj
 .debug_macro   0x000002e4       0x2e CMakeFiles/Plantilla-final.dir/Drivers/keypad/keypad.c.obj
 .debug_macro   0x00000312       0x10 CMakeFiles/Plantilla-final.dir/Drivers/keypad/keypad.c.obj
 .debug_macro   0x00000322       0x1c CMakeFiles/Plantilla-final.dir/Drivers/keypad/keypad.c.obj
 .debug_macro   0x0000033e       0x10 CMakeFiles/Plantilla-final.dir/Drivers/keypad/keypad.c.obj
 .debug_macro   0x0000034e       0x1c CMakeFiles/Plantilla-final.dir/Drivers/keypad/keypad.c.obj
 .debug_macro   0x0000036a       0x16 CMakeFiles/Plantilla-final.dir/Drivers/keypad/keypad.c.obj
 .debug_macro   0x00000380      0x170 CMakeFiles/Plantilla-final.dir/Drivers/keypad/keypad.c.obj
 .debug_macro   0x000004f0       0xe2 CMakeFiles/Plantilla-final.dir/Drivers/keypad/keypad.c.obj
 .debug_macro   0x000005d2       0x10 CMakeFiles/Plantilla-final.dir/Drivers/keypad/keypad.c.obj
 .debug_macro   0x000005e2      0x2d5 CMakeFiles/Plantilla-final.dir/Core/Src/ring_buffer.c.obj
 .debug_macro   0x000008b7      0x30c CMakeFiles/Plantilla-final.dir/Core/Src/main.c.obj
 .debug_macro   0x00000bc3       0x16 CMakeFiles/Plantilla-final.dir/Core/Src/main.c.obj
 .debug_macro   0x00000bd9      0x2df CMakeFiles/Plantilla-final.dir/Core/Src/stm32l4xx_it.c.obj
 .debug_macro   0x00000eb8      0x2d5 CMakeFiles/Plantilla-final.dir/Core/Src/stm32l4xx_hal_msp.c.obj
 .debug_macro   0x0000118d      0x291 CMakeFiles/Plantilla-final.dir/Drivers/STM32L4xx_HAL_Driver/Src/stm32l4xx_hal_i2c.c.obj
 .debug_macro   0x0000141e      0x1c5 CMakeFiles/Plantilla-final.dir/Drivers/STM32L4xx_HAL_Driver/Src/stm32l4xx_hal_i2c_ex.c.obj
 .debug_macro   0x000015e3      0x213 CMakeFiles/Plantilla-final.dir/Drivers/STM32L4xx_HAL_Driver/Src/stm32l4xx_hal.c.obj
 .debug_macro   0x000017f6      0x207 CMakeFiles/Plantilla-final.dir/Drivers/STM32L4xx_HAL_Driver/Src/stm32l4xx_hal_rcc.c.obj
 .debug_macro   0x000019fd      0x1fb CMakeFiles/Plantilla-final.dir/Drivers/STM32L4xx_HAL_Driver/Src/stm32l4xx_hal_rcc_ex.c.obj
 .debug_macro   0x00001bf8      0x1cc CMakeFiles/Plantilla-final.dir/Drivers/STM32L4xx_HAL_Driver/Src/stm32l4xx_hal_gpio.c.obj
 .debug_macro   0x00001dc4      0x1c5 CMakeFiles/Plantilla-final.dir/Drivers/STM32L4xx_HAL_Driver/Src/stm32l4xx_hal_dma.c.obj
 .debug_macro   0x00001f89      0x1e9 CMakeFiles/Plantilla-final.dir/Drivers/STM32L4xx_HAL_Driver/Src/stm32l4xx_hal_pwr_ex.c.obj
 .debug_macro   0x00002172      0x1c5 CMakeFiles/Plantilla-final.dir/Drivers/STM32L4xx_HAL_Driver/Src/stm32l4xx_hal_cortex.c.obj
 .debug_macro   0x00002337      0x1f0 CMakeFiles/Plantilla-final.dir/Drivers/STM32L4xx_HAL_Driver/Src/stm32l4xx_hal_uart.c.obj
 .debug_macro   0x00002527      0x1c5 CMakeFiles/Plantilla-final.dir/Drivers/STM32L4xx_HAL_Driver/Src/stm32l4xx_hal_uart_ex.c.obj
 .debug_macro   0x000026ec      0x1c5 CMakeFiles/Plantilla-final.dir/Core/Src/system_stm32l4xx.c.obj

.debug_line     0x00000000    0x12015
 .debug_line    0x00000000      0x9a6 CMakeFiles/Plantilla-final.dir/Drivers/keypad/keypad.c.obj
 .debug_line    0x000009a6      0x9f4 CMakeFiles/Plantilla-final.dir/Core/Src/ring_buffer.c.obj
 .debug_line    0x0000139a      0xadf CMakeFiles/Plantilla-final.dir/Core/Src/main.c.obj
 .debug_line    0x00001e79      0x98c CMakeFiles/Plantilla-final.dir/Core/Src/stm32l4xx_it.c.obj
 .debug_line    0x00002805      0x931 CMakeFiles/Plantilla-final.dir/Core/Src/stm32l4xx_hal_msp.c.obj
 .debug_line    0x00003136     0x3a80 CMakeFiles/Plantilla-final.dir/Drivers/STM32L4xx_HAL_Driver/Src/stm32l4xx_hal_i2c.c.obj
 .debug_line    0x00006bb6      0x975 CMakeFiles/Plantilla-final.dir/Drivers/STM32L4xx_HAL_Driver/Src/stm32l4xx_hal_i2c_ex.c.obj
 .debug_line    0x0000752b      0xb4e CMakeFiles/Plantilla-final.dir/Drivers/STM32L4xx_HAL_Driver/Src/stm32l4xx_hal.c.obj
 .debug_line    0x00008079      0xfc6 CMakeFiles/Plantilla-final.dir/Drivers/STM32L4xx_HAL_Driver/Src/stm32l4xx_hal_rcc.c.obj
 .debug_line    0x0000903f     0x1538 CMakeFiles/Plantilla-final.dir/Drivers/STM32L4xx_HAL_Driver/Src/stm32l4xx_hal_rcc_ex.c.obj
 .debug_line    0x0000a577      0xbd9 CMakeFiles/Plantilla-final.dir/Drivers/STM32L4xx_HAL_Driver/Src/stm32l4xx_hal_gpio.c.obj
 .debug_line    0x0000b150      0xd52 CMakeFiles/Plantilla-final.dir/Drivers/STM32L4xx_HAL_Driver/Src/stm32l4xx_hal_dma.c.obj
 .debug_line    0x0000bea2      0xd3f CMakeFiles/Plantilla-final.dir/Drivers/STM32L4xx_HAL_Driver/Src/stm32l4xx_hal_pwr_ex.c.obj
 .debug_line    0x0000cbe1      0xd16 CMakeFiles/Plantilla-final.dir/Drivers/STM32L4xx_HAL_Driver/Src/stm32l4xx_hal_cortex.c.obj
 .debug_line    0x0000d8f7     0x325f CMakeFiles/Plantilla-final.dir/Drivers/STM32L4xx_HAL_Driver/Src/stm32l4xx_hal_uart.c.obj
 .debug_line    0x00010b56      0xc53 CMakeFiles/Plantilla-final.dir/Drivers/STM32L4xx_HAL_Driver/Src/stm32l4xx_hal_uart_ex.c.obj
 .debug_line    0x000117a9      0x7f2 CMakeFiles/Plantilla-final.dir/Core/Src/system_stm32l4xx.c.obj
 .debug_line    0x00011f9b       0x7a CMakeFiles/Plantilla-final.dir/startup_stm32l476xx.s.obj

.debug_str      0x00000000    0xeabc5
 .debug_str     0x00000000    0xe5f2a CMakeFiles/Plantilla-final.dir/Drivers/keypad/keypad.c.obj
                              0xe61db (size before relaxing)
 .debug_str     0x000e5f2a      0x530 CMakeFiles/Plantilla-final.dir/Core/Src/ring_buffer.c.obj
                              0xe65d4 (size before relaxing)
 .debug_str     0x000e645a      0xcee CMakeFiles/Plantilla-final.dir/Core/Src/main.c.obj
                              0xe7421 (size before relaxing)
 .debug_str     0x000e7148      0x1d5 CMakeFiles/Plantilla-final.dir/Core/Src/stm32l4xx_it.c.obj
                              0xe68f0 (size before relaxing)
 .debug_str     0x000e731d      0x341 CMakeFiles/Plantilla-final.dir/Core/Src/stm32l4xx_hal_msp.c.obj
                              0xe714c (size before relaxing)
 .debug_str     0x000e765e      0xe15 CMakeFiles/Plantilla-final.dir/Drivers/STM32L4xx_HAL_Driver/Src/stm32l4xx_hal_i2c.c.obj
                              0xe3ecd (size before relaxing)
 .debug_str     0x000e8473      0x11d CMakeFiles/Plantilla-final.dir/Drivers/STM32L4xx_HAL_Driver/Src/stm32l4xx_hal_i2c_ex.c.obj
                              0xe31d9 (size before relaxing)
 .debug_str     0x000e8590      0x6aa CMakeFiles/Plantilla-final.dir/Drivers/STM32L4xx_HAL_Driver/Src/stm32l4xx_hal.c.obj
                              0xe38cb (size before relaxing)
 .debug_str     0x000e8c3a      0x43a CMakeFiles/Plantilla-final.dir/Drivers/STM32L4xx_HAL_Driver/Src/stm32l4xx_hal_rcc.c.obj
                              0xe3312 (size before relaxing)
 .debug_str     0x000e9074      0x438 CMakeFiles/Plantilla-final.dir/Drivers/STM32L4xx_HAL_Driver/Src/stm32l4xx_hal_rcc_ex.c.obj
                              0xe348b (size before relaxing)
 .debug_str     0x000e94ac       0xc4 CMakeFiles/Plantilla-final.dir/Drivers/STM32L4xx_HAL_Driver/Src/stm32l4xx_hal_gpio.c.obj
                              0xe2e45 (size before relaxing)
 .debug_str     0x000e9570      0x252 CMakeFiles/Plantilla-final.dir/Drivers/STM32L4xx_HAL_Driver/Src/stm32l4xx_hal_dma.c.obj
                              0xe2f36 (size before relaxing)
 .debug_str     0x000e97c2      0x4e3 CMakeFiles/Plantilla-final.dir/Drivers/STM32L4xx_HAL_Driver/Src/stm32l4xx_hal_pwr_ex.c.obj
                              0xe3227 (size before relaxing)
 .debug_str     0x000e9ca5      0x387 CMakeFiles/Plantilla-final.dir/Drivers/STM32L4xx_HAL_Driver/Src/stm32l4xx_hal_cortex.c.obj
                              0xe3545 (size before relaxing)
 .debug_str     0x000ea02c      0x88e CMakeFiles/Plantilla-final.dir/Drivers/STM32L4xx_HAL_Driver/Src/stm32l4xx_hal_uart.c.obj
                              0xe3a24 (size before relaxing)
 .debug_str     0x000ea8ba      0x232 CMakeFiles/Plantilla-final.dir/Drivers/STM32L4xx_HAL_Driver/Src/stm32l4xx_hal_uart_ex.c.obj
                              0xe3250 (size before relaxing)
 .debug_str     0x000eaaec       0x72 CMakeFiles/Plantilla-final.dir/Core/Src/system_stm32l4xx.c.obj
                              0xe2ccc (size before relaxing)
 .debug_str     0x000eab5e       0x67 CMakeFiles/Plantilla-final.dir/startup_stm32l476xx.s.obj
                                 0xa8 (size before relaxing)

.debug_line_str
                0x00000000       0x8c
 .debug_line_str
                0x00000000       0x8c CMakeFiles/Plantilla-final.dir/startup_stm32l476xx.s.obj
