Archive member included to satisfy reference by file (symbol)

/home/javastral/st/stm32cubeclt_1.17.0/GNU-tools-for-STM32/bin/../lib/gcc/arm-none-eabi/12.3.1/../../../../arm-none-eabi/lib/thumb/v7e-m+fp/hard/libc_nano.a(libc_a-exit.o)
                              /home/javastral/st/stm32cubeclt_1.17.0/GNU-tools-for-STM32/bin/../lib/gcc/arm-none-eabi/12.3.1/../../../../arm-none-eabi/lib/thumb/v7e-m+fp/hard/crt0.o (exit)
/home/javastral/st/stm32cubeclt_1.17.0/GNU-tools-for-STM32/bin/../lib/gcc/arm-none-eabi/12.3.1/../../../../arm-none-eabi/lib/thumb/v7e-m+fp/hard/libc_nano.a(libc_a-findfp.o)
                              /home/javastral/st/stm32cubeclt_1.17.0/GNU-tools-for-STM32/bin/../lib/gcc/arm-none-eabi/12.3.1/../../../../arm-none-eabi/lib/thumb/v7e-m+fp/hard/libc_nano.a(libc_a-exit.o) (__stdio_exit_handler)
/home/javastral/st/stm32cubeclt_1.17.0/GNU-tools-for-STM32/bin/../lib/gcc/arm-none-eabi/12.3.1/../../../../arm-none-eabi/lib/thumb/v7e-m+fp/hard/libc_nano.a(libc_a-fwalk.o)
                              /home/javastral/st/stm32cubeclt_1.17.0/GNU-tools-for-STM32/bin/../lib/gcc/arm-none-eabi/12.3.1/../../../../arm-none-eabi/lib/thumb/v7e-m+fp/hard/libc_nano.a(libc_a-findfp.o) (_fwalk_sglue)
/home/javastral/st/stm32cubeclt_1.17.0/GNU-tools-for-STM32/bin/../lib/gcc/arm-none-eabi/12.3.1/../../../../arm-none-eabi/lib/thumb/v7e-m+fp/hard/libc_nano.a(libc_a-stdio.o)
                              /home/javastral/st/stm32cubeclt_1.17.0/GNU-tools-for-STM32/bin/../lib/gcc/arm-none-eabi/12.3.1/../../../../arm-none-eabi/lib/thumb/v7e-m+fp/hard/libc_nano.a(libc_a-findfp.o) (__sread)
/home/javastral/st/stm32cubeclt_1.17.0/GNU-tools-for-STM32/bin/../lib/gcc/arm-none-eabi/12.3.1/../../../../arm-none-eabi/lib/thumb/v7e-m+fp/hard/libc_nano.a(libc_a-memset.o)
                              /home/javastral/st/stm32cubeclt_1.17.0/GNU-tools-for-STM32/bin/../lib/gcc/arm-none-eabi/12.3.1/../../../../arm-none-eabi/lib/thumb/v7e-m+fp/hard/crt0.o (memset)
/home/javastral/st/stm32cubeclt_1.17.0/GNU-tools-for-STM32/bin/../lib/gcc/arm-none-eabi/12.3.1/../../../../arm-none-eabi/lib/thumb/v7e-m+fp/hard/libc_nano.a(libc_a-closer.o)
                              /home/javastral/st/stm32cubeclt_1.17.0/GNU-tools-for-STM32/bin/../lib/gcc/arm-none-eabi/12.3.1/../../../../arm-none-eabi/lib/thumb/v7e-m+fp/hard/libc_nano.a(libc_a-stdio.o) (_close_r)
/home/javastral/st/stm32cubeclt_1.17.0/GNU-tools-for-STM32/bin/../lib/gcc/arm-none-eabi/12.3.1/../../../../arm-none-eabi/lib/thumb/v7e-m+fp/hard/libc_nano.a(libc_a-reent.o)
                              /home/javastral/st/stm32cubeclt_1.17.0/GNU-tools-for-STM32/bin/../lib/gcc/arm-none-eabi/12.3.1/../../../../arm-none-eabi/lib/thumb/v7e-m+fp/hard/libc_nano.a(libc_a-closer.o) (errno)
/home/javastral/st/stm32cubeclt_1.17.0/GNU-tools-for-STM32/bin/../lib/gcc/arm-none-eabi/12.3.1/../../../../arm-none-eabi/lib/thumb/v7e-m+fp/hard/libc_nano.a(libc_a-impure.o)
                              /home/javastral/st/stm32cubeclt_1.17.0/GNU-tools-for-STM32/bin/../lib/gcc/arm-none-eabi/12.3.1/../../../../arm-none-eabi/lib/thumb/v7e-m+fp/hard/libc_nano.a(libc_a-reent.o) (_impure_ptr)
/home/javastral/st/stm32cubeclt_1.17.0/GNU-tools-for-STM32/bin/../lib/gcc/arm-none-eabi/12.3.1/../../../../arm-none-eabi/lib/thumb/v7e-m+fp/hard/libc_nano.a(libc_a-lseekr.o)
                              /home/javastral/st/stm32cubeclt_1.17.0/GNU-tools-for-STM32/bin/../lib/gcc/arm-none-eabi/12.3.1/../../../../arm-none-eabi/lib/thumb/v7e-m+fp/hard/libc_nano.a(libc_a-stdio.o) (_lseek_r)
/home/javastral/st/stm32cubeclt_1.17.0/GNU-tools-for-STM32/bin/../lib/gcc/arm-none-eabi/12.3.1/../../../../arm-none-eabi/lib/thumb/v7e-m+fp/hard/libc_nano.a(libc_a-readr.o)
                              /home/javastral/st/stm32cubeclt_1.17.0/GNU-tools-for-STM32/bin/../lib/gcc/arm-none-eabi/12.3.1/../../../../arm-none-eabi/lib/thumb/v7e-m+fp/hard/libc_nano.a(libc_a-stdio.o) (_read_r)
/home/javastral/st/stm32cubeclt_1.17.0/GNU-tools-for-STM32/bin/../lib/gcc/arm-none-eabi/12.3.1/../../../../arm-none-eabi/lib/thumb/v7e-m+fp/hard/libc_nano.a(libc_a-writer.o)
                              /home/javastral/st/stm32cubeclt_1.17.0/GNU-tools-for-STM32/bin/../lib/gcc/arm-none-eabi/12.3.1/../../../../arm-none-eabi/lib/thumb/v7e-m+fp/hard/libc_nano.a(libc_a-stdio.o) (_write_r)
/home/javastral/st/stm32cubeclt_1.17.0/GNU-tools-for-STM32/bin/../lib/gcc/arm-none-eabi/12.3.1/../../../../arm-none-eabi/lib/thumb/v7e-m+fp/hard/libc_nano.a(libc_a-init.o)
                              /home/javastral/st/stm32cubeclt_1.17.0/GNU-tools-for-STM32/bin/../lib/gcc/arm-none-eabi/12.3.1/../../../../arm-none-eabi/lib/thumb/v7e-m+fp/hard/crt0.o (__libc_init_array)
/home/javastral/st/stm32cubeclt_1.17.0/GNU-tools-for-STM32/bin/../lib/gcc/arm-none-eabi/12.3.1/../../../../arm-none-eabi/lib/thumb/v7e-m+fp/hard/libc_nano.a(libc_a-lock.o)
[...]
Memory Configuration

Name             Origin             Length             Attributes
RAM              0x20000000         0x00018000         xrw
RAM2             0x10000000         0x00008000         xrw
FLASH            0x08000000         0x00100000         xr
*default*        0x00000000         0xffffffff

Linker script and memory map

LOAD /home/javastral/st/stm32cubeclt_1.17.0/GNU-tools-for-STM32/bin/../lib/gcc/arm-none-eabi/12.3.1/thumb/v7e-m+fp/hard/crti.o
LOAD /home/javastral/st/stm32cubeclt_1.17.0/GNU-tools-for-STM32/bin/../lib/gcc/arm-none-eabi/12.3.1/thumb/v7e-m+fp/hard/crtbegin.o
LOAD /home/javastral/st/stm32cubeclt_1.17.0/GNU-tools-for-STM32/bin/../lib/gcc/arm-none-eabi/12.3.1/../../../../arm-none-eabi/lib/thumb/v7e-m+fp/hard/crt0.o
START GROUP
LOAD /home/javastral/st/stm32cubeclt_1.17.0/GNU-tools-for-STM32/bin/../lib/gcc/arm-none-eabi/12.3.1/../../../../arm-none-eabi/lib/thumb/v7e-m+fp/hard/libc_nano.a
LOAD /home/javastral/st/stm32cubeclt_1.17.0/GNU-tools-for-STM32/bin/../lib/gcc/arm-none-eabi/12.3.1/../../../../arm-none-eabi/lib/thumb/v7e-m+fp/hard/libm.a
END GROUP
LOAD CMakeFiles/Plantilla-final.dir/External/ssd1306/ssd1306.c.obj
LOAD CMakeFiles/Plantilla-final.dir/External/ssd1306/ssd1306_fonts.c.obj
LOAD CMakeFiles/Plantilla-final.dir/Drivers/keypad/keypad.c.obj
LOAD CMakeFiles/Plantilla-final.dir/Core/Src/ring_buffer.c.obj
LOAD CMakeFiles/Plantilla-final.dir/Core/Src/main.c.obj
LOAD CMakeFiles/Plantilla-final.dir/Core/Src/stm32l4xx_it.c.obj
LOAD CMakeFiles/Plantilla-final.dir/Core/Src/stm32l4xx_hal_msp.c.obj
LOAD CMakeFiles/Plantilla-final.dir/Drivers/STM32L4xx_HAL_Driver/Src/stm32l4xx_hal_i2c.c.obj
LOAD CMakeFiles/Plantilla-final.dir/Drivers/STM32L4xx_HAL_Driver/Src/stm32l4xx_hal_i2c_ex.c.obj
LOAD CMakeFiles/Plantilla-final.dir/Drivers/STM32L4xx_HAL_Driver/Src/stm32l4xx_hal.c.obj
LOAD CMakeFiles/Plantilla-final.dir/Drivers/STM32L4xx_HAL_Driver/Src/stm32l4xx_hal_rcc.c.obj
LOAD CMakeFiles/Plantilla-final.dir/Drivers/STM32L4xx_HAL_Driver/Src/stm32l4xx_hal_rcc_ex.c.obj
LOAD CMakeFiles/Plantilla-final.dir/Drivers/STM32L4xx_HAL_Driver/Src/stm32l4xx_hal_flash.c.obj
LOAD CMakeFiles/Plantilla-final.dir/Drivers/STM32L4xx_HAL_Driver/Src/stm32l4xx_hal_flash_ex.c.obj
LOAD CMakeFiles/Plantilla-final.dir/Drivers/STM32L4xx_HAL_Driver/Src/stm32l4xx_hal_flash_ramfunc.c.obj
LOAD CMakeFiles/Plantilla-final.dir/Drivers/STM32L4xx_HAL_Driver/Src/stm32l4xx_hal_gpio.c.obj
LOAD CMakeFiles/Plantilla-final.dir/Drivers/STM32L4xx_HAL_Driver/Src/stm32l4xx_hal_dma.c.obj
LOAD CMakeFiles/Plantilla-final.dir/Drivers/STM32L4xx_HAL_Driver/Src/stm32l4xx_hal_dma_ex.c.obj
LOAD CMakeFiles/Plantilla-final.dir/Drivers/STM32L4xx_HAL_Driver/Src/stm32l4xx_hal_pwr.c.obj
LOAD CMakeFiles/Plantilla-final.dir/Drivers/STM32L4xx_HAL_Driver/Src/stm32l4xx_hal_pwr_ex.c.obj
LOAD CMakeFiles/Plantilla-final.dir/Drivers/STM32L4xx_HAL_Driver/Src/stm32l4xx_hal_cortex.c.obj
LOAD CMakeFiles/Plantilla-final.dir/Drivers/STM32L4xx_HAL_Driver/Src/stm32l4xx_hal_exti.c.obj
LOAD CMakeFiles/Plantilla-final.dir/Drivers/STM32L4xx_HAL_Driver/Src/stm32l4xx_hal_uart.c.obj
LOAD CMakeFiles/Plantilla-final.dir/Drivers/STM32L4xx_HAL_Driver/Src/stm32l4xx_hal_uart_ex.c.obj
LOAD CMakeFiles/Plantilla-final.dir/Core/Src/system_stm32l4xx.c.obj
LOAD CMakeFiles/Plantilla-final.dir/Core/Src/sysmem.c.obj
LOAD CMakeFiles/Plantilla-final.dir/Core/Src/syscalls.c.obj
LOAD CMakeFiles/Plantilla-final.dir/startup_stm32l476xx.s.obj
START GROUP
LOAD /home/javastral/st/stm32cubeclt_1.17.0/GNU-tools-for-STM32/bin/../lib/gcc/arm-none-eabi/12.3.1/thumb/v7e-m+fp/hard/libgcc.a
LOAD /home/javastral/st/stm32cubeclt_1.17.0/GNU-tools-for-STM32/bin/../lib/gcc/arm-none-eabi/12.3.1/../../../../arm-none-eabi/lib/thumb/v7e-m+fp/hard/libg_nano.a
LOAD /home/javastral/st/stm32cubeclt_1.17.0/GNU-tools-for-STM32/bin/../lib/gcc/arm-none-eabi/12.3.1/../../../../arm-none-eabi/lib/thumb/v7e-m+fp/hard/libc_nano.a
END GROUP
START GROUP
LOAD /home/javastral/st/stm32cubeclt_1.17.0/GNU-tools-for-STM32/bin/../lib/gcc/arm-none-eabi/12.3.1/thumb/v7e-m+fp/hard/libgcc.a
LOAD /home/javastral/st/stm32cubeclt_1.17.0/GNU-tools-for-STM32/bin/../lib/gcc/arm-none-eabi/12.3.1/../../../../arm-none-eabi/lib/thumb/v7e-m+fp/hard/libc_nano.a
END GROUP
LOAD /home/javastral/st/stm32cubeclt_1.17.0/GNU-tools-for-STM32/bin/../lib/gcc/arm-none-eabi/12.3.1/thumb/v7e-m+fp/hard/crtend.o
LOAD /home/javastral/st/stm32cubeclt_1.17.0/GNU-tools-for-STM32/bin/../lib/gcc/arm-none-eabi/12.3.1/thumb/v7e-m+fp/hard/crtn.o
                0x20018000                        _estack = (ORIGIN (RAM) + LENGTH (RAM))
                0x00000200                        _Min_Heap_Size = 0x200
                0x00000400                        _Min_Stack_Size = 0x400

.isr_vector     0x08000000      0x188
                0x08000000                        . = ALIGN (0x8)
 *(.isr_vector)
 .isr_vector    0x08000000      0x188 CMakeFiles/Plantilla-final.dir/startup_stm32l476xx.s.obj
                0x08000000                g_pfnVectors
                0x08000188                        . = ALIGN (0x8)

.text           0x08000188     0x54c8
                0x08000188                        . = ALIGN (0x8)
 *(.text)
 .text          0x08000188       0x40 /home/javastral/st/stm32cubeclt_1.17.0/GNU-tools-for-STM32/bin/../lib/gcc/arm-none-eabi/12.3.1/thumb/v7e-m+fp/hard/crtbegin.o
 .text          0x080001c8       0x30 /home/javastral/st/stm32cubeclt_1.17.0/GNU-tools-for-STM32/bin/../lib/gcc/arm-none-eabi/12.3.1/thumb/v7e-m+fp/hard/libgcc.a(_aeabi_uldivmod.o)
                0x080001c8                __aeabi_uldivmod
 .text          0x080001f8      0x2bc /home/javastral/st/stm32cubeclt_1.17.0/GNU-tools-for-STM32/bin/../lib/gcc/arm-none-eabi/12.3.1/thumb/v7e-m+fp/hard/libgcc.a(_udivmoddi4.o)
                0x080001f8                __udivmoddi4
 .text          0x080004b4        0x4 /home/javastral/st/stm32cubeclt_1.17.0/GNU-tools-for-STM32/bin/../lib/gcc/arm-none-eabi/12.3.1/thumb/v7e-m+fp/hard/libgcc.a(_dvmd_tls.o)
                0x080004b4                __aeabi_ldiv0
                0x080004b4                __aeabi_idiv0
 *(.text*)
 .text.memset   0x080004b8       0x10 /home/javastral/st/stm32cubeclt_1.17.0/GNU-tools-for-STM32/bin/../lib/gcc/arm-none-eabi/12.3.1/../../../../arm-none-eabi/lib/thumb/v7e-m+fp/hard/libc_nano.a(libc_a-memset.o)
                0x080004b8                memset
 .text.__libc_init_array
                0x080004c8       0x48 /home/javastral/st/stm32cubeclt_1.17.0/GNU-tools-for-STM32/bin/../lib/gcc/arm-none-eabi/12.3.1/../../../../arm-none-eabi/lib/thumb/v7e-m+fp/hard/libc_nano.a(libc_a-init.o)
                0x080004c8                __libc_init_array
 .text.keypad_init
                0x08000510       0x38 CMakeFiles/Plantilla-final.dir/Drivers/keypad/keypad.c.obj
                0x08000510                keypad_init
 .text.keypad_scan_column
                0x08000548       0xf4 CMakeFiles/Plantilla-final.dir/Drivers/keypad/keypad.c.obj
 .text.keypad_scan
                0x0800063c       0xe4 CMakeFiles/Plantilla-final.dir/Drivers/keypad/keypad.c.obj
                0x0800063c                keypad_scan
 .text.ring_buffer_init
                0x08000720       0x38 CMakeFiles/Plantilla-final.dir/Core/Src/ring_buffer.c.obj
                0x08000720                ring_buffer_init
 .text.ring_buffer_size
                0x08000758       0x50 CMakeFiles/Plantilla-final.dir/Core/Src/ring_buffer.c.obj
                0x08000758                ring_buffer_size
 .text.ring_buffer_write
                0x080007a8       0x7a CMakeFiles/Plantilla-final.dir/Core/Src/ring_buffer.c.obj
                0x080007a8                ring_buffer_write
 *fill*         0x08000822        0x2 
 .text.HAL_GPIO_EXTI_Callback
                0x08000824       0x4c CMakeFiles/Plantilla-final.dir/Core/Src/main.c.obj
                0x08000824                HAL_GPIO_EXTI_Callback
 .text.HAL_UART_RxCpltCallback
                0x08000870       0x6c CMakeFiles/Plantilla-final.dir/Core/Src/main.c.obj
                0x08000870                HAL_UART_RxCpltCallback
 .text.show_rb  0x080008dc       0x84 CMakeFiles/Plantilla-final.dir/Core/Src/main.c.obj
                0x080008dc                show_rb
 .text.main     0x08000960       0xcc CMakeFiles/Plantilla-final.dir/Core/Src/main.c.obj
                0x08000960                main
 .text.SystemClock_Config
                0x08000a2c       0xa2 CMakeFiles/Plantilla-final.dir/Core/Src/main.c.obj
                0x08000a2c                SystemClock_Config
 *fill*         0x08000ace        0x2 
 .text.MX_I2C1_Init
                0x08000ad0       0x80 CMakeFiles/Plantilla-final.dir/Core/Src/main.c.obj
 .text.MX_USART2_UART_Init
                0x08000b50       0x60 CMakeFiles/Plantilla-final.dir/Core/Src/main.c.obj
 .text.MX_USART3_UART_Init
                0x08000bb0       0x60 CMakeFiles/Plantilla-final.dir/Core/Src/main.c.obj
 .text.MX_GPIO_Init
                0x08000c10      0x18c CMakeFiles/Plantilla-final.dir/Core/Src/main.c.obj
 .text.Error_Handler
                0x08000d9c        0xc CMakeFiles/Plantilla-final.dir/Core/Src/main.c.obj
                0x08000d9c                Error_Handler
 .text.NMI_Handler
                0x08000da8        0x8 CMakeFiles/Plantilla-final.dir/Core/Src/stm32l4xx_it.c.obj
                0x08000da8                NMI_Handler
 .text.HardFault_Handler
                0x08000db0        0x8 CMakeFiles/Plantilla-final.dir/Core/Src/stm32l4xx_it.c.obj
                0x08000db0                HardFault_Handler
 .text.MemManage_Handler
                0x08000db8        0x8 CMakeFiles/Plantilla-final.dir/Core/Src/stm32l4xx_it.c.obj
                0x08000db8                MemManage_Handler
 .text.BusFault_Handler
                0x08000dc0        0x8 CMakeFiles/Plantilla-final.dir/Core/Src/stm32l4xx_it.c.obj
                0x08000dc0                BusFault_Handler
 .text.UsageFault_Handler
                0x08000dc8        0x8 CMakeFiles/Plantilla-final.dir/Core/Src/stm32l4xx_it.c.obj
                0x08000dc8                UsageFault_Handler
 .text.SVC_Handler
                0x08000dd0        0xe CMakeFiles/Plantilla-final.dir/Core/Src/stm32l4xx_it.c.obj
                0x08000dd0                SVC_Handler
 .text.DebugMon_Handler
                0x08000dde        0xe CMakeFiles/Plantilla-final.dir/Core/Src/stm32l4xx_it.c.obj
                0x08000dde                DebugMon_Handler
 .text.PendSV_Handler
                0x08000dec        0xe CMakeFiles/Plantilla-final.dir/Core/Src/stm32l4xx_it.c.obj
                0x08000dec                PendSV_Handler
 .text.SysTick_Handler
                0x08000dfa        0xc CMakeFiles/Plantilla-final.dir/Core/Src/stm32l4xx_it.c.obj
                0x08000dfa                SysTick_Handler
 .text.RCC_IRQHandler
                0x08000e06        0xe CMakeFiles/Plantilla-final.dir/Core/Src/stm32l4xx_it.c.obj
                0x08000e06                RCC_IRQHandler
 .text.EXTI9_5_IRQHandler
                0x08000e14       0x1e CMakeFiles/Plantilla-final.dir/Core/Src/stm32l4xx_it.c.obj
                0x08000e14                EXTI9_5_IRQHandler
 *fill*         0x08000e32        0x2 
 .text.I2C1_EV_IRQHandler
                0x08000e34       0x14 CMakeFiles/Plantilla-final.dir/Core/Src/stm32l4xx_it.c.obj
                0x08000e34                I2C1_EV_IRQHandler
 .text.I2C1_ER_IRQHandler
                0x08000e48       0x14 CMakeFiles/Plantilla-final.dir/Core/Src/stm32l4xx_it.c.obj
                0x08000e48                I2C1_ER_IRQHandler
 .text.USART2_IRQHandler
                0x08000e5c       0x14 CMakeFiles/Plantilla-final.dir/Core/Src/stm32l4xx_it.c.obj
                0x08000e5c                USART2_IRQHandler
 .text.USART3_IRQHandler
                0x08000e70       0x14 CMakeFiles/Plantilla-final.dir/Core/Src/stm32l4xx_it.c.obj
                0x08000e70                USART3_IRQHandler
 .text.EXTI15_10_IRQHandler
                0x08000e84       0x18 CMakeFiles/Plantilla-final.dir/Core/Src/stm32l4xx_it.c.obj
                0x08000e84                EXTI15_10_IRQHandler
 .text.HAL_MspInit
                0x08000e9c       0x54 CMakeFiles/Plantilla-final.dir/Core/Src/stm32l4xx_hal_msp.c.obj
                0x08000e9c                HAL_MspInit
 .text.HAL_I2C_MspInit
                0x08000ef0       0xdc CMakeFiles/Plantilla-final.dir/Core/Src/stm32l4xx_hal_msp.c.obj
                0x08000ef0                HAL_I2C_MspInit
 .text.HAL_UART_MspInit
                0x08000fcc      0x164 CMakeFiles/Plantilla-final.dir/Core/Src/stm32l4xx_hal_msp.c.obj
                0x08000fcc                HAL_UART_MspInit
 .text.HAL_I2C_Init
                0x08001130      0x136 CMakeFiles/Plantilla-final.dir/Drivers/STM32L4xx_HAL_Driver/Src/stm32l4xx_hal_i2c.c.obj
                0x08001130                HAL_I2C_Init
 .text.HAL_I2C_EV_IRQHandler
                0x08001266       0x34 CMakeFiles/Plantilla-final.dir/Drivers/STM32L4xx_HAL_Driver/Src/stm32l4xx_hal_i2c.c.obj
                0x08001266                HAL_I2C_EV_IRQHandler
 .text.HAL_I2C_ER_IRQHandler
                0x0800129a       0xb6 CMakeFiles/Plantilla-final.dir/Drivers/STM32L4xx_HAL_Driver/Src/stm32l4xx_hal_i2c.c.obj
                0x0800129a                HAL_I2C_ER_IRQHandler
 .text.HAL_I2C_SlaveTxCpltCallback
                0x08001350       0x14 CMakeFiles/Plantilla-final.dir/Drivers/STM32L4xx_HAL_Driver/Src/stm32l4xx_hal_i2c.c.obj
                0x08001350                HAL_I2C_SlaveTxCpltCallback
 .text.HAL_I2C_SlaveRxCpltCallback
                0x08001364       0x14 CMakeFiles/Plantilla-final.dir/Drivers/STM32L4xx_HAL_Driver/Src/stm32l4xx_hal_i2c.c.obj
                0x08001364                HAL_I2C_SlaveRxCpltCallback
 .text.HAL_I2C_AddrCallback
                0x08001378       0x1c CMakeFiles/Plantilla-final.dir/Drivers/STM32L4xx_HAL_Driver/Src/stm32l4xx_hal_i2c.c.obj
                0x08001378                HAL_I2C_AddrCallback
 .text.HAL_I2C_ListenCpltCallback
                0x08001394       0x14 CMakeFiles/Plantilla-final.dir/Drivers/STM32L4xx_HAL_Driver/Src/stm32l4xx_hal_i2c.c.obj
                0x08001394                HAL_I2C_ListenCpltCallback
 .text.HAL_I2C_ErrorCallback
                0x080013a8       0x14 CMakeFiles/Plantilla-final.dir/Drivers/STM32L4xx_HAL_Driver/Src/stm32l4xx_hal_i2c.c.obj
                0x080013a8                HAL_I2C_ErrorCallback
 .text.HAL_I2C_AbortCpltCallback
                0x080013bc       0x14 CMakeFiles/Plantilla-final.dir/Drivers/STM32L4xx_HAL_Driver/Src/stm32l4xx_hal_i2c.c.obj
                0x080013bc                HAL_I2C_AbortCpltCallback
 .text.I2C_Slave_ISR_IT
                0x080013d0      0x1f2 CMakeFiles/Plantilla-final.dir/Drivers/STM32L4xx_HAL_Driver/Src/stm32l4xx_hal_i2c.c.obj
 .text.I2C_ITAddrCplt
                0x080015c2      0x108 CMakeFiles/Plantilla-final.dir/Drivers/STM32L4xx_HAL_Driver/Src/stm32l4xx_hal_i2c.c.obj
 .text.I2C_ITSlaveSeqCplt
                0x080016ca       0xb8 CMakeFiles/Plantilla-final.dir/Drivers/STM32L4xx_HAL_Driver/Src/stm32l4xx_hal_i2c.c.obj
 *fill*         0x08001782        0x2 
 .text.I2C_ITSlaveCplt
                0x08001784      0x2c8 CMakeFiles/Plantilla-final.dir/Drivers/STM32L4xx_HAL_Driver/Src/stm32l4xx_hal_i2c.c.obj
 .text.I2C_ITListenCplt
                0x08001a4c       0xa8 CMakeFiles/Plantilla-final.dir/Drivers/STM32L4xx_HAL_Driver/Src/stm32l4xx_hal_i2c.c.obj
 .text.I2C_ITError
                0x08001af4      0x1e0 CMakeFiles/Plantilla-final.dir/Drivers/STM32L4xx_HAL_Driver/Src/stm32l4xx_hal_i2c.c.obj
 .text.I2C_TreatErrorCallback
                0x08001cd4       0x4e CMakeFiles/Plantilla-final.dir/Drivers/STM32L4xx_HAL_Driver/Src/stm32l4xx_hal_i2c.c.obj
 .text.I2C_Flush_TXDR
                0x08001d22       0x48 CMakeFiles/Plantilla-final.dir/Drivers/STM32L4xx_HAL_Driver/Src/stm32l4xx_hal_i2c.c.obj
 .text.I2C_DMAAbort
                0x08001d6a       0x3c CMakeFiles/Plantilla-final.dir/Drivers/STM32L4xx_HAL_Driver/Src/stm32l4xx_hal_i2c.c.obj
 .text.I2C_Disable_IRQ
                0x08001da6       0xbc CMakeFiles/Plantilla-final.dir/Drivers/STM32L4xx_HAL_Driver/Src/stm32l4xx_hal_i2c.c.obj
 .text.HAL_I2CEx_ConfigAnalogFilter
                0x08001e62       0x96 CMakeFiles/Plantilla-final.dir/Drivers/STM32L4xx_HAL_Driver/Src/stm32l4xx_hal_i2c_ex.c.obj
                0x08001e62                HAL_I2CEx_ConfigAnalogFilter
 .text.HAL_I2CEx_ConfigDigitalFilter
                0x08001ef8       0x98 CMakeFiles/Plantilla-final.dir/Drivers/STM32L4xx_HAL_Driver/Src/stm32l4xx_hal_i2c_ex.c.obj
                0x08001ef8                HAL_I2CEx_ConfigDigitalFilter
 .text.HAL_Init
                0x08001f90       0x40 CMakeFiles/Plantilla-final.dir/Drivers/STM32L4xx_HAL_Driver/Src/stm32l4xx_hal.c.obj
                0x08001f90                HAL_Init
 .text.HAL_InitTick
                0x08001fd0       0x78 CMakeFiles/Plantilla-final.dir/Drivers/STM32L4xx_HAL_Driver/Src/stm32l4xx_hal.c.obj
                0x08001fd0                HAL_InitTick
 .text.HAL_IncTick
                0x08002048       0x28 CMakeFiles/Plantilla-final.dir/Drivers/STM32L4xx_HAL_Driver/Src/stm32l4xx_hal.c.obj
                0x08002048                HAL_IncTick
 .text.HAL_GetTick
                0x08002070       0x18 CMakeFiles/Plantilla-final.dir/Drivers/STM32L4xx_HAL_Driver/Src/stm32l4xx_hal.c.obj
                0x08002070                HAL_GetTick
 .text.HAL_RCC_OscConfig
                0x08002088      0x7b8 CMakeFiles/Plantilla-final.dir/Drivers/STM32L4xx_HAL_Driver/Src/stm32l4xx_hal_rcc.c.obj
                0x08002088                HAL_RCC_OscConfig
 .text.HAL_RCC_ClockConfig
                0x08002840      0x200 CMakeFiles/Plantilla-final.dir/Drivers/STM32L4xx_HAL_Driver/Src/stm32l4xx_hal_rcc.c.obj
                0x08002840                HAL_RCC_ClockConfig
 .text.HAL_RCC_GetSysClockFreq
                0x08002a40      0x118 CMakeFiles/Plantilla-final.dir/Drivers/STM32L4xx_HAL_Driver/Src/stm32l4xx_hal_rcc.c.obj
                0x08002a40                HAL_RCC_GetSysClockFreq
 .text.HAL_RCC_GetHCLKFreq
                0x08002b58       0x18 CMakeFiles/Plantilla-final.dir/Drivers/STM32L4xx_HAL_Driver/Src/stm32l4xx_hal_rcc.c.obj
                0x08002b58                HAL_RCC_GetHCLKFreq
 .text.HAL_RCC_GetPCLK1Freq
                0x08002b70       0x2c CMakeFiles/Plantilla-final.dir/Drivers/STM32L4xx_HAL_Driver/Src/stm32l4xx_hal_rcc.c.obj
                0x08002b70                HAL_RCC_GetPCLK1Freq
 .text.HAL_RCC_GetPCLK2Freq
                0x08002b9c       0x2c CMakeFiles/Plantilla-final.dir/Drivers/STM32L4xx_HAL_Driver/Src/stm32l4xx_hal_rcc.c.obj
                0x08002b9c                HAL_RCC_GetPCLK2Freq
 .text.RCC_SetFlashLatencyFromMSIRange
                0x08002bc8       0xc0 CMakeFiles/Plantilla-final.dir/Drivers/STM32L4xx_HAL_Driver/Src/stm32l4xx_hal_rcc.c.obj
 .text.HAL_RCCEx_PeriphCLKConfig
                0x08002c88      0x5d4 CMakeFiles/Plantilla-final.dir/Drivers/STM32L4xx_HAL_Driver/Src/stm32l4xx_hal_rcc_ex.c.obj
                0x08002c88                HAL_RCCEx_PeriphCLKConfig
 .text.RCCEx_PLLSAI1_Config
                0x0800325c      0x1e8 CMakeFiles/Plantilla-final.dir/Drivers/STM32L4xx_HAL_Driver/Src/stm32l4xx_hal_rcc_ex.c.obj
 .text.RCCEx_PLLSAI2_Config
                0x08003444      0x1bc CMakeFiles/Plantilla-final.dir/Drivers/STM32L4xx_HAL_Driver/Src/stm32l4xx_hal_rcc_ex.c.obj
 .text.HAL_GPIO_Init
                0x08003600      0x354 CMakeFiles/Plantilla-final.dir/Drivers/STM32L4xx_HAL_Driver/Src/stm32l4xx_hal_gpio.c.obj
                0x08003600                HAL_GPIO_Init
 .text.HAL_GPIO_ReadPin
                0x08003954       0x30 CMakeFiles/Plantilla-final.dir/Drivers/STM32L4xx_HAL_Driver/Src/stm32l4xx_hal_gpio.c.obj
                0x08003954                HAL_GPIO_ReadPin
 .text.HAL_GPIO_WritePin
                0x08003984       0x30 CMakeFiles/Plantilla-final.dir/Drivers/STM32L4xx_HAL_Driver/Src/stm32l4xx_hal_gpio.c.obj
                0x08003984                HAL_GPIO_WritePin
 .text.HAL_GPIO_EXTI_IRQHandler
                0x080039b4       0x30 CMakeFiles/Plantilla-final.dir/Drivers/STM32L4xx_HAL_Driver/Src/stm32l4xx_hal_gpio.c.obj
                0x080039b4                HAL_GPIO_EXTI_IRQHandler
 .text.HAL_DMA_Abort
                0x080039e4       0x7c CMakeFiles/Plantilla-final.dir/Drivers/STM32L4xx_HAL_Driver/Src/stm32l4xx_hal_dma.c.obj
                0x080039e4                HAL_DMA_Abort
 .text.HAL_DMA_Abort_IT
                0x08003a60       0x82 CMakeFiles/Plantilla-final.dir/Drivers/STM32L4xx_HAL_Driver/Src/stm32l4xx_hal_dma.c.obj
                0x08003a60                HAL_DMA_Abort_IT
 .text.HAL_DMA_GetState
                0x08003ae2       0x1c CMakeFiles/Plantilla-final.dir/Drivers/STM32L4xx_HAL_Driver/Src/stm32l4xx_hal_dma.c.obj
                0x08003ae2                HAL_DMA_GetState
 *fill*         0x08003afe        0x2 
 .text.HAL_PWREx_GetVoltageRange
                0x08003b00       0x1c CMakeFiles/Plantilla-final.dir/Drivers/STM32L4xx_HAL_Driver/Src/stm32l4xx_hal_pwr_ex.c.obj
                0x08003b00                HAL_PWREx_GetVoltageRange
 .text.HAL_PWREx_ControlVoltageScaling
                0x08003b1c       0xac CMakeFiles/Plantilla-final.dir/Drivers/STM32L4xx_HAL_Driver/Src/stm32l4xx_hal_pwr_ex.c.obj
                0x08003b1c                HAL_PWREx_ControlVoltageScaling
 .text.__NVIC_SetPriorityGrouping
                0x08003bc8       0x48 CMakeFiles/Plantilla-final.dir/Drivers/STM32L4xx_HAL_Driver/Src/stm32l4xx_hal_cortex.c.obj
 .text.__NVIC_GetPriorityGrouping
                0x08003c10       0x1c CMakeFiles/Plantilla-final.dir/Drivers/STM32L4xx_HAL_Driver/Src/stm32l4xx_hal_cortex.c.obj
 .text.__NVIC_EnableIRQ
                0x08003c2c       0x3c CMakeFiles/Plantilla-final.dir/Drivers/STM32L4xx_HAL_Driver/Src/stm32l4xx_hal_cortex.c.obj
 .text.__NVIC_SetPriority
                0x08003c68       0x54 CMakeFiles/Plantilla-final.dir/Drivers/STM32L4xx_HAL_Driver/Src/stm32l4xx_hal_cortex.c.obj
 .text.NVIC_EncodePriority
                0x08003cbc       0x66 CMakeFiles/Plantilla-final.dir/Drivers/STM32L4xx_HAL_Driver/Src/stm32l4xx_hal_cortex.c.obj
 *fill*         0x08003d22        0x2 
 .text.SysTick_Config
                0x08003d24       0x44 CMakeFiles/Plantilla-final.dir/Drivers/STM32L4xx_HAL_Driver/Src/stm32l4xx_hal_cortex.c.obj
 .text.HAL_NVIC_SetPriorityGrouping
                0x08003d68       0x16 CMakeFiles/Plantilla-final.dir/Drivers/STM32L4xx_HAL_Driver/Src/stm32l4xx_hal_cortex.c.obj
                0x08003d68                HAL_NVIC_SetPriorityGrouping
 .text.HAL_NVIC_SetPriority
                0x08003d7e       0x38 CMakeFiles/Plantilla-final.dir/Drivers/STM32L4xx_HAL_Driver/Src/stm32l4xx_hal_cortex.c.obj
                0x08003d7e                HAL_NVIC_SetPriority
 .text.HAL_NVIC_EnableIRQ
                0x08003db6       0x1c CMakeFiles/Plantilla-final.dir/Drivers/STM32L4xx_HAL_Driver/Src/stm32l4xx_hal_cortex.c.obj
                0x08003db6                HAL_NVIC_EnableIRQ
 .text.HAL_SYSTICK_Config
                0x08003dd2       0x18 CMakeFiles/Plantilla-final.dir/Drivers/STM32L4xx_HAL_Driver/Src/stm32l4xx_hal_cortex.c.obj
                0x08003dd2                HAL_SYSTICK_Config
 .text.HAL_UART_Init
                0x08003dea       0x9c CMakeFiles/Plantilla-final.dir/Drivers/STM32L4xx_HAL_Driver/Src/stm32l4xx_hal_uart.c.obj
                0x08003dea                HAL_UART_Init
 .text.HAL_UART_Transmit
                0x08003e86      0x112 CMakeFiles/Plantilla-final.dir/Drivers/STM32L4xx_HAL_Driver/Src/stm32l4xx_hal_uart.c.obj
                0x08003e86                HAL_UART_Transmit
 .text.HAL_UART_Receive_IT
                0x08003f98       0x98 CMakeFiles/Plantilla-final.dir/Drivers/STM32L4xx_HAL_Driver/Src/stm32l4xx_hal_uart.c.obj
                0x08003f98                HAL_UART_Receive_IT
 .text.HAL_UART_IRQHandler
                0x08004030      0x60c CMakeFiles/Plantilla-final.dir/Drivers/STM32L4xx_HAL_Driver/Src/stm32l4xx_hal_uart.c.obj
                0x08004030                HAL_UART_IRQHandler
 .text.HAL_UART_TxCpltCallback
                0x0800463c       0x14 CMakeFiles/Plantilla-final.dir/Drivers/STM32L4xx_HAL_Driver/Src/stm32l4xx_hal_uart.c.obj
                0x0800463c                HAL_UART_TxCpltCallback
 .text.HAL_UART_ErrorCallback
                0x08004650       0x14 CMakeFiles/Plantilla-final.dir/Drivers/STM32L4xx_HAL_Driver/Src/stm32l4xx_hal_uart.c.obj
                0x08004650                HAL_UART_ErrorCallback
 .text.HAL_UARTEx_RxEventCallback
                0x08004664       0x18 CMakeFiles/Plantilla-final.dir/Drivers/STM32L4xx_HAL_Driver/Src/stm32l4xx_hal_uart.c.obj
                0x08004664                HAL_UARTEx_RxEventCallback
 .text.UART_SetConfig
                0x0800467c      0x570 CMakeFiles/Plantilla-final.dir/Drivers/STM32L4xx_HAL_Driver/Src/stm32l4xx_hal_uart.c.obj
                0x0800467c                UART_SetConfig
 .text.UART_AdvFeatureConfig
                0x08004bec      0x144 CMakeFiles/Plantilla-final.dir/Drivers/STM32L4xx_HAL_Driver/Src/stm32l4xx_hal_uart.c.obj
                0x08004bec                UART_AdvFeatureConfig
 .text.UART_CheckIdleState
                0x08004d30      0x150 CMakeFiles/Plantilla-final.dir/Drivers/STM32L4xx_HAL_Driver/Src/stm32l4xx_hal_uart.c.obj
                0x08004d30                UART_CheckIdleState
 .text.UART_WaitOnFlagUntilTimeout
                0x08004e80       0xda CMakeFiles/Plantilla-final.dir/Drivers/STM32L4xx_HAL_Driver/Src/stm32l4xx_hal_uart.c.obj
                0x08004e80                UART_WaitOnFlagUntilTimeout
 *fill*         0x08004f5a        0x2 
 .text.UART_Start_Receive_IT
                0x08004f5c      0x18c CMakeFiles/Plantilla-final.dir/Drivers/STM32L4xx_HAL_Driver/Src/stm32l4xx_hal_uart.c.obj
                0x08004f5c                UART_Start_Receive_IT
 .text.UART_EndRxTransfer
                0x080050e8       0xc8 CMakeFiles/Plantilla-final.dir/Drivers/STM32L4xx_HAL_Driver/Src/stm32l4xx_hal_uart.c.obj
 .text.UART_DMAAbortOnError
                0x080051b0       0x2c CMakeFiles/Plantilla-final.dir/Drivers/STM32L4xx_HAL_Driver/Src/stm32l4xx_hal_uart.c.obj
 .text.UART_EndTransmit_IT
                0x080051dc       0x54 CMakeFiles/Plantilla-final.dir/Drivers/STM32L4xx_HAL_Driver/Src/stm32l4xx_hal_uart.c.obj
 .text.UART_RxISR_8BIT
                0x08005230      0x1bc CMakeFiles/Plantilla-final.dir/Drivers/STM32L4xx_HAL_Driver/Src/stm32l4xx_hal_uart.c.obj
 .text.UART_RxISR_16BIT
                0x080053ec      0x1bc CMakeFiles/Plantilla-final.dir/Drivers/STM32L4xx_HAL_Driver/Src/stm32l4xx_hal_uart.c.obj
 .text.HAL_UARTEx_WakeupCallback
                0x080055a8       0x14 CMakeFiles/Plantilla-final.dir/Drivers/STM32L4xx_HAL_Driver/Src/stm32l4xx_hal_uart_ex.c.obj
                0x080055a8                HAL_UARTEx_WakeupCallback
 .text.SystemInit
                0x080055bc       0x24 CMakeFiles/Plantilla-final.dir/Core/Src/system_stm32l4xx.c.obj
                0x080055bc                SystemInit
 .text.Reset_Handler
                0x080055e0       0x50 CMakeFiles/Plantilla-final.dir/startup_stm32l476xx.s.obj
                0x080055e0                Reset_Handler
 .text.Default_Handler
                0x08005630        0x2 CMakeFiles/Plantilla-final.dir/startup_stm32l476xx.s.obj
                0x08005630                RTC_Alarm_IRQHandler
                0x08005630                EXTI2_IRQHandler
                0x08005630                TIM8_TRG_COM_IRQHandler
                0x08005630                TIM8_CC_IRQHandler
                0x08005630                TIM1_CC_IRQHandler
                0x08005630                TSC_IRQHandler
                0x08005630                TAMP_STAMP_IRQHandler
                0x08005630                EXTI3_IRQHandler
                0x08005630                LPTIM2_IRQHandler
                0x08005630                DFSDM1_FLT1_IRQHandler
                0x08005630                I2C3_ER_IRQHandler
                0x08005630                DFSDM1_FLT2_IRQHandler
                0x08005630                EXTI0_IRQHandler
                0x08005630                I2C2_EV_IRQHandler
                0x08005630                CAN1_RX0_IRQHandler
                0x08005630                FPU_IRQHandler
                0x08005630                TIM1_UP_TIM16_IRQHandler
                0x08005630                ADC1_2_IRQHandler
                0x08005630                SPI1_IRQHandler
                0x08005630                TIM6_DAC_IRQHandler
                0x08005630                TIM8_UP_IRQHandler
                0x08005630                DMA2_Channel2_IRQHandler
                0x08005630                DMA1_Channel4_IRQHandler
                0x08005630                SAI2_IRQHandler
                0x08005630                DFSDM1_FLT3_IRQHandler
                0x08005630                DMA1_Channel7_IRQHandler
                0x08005630                CAN1_RX1_IRQHandler
                0x08005630                LCD_IRQHandler
                0x08005630                UART5_IRQHandler
                0x08005630                ADC3_IRQHandler
                0x08005630                TIM4_IRQHandler
                0x08005630                DMA2_Channel1_IRQHandler
                0x08005630                QUADSPI_IRQHandler
                0x08005630                DMA1_Channel6_IRQHandler
                0x08005630                UART4_IRQHandler
                0x08005630                DMA2_Channel4_IRQHandler
                0x08005630                TIM3_IRQHandler
                0x08005630                DMA1_Channel1_IRQHandler
                0x08005630                Default_Handler
                0x08005630                DMA2_Channel7_IRQHandler
                0x08005630                TIM7_IRQHandler
                0x08005630                SDMMC1_IRQHandler
                0x08005630                TIM5_IRQHandler
                0x08005630                I2C3_EV_IRQHandler
                0x08005630                RTC_WKUP_IRQHandler
                0x08005630                PVD_PVM_IRQHandler
                0x08005630                SPI2_IRQHandler
                0x08005630                CAN1_TX_IRQHandler
                0x08005630                DMA2_Channel5_IRQHandler
                0x08005630                DMA1_Channel5_IRQHandler
                0x08005630                EXTI4_IRQHandler
                0x08005630                RNG_IRQHandler
                0x08005630                TIM1_TRG_COM_TIM17_IRQHandler
                0x08005630                DMA1_Channel3_IRQHandler
                0x08005630                COMP_IRQHandler
                0x08005630                WWDG_IRQHandler
                0x08005630                LPUART1_IRQHandler
                0x08005630                DMA2_Channel6_IRQHandler
                0x08005630                TIM2_IRQHandler
                0x08005630                EXTI1_IRQHandler
                0x08005630                DFSDM1_FLT0_IRQHandler
                0x08005630                I2C2_ER_IRQHandler
                0x08005630                DMA1_Channel2_IRQHandler
                0x08005630                TIM8_BRK_IRQHandler
                0x08005630                CAN1_SCE_IRQHandler
                0x08005630                FLASH_IRQHandler
                0x08005630                USART1_IRQHandler
                0x08005630                OTG_FS_IRQHandler
                0x08005630                SPI3_IRQHandler
                0x08005630                FMC_IRQHandler
                0x08005630                SWPMI1_IRQHandler
                0x08005630                LPTIM1_IRQHandler
                0x08005630                SAI1_IRQHandler
                0x08005630                DMA2_Channel3_IRQHandler
                0x08005630                TIM1_BRK_TIM15_IRQHandler
 *(.glue_7)
 .glue_7        0x08005632        0x0 linker stubs
 *(.glue_7t)
 .glue_7t       0x08005632        0x0 linker stubs
 *(.eh_frame)
 *fill*         0x08005632        0x2 
 .eh_frame      0x08005634        0x0 /home/javastral/st/stm32cubeclt_1.17.0/GNU-tools-for-STM32/bin/../lib/gcc/arm-none-eabi/12.3.1/thumb/v7e-m+fp/hard/crtbegin.o
 *(.init)
 .init          0x08005634        0x4 /home/javastral/st/stm32cubeclt_1.17.0/GNU-tools-for-STM32/bin/../lib/gcc/arm-none-eabi/12.3.1/thumb/v7e-m+fp/hard/crti.o
                0x08005634                _init
 .init          0x08005638        0x8 /home/javastral/st/stm32cubeclt_1.17.0/GNU-tools-for-STM32/bin/../lib/gcc/arm-none-eabi/12.3.1/thumb/v7e-m+fp/hard/crtn.o
 *(.fini)
 .fini          0x08005640        0x4 /home/javastral/st/stm32cubeclt_1.17.0/GNU-tools-for-STM32/bin/../lib/gcc/arm-none-eabi/12.3.1/thumb/v7e-m+fp/hard/crti.o
                0x08005640                _fini
 .fini          0x08005644        0x8 /home/javastral/st/stm32cubeclt_1.17.0/GNU-tools-for-STM32/bin/../lib/gcc/arm-none-eabi/12.3.1/thumb/v7e-m+fp/hard/crtn.o
                0x08005650                        . = ALIGN (0x8)
 *fill*         0x0800564c        0x4 
                0x08005650                        _etext = .

.vfp11_veneer   0x08005650        0x0
 .vfp11_veneer  0x08005650        0x0 linker stubs

.v4_bx          0x08005650        0x0
 .v4_bx         0x08005650        0x0 linker stubs

.iplt           0x08005650        0x0
 .iplt          0x08005650        0x0 /home/javastral/st/stm32cubeclt_1.17.0/GNU-tools-for-STM32/bin/../lib/gcc/arm-none-eabi/12.3.1/thumb/v7e-m+fp/hard/crtbegin.o

.rodata         0x08005650       0xa8
                0x08005650                        . = ALIGN (0x8)
 *(.rodata)
 .rodata        0x08005650       0x20 CMakeFiles/Plantilla-final.dir/Drivers/keypad/keypad.c.obj
 .rodata        0x08005670       0x2a CMakeFiles/Plantilla-final.dir/Core/Src/main.c.obj
 *(.rodata*)
 *fill*         0x0800569a        0x2 
 .rodata.keypad_map
                0x0800569c       0x10 CMakeFiles/Plantilla-final.dir/Drivers/keypad/keypad.c.obj
                0x0800569c                keypad_map
 .rodata.AHBPrescTable
                0x080056ac       0x10 CMakeFiles/Plantilla-final.dir/Core/Src/system_stm32l4xx.c.obj
                0x080056ac                AHBPrescTable
 .rodata.APBPrescTable
                0x080056bc        0x8 CMakeFiles/Plantilla-final.dir/Core/Src/system_stm32l4xx.c.obj
                0x080056bc                APBPrescTable
 .rodata.MSIRangeTable
                0x080056c4       0x30 CMakeFiles/Plantilla-final.dir/Core/Src/system_stm32l4xx.c.obj
                0x080056c4                MSIRangeTable
                0x080056f8                        . = ALIGN (0x8)
 *fill*         0x080056f4        0x4 

.ARM.extab      0x080056f8        0x0
                0x080056f8                        . = ALIGN (0x8)
 *(.ARM.extab* .gnu.linkonce.armextab.*)
                0x080056f8                        . = ALIGN (0x8)

.ARM            0x080056f8        0x8
                0x080056f8                        . = ALIGN (0x8)
                0x080056f8                        __exidx_start = .
 *(.ARM.exidx*)
 .ARM.exidx     0x080056f8        0x8 /home/javastral/st/stm32cubeclt_1.17.0/GNU-tools-for-STM32/bin/../lib/gcc/arm-none-eabi/12.3.1/thumb/v7e-m+fp/hard/libgcc.a(_udivmoddi4.o)
                0x08005700                        __exidx_end = .
                0x08005700                        . = ALIGN (0x8)

.rel.dyn        0x08005700        0x0
 .rel.iplt      0x08005700        0x0 /home/javastral/st/stm32cubeclt_1.17.0/GNU-tools-for-STM32/bin/../lib/gcc/arm-none-eabi/12.3.1/thumb/v7e-m+fp/hard/crtbegin.o

.preinit_array  0x08005700        0x0
                0x08005700                        . = ALIGN (0x8)
                0x08005700                        PROVIDE (__preinit_array_start = .)
 *(.preinit_array*)
                0x08005700                        PROVIDE (__preinit_array_end = .)
                0x08005700                        . = ALIGN (0x8)

.init_array     0x08005700        0x8
                0x08005700                        . = ALIGN (0x8)
                0x08005700                        PROVIDE (__init_array_start = .)
 *(SORT_BY_NAME(.init_array.*))
 *(.init_array*)
 .init_array    0x08005700        0x4 /home/javastral/st/stm32cubeclt_1.17.0/GNU-tools-for-STM32/bin/../lib/gcc/arm-none-eabi/12.3.1/thumb/v7e-m+fp/hard/crtbegin.o
                0x08005704                        PROVIDE (__init_array_end = .)
                0x08005708                        . = ALIGN (0x8)
 *fill*         0x08005704        0x4 

.fini_array     0x08005708        0x8
                0x08005708                        . = ALIGN (0x8)
                [!provide]                        PROVIDE (__fini_array_start = .)
 *(SORT_BY_NAME(.fini_array.*))
 *(.fini_array*)
 .fini_array    0x08005708        0x4 /home/javastral/st/stm32cubeclt_1.17.0/GNU-tools-for-STM32/bin/../lib/gcc/arm-none-eabi/12.3.1/thumb/v7e-m+fp/hard/crtbegin.o
                [!provide]                        PROVIDE (__fini_array_end = .)
                0x08005710                        . = ALIGN (0x8)
 *fill*         0x0800570c        0x4 
                0x08005710                        _sidata = LOADADDR (.data)

.data           0x20000000       0x10 load address 0x08005710
                0x20000000                        . = ALIGN (0x8)
                0x20000000                        _sdata = .
 *(.data)
 *(.data*)
 .data.uwTickPrio
                0x20000000        0x4 CMakeFiles/Plantilla-final.dir/Drivers/STM32L4xx_HAL_Driver/Src/stm32l4xx_hal.c.obj
                0x20000000                uwTickPrio
 .data.uwTickFreq
                0x20000004        0x1 CMakeFiles/Plantilla-final.dir/Drivers/STM32L4xx_HAL_Driver/Src/stm32l4xx_hal.c.obj
                0x20000004                uwTickFreq
 *fill*         0x20000005        0x3 
 .data.SystemCoreClock
                0x20000008        0x4 CMakeFiles/Plantilla-final.dir/Core/Src/system_stm32l4xx.c.obj
                0x20000008                SystemCoreClock
                0x20000010                        . = ALIGN (0x8)
 *fill*         0x2000000c        0x4 
                0x20000010                        _edata = .

.igot.plt       0x20000010        0x0 load address 0x08005720
 .igot.plt      0x20000010        0x0 /home/javastral/st/stm32cubeclt_1.17.0/GNU-tools-for-STM32/bin/../lib/gcc/arm-none-eabi/12.3.1/thumb/v7e-m+fp/hard/crtbegin.o
                0x20000010                        . = ALIGN (0x4)

.bss            0x20000010      0x1bc load address 0x08005720
                0x20000010                        _sbss = .
                0x20000010                        __bss_start__ = _sbss
 *(.bss)
 .bss           0x20000010       0x1c /home/javastral/st/stm32cubeclt_1.17.0/GNU-tools-for-STM32/bin/../lib/gcc/arm-none-eabi/12.3.1/thumb/v7e-m+fp/hard/crtbegin.o
 *(.bss*)
 .bss.hi2c1     0x2000002c       0x54 CMakeFiles/Plantilla-final.dir/Core/Src/main.c.obj
                0x2000002c                hi2c1
 .bss.huart2    0x20000080       0x88 CMakeFiles/Plantilla-final.dir/Core/Src/main.c.obj
                0x20000080                huart2
 .bss.huart3    0x20000108       0x88 CMakeFiles/Plantilla-final.dir/Core/Src/main.c.obj
                0x20000108                huart3
 .bss.rb        0x20000190        0x8 CMakeFiles/Plantilla-final.dir/Core/Src/main.c.obj
                0x20000190                rb
 .bss.buffer_memory
                0x20000198       0x20 CMakeFiles/Plantilla-final.dir/Core/Src/main.c.obj
                0x20000198                buffer_memory
 .bss.key_pressed_tick
                0x200001b8        0x4 CMakeFiles/Plantilla-final.dir/Core/Src/main.c.obj
                0x200001b8                key_pressed_tick
 .bss.column_pressed
                0x200001bc        0x2 CMakeFiles/Plantilla-final.dir/Core/Src/main.c.obj
                0x200001bc                column_pressed
 *fill*         0x200001be        0x2 
 .bss.debounce_tick
                0x200001c0        0x4 CMakeFiles/Plantilla-final.dir/Core/Src/main.c.obj
                0x200001c0                debounce_tick
 .bss.rx_data   0x200001c4        0x1 CMakeFiles/Plantilla-final.dir/Core/Src/main.c.obj
                0x200001c4                rx_data
 *fill*         0x200001c5        0x3 
 .bss.uwTick    0x200001c8        0x4 CMakeFiles/Plantilla-final.dir/Drivers/STM32L4xx_HAL_Driver/Src/stm32l4xx_hal.c.obj
                0x200001c8                uwTick
 *(COMMON)
                0x200001cc                        . = ALIGN (0x4)
                0x200001cc                        _ebss = .
                0x200001cc                        __bss_end__ = _ebss

._user_heap_stack
                0x200001cc      0x604 load address 0x08005720
                0x200001d0                        . = ALIGN (0x8)
 *fill*         0x200001cc        0x4 
                [!provide]                        PROVIDE (end = .)
                0x200001d0                        PROVIDE (_end = .)
                0x200003d0                        . = (. + _Min_Heap_Size)
 *fill*         0x200001d0      0x200 
                0x200007d0                        . = (. + _Min_Stack_Size)
 *fill*         0x200003d0      0x400 
                0x200007d0                        . = ALIGN (0x8)

/DISCARD/
 libc.a(*)
 libm.a(*)
 libgcc.a(*)
OUTPUT(Plantilla-final.elf elf32-littlearm)
LOAD linker stubs
LOAD /home/javastral/st/stm32cubeclt_1.17.0/GNU-tools-for-STM32/bin/../lib/gcc/arm-none-eabi/12.3.1/../../../../arm-none-eabi/lib/thumb/v7e-m+fp/hard/libc.a
LOAD /home/javastral/st/stm32cubeclt_1.17.0/GNU-tools-for-STM32/bin/../lib/gcc/arm-none-eabi/12.3.1/../../../../arm-none-eabi/lib/thumb/v7e-m+fp/hard/libm.a
LOAD /home/javastral/st/stm32cubeclt_1.17.0/GNU-tools-for-STM32/bin/../lib/gcc/arm-none-eabi/12.3.1/thumb/v7e-m+fp/hard/libgcc.a

.ARM.attributes
                0x00000000       0x30
 .ARM.attributes
                0x00000000       0x22 /home/javastral/st/stm32cubeclt_1.17.0/GNU-tools-for-STM32/bin/../lib/gcc/arm-none-eabi/12.3.1/thumb/v7e-m+fp/hard/crti.o
 .ARM.attributes
                0x00000022       0x34 /home/javastral/st/stm32cubeclt_1.17.0/GNU-tools-for-STM32/bin/../lib/gcc/arm-none-eabi/12.3.1/thumb/v7e-m+fp/hard/crtbegin.o
 .ARM.attributes
                0x00000056       0x34 /home/javastral/st/stm32cubeclt_1.17.0/GNU-tools-for-STM32/bin/../lib/gcc/arm-none-eabi/12.3.1/../../../../arm-none-eabi/lib/thumb/v7e-m+fp/hard/libc_nano.a(libc_a-memset.o)
 .ARM.attributes
                0x0000008a       0x34 /home/javastral/st/stm32cubeclt_1.17.0/GNU-tools-for-STM32/bin/../lib/gcc/arm-none-eabi/12.3.1/../../../../arm-none-eabi/lib/thumb/v7e-m+fp/hard/libc_nano.a(libc_a-init.o)
 .ARM.attributes
                0x000000be       0x34 CMakeFiles/Plantilla-final.dir/Drivers/keypad/keypad.c.obj
 .ARM.attributes
                0x000000f2       0x34 CMakeFiles/Plantilla-final.dir/Core/Src/ring_buffer.c.obj
 .ARM.attributes
                0x00000126       0x34 CMakeFiles/Plantilla-final.dir/Core/Src/main.c.obj
 .ARM.attributes
                0x0000015a       0x34 CMakeFiles/Plantilla-final.dir/Core/Src/stm32l4xx_it.c.obj
 .ARM.attributes
                0x0000018e       0x34 CMakeFiles/Plantilla-final.dir/Core/Src/stm32l4xx_hal_msp.c.obj
 .ARM.attributes
                0x000001c2       0x34 CMakeFiles/Plantilla-final.dir/Drivers/STM32L4xx_HAL_Driver/Src/stm32l4xx_hal_i2c.c.obj
 .ARM.attributes
                0x000001f6       0x34 CMakeFiles/Plantilla-final.dir/Drivers/STM32L4xx_HAL_Driver/Src/stm32l4xx_hal_i2c_ex.c.obj
 .ARM.attributes
                0x0000022a       0x34 CMakeFiles/Plantilla-final.dir/Drivers/STM32L4xx_HAL_Driver/Src/stm32l4xx_hal.c.obj
 .ARM.attributes
                0x0000025e       0x34 CMakeFiles/Plantilla-final.dir/Drivers/STM32L4xx_HAL_Driver/Src/stm32l4xx_hal_rcc.c.obj
 .ARM.attributes
                0x00000292       0x34 CMakeFiles/Plantilla-final.dir/Drivers/STM32L4xx_HAL_Driver/Src/stm32l4xx_hal_rcc_ex.c.obj
 .ARM.attributes
                0x000002c6       0x34 CMakeFiles/Plantilla-final.dir/Drivers/STM32L4xx_HAL_Driver/Src/stm32l4xx_hal_gpio.c.obj
 .ARM.attributes
                0x000002fa       0x34 CMakeFiles/Plantilla-final.dir/Drivers/STM32L4xx_HAL_Driver/Src/stm32l4xx_hal_dma.c.obj
 .ARM.attributes
                0x0000032e       0x34 CMakeFiles/Plantilla-final.dir/Drivers/STM32L4xx_HAL_Driver/Src/stm32l4xx_hal_pwr_ex.c.obj
 .ARM.attributes
                0x00000362       0x34 CMakeFiles/Plantilla-final.dir/Drivers/STM32L4xx_HAL_Driver/Src/stm32l4xx_hal_cortex.c.obj
 .ARM.attributes
                0x00000396       0x34 CMakeFiles/Plantilla-final.dir/Drivers/STM32L4xx_HAL_Driver/Src/stm32l4xx_hal_uart.c.obj
 .ARM.attributes
                0x000003ca       0x34 CMakeFiles/Plantilla-final.dir/Drivers/STM32L4xx_HAL_Driver/Src/stm32l4xx_hal_uart_ex.c.obj
 .ARM.attributes
                0x000003fe       0x34 CMakeFiles/Plantilla-final.dir/Core/Src/system_stm32l4xx.c.obj
 .ARM.attributes
                0x00000432       0x21 CMakeFiles/Plantilla-final.dir/startup_stm32l476xx.s.obj
 .ARM.attributes
                0x00000453       0x22 /home/javastral/st/stm32cubeclt_1.17.0/GNU-tools-for-STM32/bin/../lib/gcc/arm-none-eabi/12.3.1/thumb/v7e-m+fp/hard/libgcc.a(_aeabi_uldivmod.o)
 .ARM.attributes
                0x00000475       0x34 /home/javastral/st/stm32cubeclt_1.17.0/GNU-tools-for-STM32/bin/../lib/gcc/arm-none-eabi/12.3.1/thumb/v7e-m+fp/hard/libgcc.a(_udivmoddi4.o)
 .ARM.attributes
                0x000004a9       0x22 /home/javastral/st/stm32cubeclt_1.17.0/GNU-tools-for-STM32/bin/../lib/gcc/arm-none-eabi/12.3.1/thumb/v7e-m+fp/hard/libgcc.a(_dvmd_tls.o)
 .ARM.attributes
                0x000004cb       0x22 /home/javastral/st/stm32cubeclt_1.17.0/GNU-tools-for-STM32/bin/../lib/gcc/arm-none-eabi/12.3.1/thumb/v7e-m+fp/hard/crtn.o

.comment        0x00000000       0x43
 .comment       0x00000000       0x43 CMakeFiles/Plantilla-final.dir/Drivers/keypad/keypad.c.obj
                                 0x44 (size before relaxing)
 .comment       0x00000043       0x44 CMakeFiles/Plantilla-final.dir/Core/Src/ring_buffer.c.obj
 .comment       0x00000043       0x44 CMakeFiles/Plantilla-final.dir/Core/Src/main.c.obj
 .comment       0x00000043       0x44 CMakeFiles/Plantilla-final.dir/Core/Src/stm32l4xx_it.c.obj
 .comment       0x00000043       0x44 CMakeFiles/Plantilla-final.dir/Core/Src/stm32l4xx_hal_msp.c.obj
 .comment       0x00000043       0x44 CMakeFiles/Plantilla-final.dir/Drivers/STM32L4xx_HAL_Driver/Src/stm32l4xx_hal_i2c.c.obj
 .comment       0x00000043       0x44 CMakeFiles/Plantilla-final.dir/Drivers/STM32L4xx_HAL_Driver/Src/stm32l4xx_hal_i2c_ex.c.obj
 .comment       0x00000043       0x44 CMakeFiles/Plantilla-final.dir/Drivers/STM32L4xx_HAL_Driver/Src/stm32l4xx_hal.c.obj
 .comment       0x00000043       0x44 CMakeFiles/Plantilla-final.dir/Drivers/STM32L4xx_HAL_Driver/Src/stm32l4xx_hal_rcc.c.obj
 .comment       0x00000043       0x44 CMakeFiles/Plantilla-final.dir/Drivers/STM32L4xx_HAL_Driver/Src/stm32l4xx_hal_rcc_ex.c.obj
 .comment       0x00000043       0x44 CMakeFiles/Plantilla-final.dir/Drivers/STM32L4xx_HAL_Driver/Src/stm32l4xx_hal_gpio.c.obj
 .comment       0x00000043       0x44 CMakeFiles/Plantilla-final.dir/Drivers/STM32L4xx_HAL_Driver/Src/stm32l4xx_hal_dma.c.obj
 .comment       0x00000043       0x44 CMakeFiles/Plantilla-final.dir/Drivers/STM32L4xx_HAL_Driver/Src/stm32l4xx_hal_pwr_ex.c.obj
 .comment       0x00000043       0x44 CMakeFiles/Plantilla-final.dir/Drivers/STM32L4xx_HAL_Driver/Src/stm32l4xx_hal_cortex.c.obj
 .comment       0x00000043       0x44 CMakeFiles/Plantilla-final.dir/Drivers/STM32L4xx_HAL_Driver/Src/stm32l4xx_hal_uart.c.obj
 .comment       0x00000043       0x44 CMakeFiles/Plantilla-final.dir/Drivers/STM32L4xx_HAL_Driver/Src/stm32l4xx_hal_uart_ex.c.obj
 .comment       0x00000043       0x44 CMakeFiles/Plantilla-final.dir/Core/Src/system_stm32l4xx.c.obj

.debug_frame    0x00000000     0x3728
 .debug_frame   0x00000000       0x20 /home/javastral/st/stm32cubeclt_1.17.0/GNU-tools-for-STM32/bin/../lib/gcc/arm-none-eabi/12.3.1/../../../../arm-none-eabi/lib/thumb/v7e-m+fp/hard/libc_nano.a(libc_a-memset.o)
 .debug_frame   0x00000020       0x2c /home/javastral/st/stm32cubeclt_1.17.0/GNU-tools-for-STM32/bin/../lib/gcc/arm-none-eabi/12.3.1/../../../../arm-none-eabi/lib/thumb/v7e-m+fp/hard/libc_nano.a(libc_a-init.o)
 .debug_frame   0x0000004c       0x78 CMakeFiles/Plantilla-final.dir/Drivers/keypad/keypad.c.obj
 .debug_frame   0x000000c4      0x124 CMakeFiles/Plantilla-final.dir/Core/Src/ring_buffer.c.obj
 .debug_frame   0x000001e8      0x154 CMakeFiles/Plantilla-final.dir/Core/Src/main.c.obj
 .debug_frame   0x0000033c      0x1cc CMakeFiles/Plantilla-final.dir/Core/Src/stm32l4xx_it.c.obj
 .debug_frame   0x00000508       0xcc CMakeFiles/Plantilla-final.dir/Core/Src/stm32l4xx_hal_msp.c.obj
 .debug_frame   0x000005d4      0xc38 CMakeFiles/Plantilla-final.dir/Drivers/STM32L4xx_HAL_Driver/Src/stm32l4xx_hal_i2c.c.obj
 .debug_frame   0x0000120c      0x100 CMakeFiles/Plantilla-final.dir/Drivers/STM32L4xx_HAL_Driver/Src/stm32l4xx_hal_i2c_ex.c.obj
 .debug_frame   0x0000130c      0x498 CMakeFiles/Plantilla-final.dir/Drivers/STM32L4xx_HAL_Driver/Src/stm32l4xx_hal.c.obj
 .debug_frame   0x000017a4      0x21c CMakeFiles/Plantilla-final.dir/Drivers/STM32L4xx_HAL_Driver/Src/stm32l4xx_hal_rcc.c.obj
 .debug_frame   0x000019c0      0x2fc CMakeFiles/Plantilla-final.dir/Drivers/STM32L4xx_HAL_Driver/Src/stm32l4xx_hal_rcc_ex.c.obj
 .debug_frame   0x00001cbc      0x14c CMakeFiles/Plantilla-final.dir/Drivers/STM32L4xx_HAL_Driver/Src/stm32l4xx_hal_gpio.c.obj
 .debug_frame   0x00001e08      0x204 CMakeFiles/Plantilla-final.dir/Drivers/STM32L4xx_HAL_Driver/Src/stm32l4xx_hal_dma.c.obj
 .debug_frame   0x0000200c      0x584 CMakeFiles/Plantilla-final.dir/Drivers/STM32L4xx_HAL_Driver/Src/stm32l4xx_hal_pwr_ex.c.obj
 .debug_frame   0x00002590      0x4e8 CMakeFiles/Plantilla-final.dir/Drivers/STM32L4xx_HAL_Driver/Src/stm32l4xx_hal_cortex.c.obj
 .debug_frame   0x00002a78      0x9f4 CMakeFiles/Plantilla-final.dir/Drivers/STM32L4xx_HAL_Driver/Src/stm32l4xx_hal_uart.c.obj
 .debug_frame   0x0000346c      0x204 CMakeFiles/Plantilla-final.dir/Drivers/STM32L4xx_HAL_Driver/Src/stm32l4xx_hal_uart_ex.c.obj
 .debug_frame   0x00003670       0x58 CMakeFiles/Plantilla-final.dir/Core/Src/system_stm32l4xx.c.obj
 .debug_frame   0x000036c8       0x2c /home/javastral/st/stm32cubeclt_1.17.0/GNU-tools-for-STM32/bin/../lib/gcc/arm-none-eabi/12.3.1/thumb/v7e-m+fp/hard/libgcc.a(_aeabi_uldivmod.o)
 .debug_frame   0x000036f4       0x34 /home/javastral/st/stm32cubeclt_1.17.0/GNU-tools-for-STM32/bin/../lib/gcc/arm-none-eabi/12.3.1/thumb/v7e-m+fp/hard/libgcc.a(_udivmoddi4.o)

.debug_info     0x00000000     0xfe26
 .debug_info    0x00000000      0x338 CMakeFiles/Plantilla-final.dir/Drivers/keypad/keypad.c.obj
 .debug_info    0x00000338      0x21f CMakeFiles/Plantilla-final.dir/Core/Src/ring_buffer.c.obj
 .debug_info    0x00000557     0x157f CMakeFiles/Plantilla-final.dir/Core/Src/main.c.obj
 .debug_info    0x00001ad6      0xadd CMakeFiles/Plantilla-final.dir/Core/Src/stm32l4xx_it.c.obj
 .debug_info    0x000025b3     0x134b CMakeFiles/Plantilla-final.dir/Core/Src/stm32l4xx_hal_msp.c.obj
 .debug_info    0x000038fe     0x20d2 CMakeFiles/Plantilla-final.dir/Drivers/STM32L4xx_HAL_Driver/Src/stm32l4xx_hal_i2c.c.obj
 .debug_info    0x000059d0      0x975 CMakeFiles/Plantilla-final.dir/Drivers/STM32L4xx_HAL_Driver/Src/stm32l4xx_hal_i2c_ex.c.obj
 .debug_info    0x00006345      0xc09 CMakeFiles/Plantilla-final.dir/Drivers/STM32L4xx_HAL_Driver/Src/stm32l4xx_hal.c.obj
 .debug_info    0x00006f4e      0xc14 CMakeFiles/Plantilla-final.dir/Drivers/STM32L4xx_HAL_Driver/Src/stm32l4xx_hal_rcc.c.obj
 .debug_info    0x00007b62      0xe11 CMakeFiles/Plantilla-final.dir/Drivers/STM32L4xx_HAL_Driver/Src/stm32l4xx_hal_rcc_ex.c.obj
 .debug_info    0x00008973      0x757 CMakeFiles/Plantilla-final.dir/Drivers/STM32L4xx_HAL_Driver/Src/stm32l4xx_hal_gpio.c.obj
 .debug_info    0x000090ca      0x6f4 CMakeFiles/Plantilla-final.dir/Drivers/STM32L4xx_HAL_Driver/Src/stm32l4xx_hal_dma.c.obj
 .debug_info    0x000097be      0x99e CMakeFiles/Plantilla-final.dir/Drivers/STM32L4xx_HAL_Driver/Src/stm32l4xx_hal_pwr_ex.c.obj
 .debug_info    0x0000a15c      0xd81 CMakeFiles/Plantilla-final.dir/Drivers/STM32L4xx_HAL_Driver/Src/stm32l4xx_hal_cortex.c.obj
 .debug_info    0x0000aedd     0x3b69 CMakeFiles/Plantilla-final.dir/Drivers/STM32L4xx_HAL_Driver/Src/stm32l4xx_hal_uart.c.obj
 .debug_info    0x0000ea46      0xdff CMakeFiles/Plantilla-final.dir/Drivers/STM32L4xx_HAL_Driver/Src/stm32l4xx_hal_uart_ex.c.obj
 .debug_info    0x0000f845      0x5b1 CMakeFiles/Plantilla-final.dir/Core/Src/system_stm32l4xx.c.obj
 .debug_info    0x0000fdf6       0x30 CMakeFiles/Plantilla-final.dir/startup_stm32l476xx.s.obj

.debug_abbrev   0x00000000     0x24f6
 .debug_abbrev  0x00000000      0x1da CMakeFiles/Plantilla-final.dir/Drivers/keypad/keypad.c.obj
 .debug_abbrev  0x000001da       0xfe CMakeFiles/Plantilla-final.dir/Core/Src/ring_buffer.c.obj
 .debug_abbrev  0x000002d8      0x30e CMakeFiles/Plantilla-final.dir/Core/Src/main.c.obj
 .debug_abbrev  0x000005e6      0x199 CMakeFiles/Plantilla-final.dir/Core/Src/stm32l4xx_it.c.obj
 .debug_abbrev  0x0000077f      0x20f CMakeFiles/Plantilla-final.dir/Core/Src/stm32l4xx_hal_msp.c.obj
 .debug_abbrev  0x0000098e      0x261 CMakeFiles/Plantilla-final.dir/Drivers/STM32L4xx_HAL_Driver/Src/stm32l4xx_hal_i2c.c.obj
 .debug_abbrev  0x00000bef      0x1c3 CMakeFiles/Plantilla-final.dir/Drivers/STM32L4xx_HAL_Driver/Src/stm32l4xx_hal_i2c_ex.c.obj
 .debug_abbrev  0x00000db2      0x243 CMakeFiles/Plantilla-final.dir/Drivers/STM32L4xx_HAL_Driver/Src/stm32l4xx_hal.c.obj
 .debug_abbrev  0x00000ff5      0x2cb CMakeFiles/Plantilla-final.dir/Drivers/STM32L4xx_HAL_Driver/Src/stm32l4xx_hal_rcc.c.obj
 .debug_abbrev  0x000012c0      0x2a6 CMakeFiles/Plantilla-final.dir/Drivers/STM32L4xx_HAL_Driver/Src/stm32l4xx_hal_rcc_ex.c.obj
 .debug_abbrev  0x00001566      0x1cb CMakeFiles/Plantilla-final.dir/Drivers/STM32L4xx_HAL_Driver/Src/stm32l4xx_hal_gpio.c.obj
 .debug_abbrev  0x00001731      0x1e4 CMakeFiles/Plantilla-final.dir/Drivers/STM32L4xx_HAL_Driver/Src/stm32l4xx_hal_dma.c.obj
 .debug_abbrev  0x00001915      0x1f9 CMakeFiles/Plantilla-final.dir/Drivers/STM32L4xx_HAL_Driver/Src/stm32l4xx_hal_pwr_ex.c.obj
 .debug_abbrev  0x00001b0e      0x31c CMakeFiles/Plantilla-final.dir/Drivers/STM32L4xx_HAL_Driver/Src/stm32l4xx_hal_cortex.c.obj
 .debug_abbrev  0x00001e2a      0x2d0 CMakeFiles/Plantilla-final.dir/Drivers/STM32L4xx_HAL_Driver/Src/stm32l4xx_hal_uart.c.obj
 .debug_abbrev  0x000020fa      0x2be CMakeFiles/Plantilla-final.dir/Drivers/STM32L4xx_HAL_Driver/Src/stm32l4xx_hal_uart_ex.c.obj
 .debug_abbrev  0x000023b8      0x11a CMakeFiles/Plantilla-final.dir/Core/Src/system_stm32l4xx.c.obj
 .debug_abbrev  0x000024d2       0x24 CMakeFiles/Plantilla-final.dir/startup_stm32l476xx.s.obj

.debug_aranges  0x00000000      0xd80
 .debug_aranges
                0x00000000       0x30 CMakeFiles/Plantilla-final.dir/Drivers/keypad/keypad.c.obj
 .debug_aranges
                0x00000030       0x50 CMakeFiles/Plantilla-final.dir/Core/Src/ring_buffer.c.obj
 .debug_aranges
                0x00000080       0x68 CMakeFiles/Plantilla-final.dir/Core/Src/main.c.obj
 .debug_aranges
                0x000000e8       0x98 CMakeFiles/Plantilla-final.dir/Core/Src/stm32l4xx_it.c.obj
 .debug_aranges
                0x00000180       0x40 CMakeFiles/Plantilla-final.dir/Core/Src/stm32l4xx_hal_msp.c.obj
 .debug_aranges
                0x000001c0      0x2a0 CMakeFiles/Plantilla-final.dir/Drivers/STM32L4xx_HAL_Driver/Src/stm32l4xx_hal_i2c.c.obj
 .debug_aranges
                0x00000460       0x48 CMakeFiles/Plantilla-final.dir/Drivers/STM32L4xx_HAL_Driver/Src/stm32l4xx_hal_i2c_ex.c.obj
 .debug_aranges
                0x000004a8      0x130 CMakeFiles/Plantilla-final.dir/Drivers/STM32L4xx_HAL_Driver/Src/stm32l4xx_hal.c.obj
 .debug_aranges
                0x000005d8       0x90 CMakeFiles/Plantilla-final.dir/Drivers/STM32L4xx_HAL_Driver/Src/stm32l4xx_hal_rcc.c.obj
 .debug_aranges
                0x00000668       0xc0 CMakeFiles/Plantilla-final.dir/Drivers/STM32L4xx_HAL_Driver/Src/stm32l4xx_hal_rcc_ex.c.obj
 .debug_aranges
                0x00000728       0x58 CMakeFiles/Plantilla-final.dir/Drivers/STM32L4xx_HAL_Driver/Src/stm32l4xx_hal_gpio.c.obj
 .debug_aranges
                0x00000780       0x80 CMakeFiles/Plantilla-final.dir/Drivers/STM32L4xx_HAL_Driver/Src/stm32l4xx_hal_dma.c.obj
 .debug_aranges
                0x00000800      0x160 CMakeFiles/Plantilla-final.dir/Drivers/STM32L4xx_HAL_Driver/Src/stm32l4xx_hal_pwr_ex.c.obj
 .debug_aranges
                0x00000960      0x128 CMakeFiles/Plantilla-final.dir/Drivers/STM32L4xx_HAL_Driver/Src/stm32l4xx_hal_cortex.c.obj
 .debug_aranges
                0x00000a88      0x228 CMakeFiles/Plantilla-final.dir/Drivers/STM32L4xx_HAL_Driver/Src/stm32l4xx_hal_uart.c.obj
 .debug_aranges
                0x00000cb0       0x80 CMakeFiles/Plantilla-final.dir/Drivers/STM32L4xx_HAL_Driver/Src/stm32l4xx_hal_uart_ex.c.obj
 .debug_aranges
                0x00000d30       0x28 CMakeFiles/Plantilla-final.dir/Core/Src/system_stm32l4xx.c.obj
 .debug_aranges
                0x00000d58       0x28 CMakeFiles/Plantilla-final.dir/startup_stm32l476xx.s.obj

.debug_rnglists
                0x00000000      0xa72
 .debug_rnglists
                0x00000000       0x21 CMakeFiles/Plantilla-final.dir/Drivers/keypad/keypad.c.obj
 .debug_rnglists
                0x00000021       0x37 CMakeFiles/Plantilla-final.dir/Core/Src/ring_buffer.c.obj
 .debug_rnglists
                0x00000058       0x4e CMakeFiles/Plantilla-final.dir/Core/Src/main.c.obj
 .debug_rnglists
                0x000000a6       0x6d CMakeFiles/Plantilla-final.dir/Core/Src/stm32l4xx_it.c.obj
 .debug_rnglists
                0x00000113       0x2d CMakeFiles/Plantilla-final.dir/Core/Src/stm32l4xx_hal_msp.c.obj
 .debug_rnglists
                0x00000140      0x228 CMakeFiles/Plantilla-final.dir/Drivers/STM32L4xx_HAL_Driver/Src/stm32l4xx_hal_i2c.c.obj
 .debug_rnglists
                0x00000368       0x35 CMakeFiles/Plantilla-final.dir/Drivers/STM32L4xx_HAL_Driver/Src/stm32l4xx_hal_i2c_ex.c.obj
 .debug_rnglists
                0x0000039d       0xdf CMakeFiles/Plantilla-final.dir/Drivers/STM32L4xx_HAL_Driver/Src/stm32l4xx_hal.c.obj
 .debug_rnglists
                0x0000047c       0x6d CMakeFiles/Plantilla-final.dir/Drivers/STM32L4xx_HAL_Driver/Src/stm32l4xx_hal_rcc.c.obj
 .debug_rnglists
                0x000004e9       0x95 CMakeFiles/Plantilla-final.dir/Drivers/STM32L4xx_HAL_Driver/Src/stm32l4xx_hal_rcc_ex.c.obj
 .debug_rnglists
                0x0000057e       0x3f CMakeFiles/Plantilla-final.dir/Drivers/STM32L4xx_HAL_Driver/Src/stm32l4xx_hal_gpio.c.obj
 .debug_rnglists
                0x000005bd       0x64 CMakeFiles/Plantilla-final.dir/Drivers/STM32L4xx_HAL_Driver/Src/stm32l4xx_hal_dma.c.obj
 .debug_rnglists
                0x00000621      0x109 CMakeFiles/Plantilla-final.dir/Drivers/STM32L4xx_HAL_Driver/Src/stm32l4xx_hal_pwr_ex.c.obj
 .debug_rnglists
                0x0000072a       0xda CMakeFiles/Plantilla-final.dir/Drivers/STM32L4xx_HAL_Driver/Src/stm32l4xx_hal_cortex.c.obj
 .debug_rnglists
                0x00000804      0x1db CMakeFiles/Plantilla-final.dir/Drivers/STM32L4xx_HAL_Driver/Src/stm32l4xx_hal_uart.c.obj
 .debug_rnglists
                0x000009df       0x60 CMakeFiles/Plantilla-final.dir/Drivers/STM32L4xx_HAL_Driver/Src/stm32l4xx_hal_uart_ex.c.obj
 .debug_rnglists
                0x00000a3f       0x1a CMakeFiles/Plantilla-final.dir/Core/Src/system_stm32l4xx.c.obj
 .debug_rnglists
                0x00000a59       0x19 CMakeFiles/Plantilla-final.dir/startup_stm32l476xx.s.obj

.debug_macro    0x00000000     0x230e
 .debug_macro   0x00000000      0x1e3 CMakeFiles/Plantilla-final.dir/Drivers/keypad/keypad.c.obj
 .debug_macro   0x000001e3       0x2e CMakeFiles/Plantilla-final.dir/Drivers/keypad/keypad.c.obj
 .debug_macro   0x00000211       0xdc CMakeFiles/Plantilla-final.dir/Drivers/keypad/keypad.c.obj
 .debug_macro   0x000002ed       0x10 CMakeFiles/Plantilla-final.dir/Drivers/keypad/keypad.c.obj
 .debug_macro   0x000002fd       0x6d CMakeFiles/Plantilla-final.dir/Core/Src/ring_buffer.c.obj
 .debug_macro   0x0000036a      0x2da CMakeFiles/Plantilla-final.dir/Core/Src/main.c.obj
 .debug_macro   0x00000644       0x16 CMakeFiles/Plantilla-final.dir/Core/Src/main.c.obj
 .debug_macro   0x0000065a       0x10 CMakeFiles/Plantilla-final.dir/Core/Src/main.c.obj
 .debug_macro   0x0000066a       0x1c CMakeFiles/Plantilla-final.dir/Core/Src/main.c.obj
 .debug_macro   0x00000686       0x10 CMakeFiles/Plantilla-final.dir/Core/Src/main.c.obj
 .debug_macro   0x00000696       0x1c CMakeFiles/Plantilla-final.dir/Core/Src/main.c.obj
 .debug_macro   0x000006b2       0x16 CMakeFiles/Plantilla-final.dir/Core/Src/main.c.obj
 .debug_macro   0x000006c8      0x170 CMakeFiles/Plantilla-final.dir/Core/Src/main.c.obj
 .debug_macro   0x00000838      0x1de CMakeFiles/Plantilla-final.dir/Core/Src/stm32l4xx_it.c.obj
 .debug_macro   0x00000a16      0x1d4 CMakeFiles/Plantilla-final.dir/Core/Src/stm32l4xx_hal_msp.c.obj
 .debug_macro   0x00000bea      0x291 CMakeFiles/Plantilla-final.dir/Drivers/STM32L4xx_HAL_Driver/Src/stm32l4xx_hal_i2c.c.obj
 .debug_macro   0x00000e7b      0x1c5 CMakeFiles/Plantilla-final.dir/Drivers/STM32L4xx_HAL_Driver/Src/stm32l4xx_hal_i2c_ex.c.obj
 .debug_macro   0x00001040      0x213 CMakeFiles/Plantilla-final.dir/Drivers/STM32L4xx_HAL_Driver/Src/stm32l4xx_hal.c.obj
 .debug_macro   0x00001253      0x207 CMakeFiles/Plantilla-final.dir/Drivers/STM32L4xx_HAL_Driver/Src/stm32l4xx_hal_rcc.c.obj
 .debug_macro   0x0000145a      0x1fb CMakeFiles/Plantilla-final.dir/Drivers/STM32L4xx_HAL_Driver/Src/stm32l4xx_hal_rcc_ex.c.obj
 .debug_macro   0x00001655      0x1cc CMakeFiles/Plantilla-final.dir/Drivers/STM32L4xx_HAL_Driver/Src/stm32l4xx_hal_gpio.c.obj
 .debug_macro   0x00001821      0x1c5 CMakeFiles/Plantilla-final.dir/Drivers/STM32L4xx_HAL_Driver/Src/stm32l4xx_hal_dma.c.obj
 .debug_macro   0x000019e6      0x1e9 CMakeFiles/Plantilla-final.dir/Drivers/STM32L4xx_HAL_Driver/Src/stm32l4xx_hal_pwr_ex.c.obj
 .debug_macro   0x00001bcf      0x1c5 CMakeFiles/Plantilla-final.dir/Drivers/STM32L4xx_HAL_Driver/Src/stm32l4xx_hal_cortex.c.obj
 .debug_macro   0x00001d94      0x1f0 CMakeFiles/Plantilla-final.dir/Drivers/STM32L4xx_HAL_Driver/Src/stm32l4xx_hal_uart.c.obj
 .debug_macro   0x00001f84      0x1c5 CMakeFiles/Plantilla-final.dir/Drivers/STM32L4xx_HAL_Driver/Src/stm32l4xx_hal_uart_ex.c.obj
 .debug_macro   0x00002149      0x1c5 CMakeFiles/Plantilla-final.dir/Core/Src/system_stm32l4xx.c.obj

.debug_line     0x00000000    0x11ac3
 .debug_line    0x00000000      0x89b CMakeFiles/Plantilla-final.dir/Drivers/keypad/keypad.c.obj
 .debug_line    0x0000089b      0x449 CMakeFiles/Plantilla-final.dir/Core/Src/ring_buffer.c.obj
 .debug_line    0x00000ce4      0xb65 CMakeFiles/Plantilla-final.dir/Core/Src/main.c.obj
 .debug_line    0x00001849      0x8ed CMakeFiles/Plantilla-final.dir/Core/Src/stm32l4xx_it.c.obj
 .debug_line    0x00002136      0x892 CMakeFiles/Plantilla-final.dir/Core/Src/stm32l4xx_hal_msp.c.obj
 .debug_line    0x000029c8     0x3aad CMakeFiles/Plantilla-final.dir/Drivers/STM32L4xx_HAL_Driver/Src/stm32l4xx_hal_i2c.c.obj
 .debug_line    0x00006475      0x9a2 CMakeFiles/Plantilla-final.dir/Drivers/STM32L4xx_HAL_Driver/Src/stm32l4xx_hal_i2c_ex.c.obj
 .debug_line    0x00006e17      0xb7b CMakeFiles/Plantilla-final.dir/Drivers/STM32L4xx_HAL_Driver/Src/stm32l4xx_hal.c.obj
 .debug_line    0x00007992      0xff3 CMakeFiles/Plantilla-final.dir/Drivers/STM32L4xx_HAL_Driver/Src/stm32l4xx_hal_rcc.c.obj
 .debug_line    0x00008985     0x1565 CMakeFiles/Plantilla-final.dir/Drivers/STM32L4xx_HAL_Driver/Src/stm32l4xx_hal_rcc_ex.c.obj
 .debug_line    0x00009eea      0xc06 CMakeFiles/Plantilla-final.dir/Drivers/STM32L4xx_HAL_Driver/Src/stm32l4xx_hal_gpio.c.obj
 .debug_line    0x0000aaf0      0xd7f CMakeFiles/Plantilla-final.dir/Drivers/STM32L4xx_HAL_Driver/Src/stm32l4xx_hal_dma.c.obj
 .debug_line    0x0000b86f      0xd6c CMakeFiles/Plantilla-final.dir/Drivers/STM32L4xx_HAL_Driver/Src/stm32l4xx_hal_pwr_ex.c.obj
 .debug_line    0x0000c5db      0xd43 CMakeFiles/Plantilla-final.dir/Drivers/STM32L4xx_HAL_Driver/Src/stm32l4xx_hal_cortex.c.obj
 .debug_line    0x0000d31e     0x328c CMakeFiles/Plantilla-final.dir/Drivers/STM32L4xx_HAL_Driver/Src/stm32l4xx_hal_uart.c.obj
 .debug_line    0x000105aa      0xc80 CMakeFiles/Plantilla-final.dir/Drivers/STM32L4xx_HAL_Driver/Src/stm32l4xx_hal_uart_ex.c.obj
 .debug_line    0x0001122a      0x81f CMakeFiles/Plantilla-final.dir/Core/Src/system_stm32l4xx.c.obj
 .debug_line    0x00011a49       0x7a CMakeFiles/Plantilla-final.dir/startup_stm32l476xx.s.obj

.debug_str      0x00000000    0xeaae3
 .debug_str     0x00000000    0xe2c7b CMakeFiles/Plantilla-final.dir/Drivers/keypad/keypad.c.obj
                              0xe2f2c (size before relaxing)
 .debug_str     0x000e2c7b      0x13a CMakeFiles/Plantilla-final.dir/Core/Src/ring_buffer.c.obj
                               0x3e79 (size before relaxing)
 .debug_str     0x000e2db5     0x4149 CMakeFiles/Plantilla-final.dir/Core/Src/main.c.obj
                              0xe7223 (size before relaxing)
 .debug_str     0x000e6efe      0x1ed CMakeFiles/Plantilla-final.dir/Core/Src/stm32l4xx_it.c.obj
                              0xe36a9 (size before relaxing)
 .debug_str     0x000e70eb      0x359 CMakeFiles/Plantilla-final.dir/Core/Src/stm32l4xx_hal_msp.c.obj
                              0xe3f05 (size before relaxing)
 .debug_str     0x000e7444      0xe2d CMakeFiles/Plantilla-final.dir/Drivers/STM32L4xx_HAL_Driver/Src/stm32l4xx_hal_i2c.c.obj
                              0xe3ed2 (size before relaxing)
 .debug_str     0x000e8271      0x135 CMakeFiles/Plantilla-final.dir/Drivers/STM32L4xx_HAL_Driver/Src/stm32l4xx_hal_i2c_ex.c.obj
                              0xe31de (size before relaxing)
 .debug_str     0x000e83a6      0x6c2 CMakeFiles/Plantilla-final.dir/Drivers/STM32L4xx_HAL_Driver/Src/stm32l4xx_hal.c.obj
                              0xe38d0 (size before relaxing)
 .debug_str     0x000e8a68      0x452 CMakeFiles/Plantilla-final.dir/Drivers/STM32L4xx_HAL_Driver/Src/stm32l4xx_hal_rcc.c.obj
                              0xe3317 (size before relaxing)
 .debug_str     0x000e8eba      0x450 CMakeFiles/Plantilla-final.dir/Drivers/STM32L4xx_HAL_Driver/Src/stm32l4xx_hal_rcc_ex.c.obj
                              0xe3490 (size before relaxing)
 .debug_str     0x000e930a       0xdc CMakeFiles/Plantilla-final.dir/Drivers/STM32L4xx_HAL_Driver/Src/stm32l4xx_hal_gpio.c.obj
                              0xe2e4a (size before relaxing)
 .debug_str     0x000e93e6      0x26a CMakeFiles/Plantilla-final.dir/Drivers/STM32L4xx_HAL_Driver/Src/stm32l4xx_hal_dma.c.obj
                              0xe2f3b (size before relaxing)
 .debug_str     0x000e9650      0x4fb CMakeFiles/Plantilla-final.dir/Drivers/STM32L4xx_HAL_Driver/Src/stm32l4xx_hal_pwr_ex.c.obj
                              0xe322c (size before relaxing)
 .debug_str     0x000e9b4b      0x39f CMakeFiles/Plantilla-final.dir/Drivers/STM32L4xx_HAL_Driver/Src/stm32l4xx_hal_cortex.c.obj
                              0xe354a (size before relaxing)
 .debug_str     0x000e9eea      0x8a6 CMakeFiles/Plantilla-final.dir/Drivers/STM32L4xx_HAL_Driver/Src/stm32l4xx_hal_uart.c.obj
                              0xe3a29 (size before relaxing)
 .debug_str     0x000ea790      0x24a CMakeFiles/Plantilla-final.dir/Drivers/STM32L4xx_HAL_Driver/Src/stm32l4xx_hal_uart_ex.c.obj
                              0xe3255 (size before relaxing)
 .debug_str     0x000ea9da       0x8a CMakeFiles/Plantilla-final.dir/Core/Src/system_stm32l4xx.c.obj
                              0xe2cd1 (size before relaxing)
 .debug_str     0x000eaa64       0x7f CMakeFiles/Plantilla-final.dir/startup_stm32l476xx.s.obj
                                 0xd8 (size before relaxing)

.debug_line_str
                0x00000000       0xbc
 .debug_line_str
                0x00000000       0xbc CMakeFiles/Plantilla-final.dir/startup_stm32l476xx.s.obj
