Archive member included to satisfy reference by file (symbol)

C:/Program Files/STMicroelectronics/STM32Cube/STM32CubeCLT_1.17.0/GNU-tools-for-STM32/bin/../lib/gcc/arm-none-eabi/12.3.1/../../../../arm-none-eabi/lib/thumb/v7e-m+fp/hard\libc_nano.a(libc_a-exit.o)
                              C:/Program Files/STMicroelectronics/STM32Cube/STM32CubeCLT_1.17.0/GNU-tools-for-STM32/bin/../lib/gcc/arm-none-eabi/12.3.1/../../../../arm-none-eabi/lib/thumb/v7e-m+fp/hard/crt0.o (exit)
C:/Program Files/STMicroelectronics/STM32Cube/STM32CubeCLT_1.17.0/GNU-tools-for-STM32/bin/../lib/gcc/arm-none-eabi/12.3.1/../../../../arm-none-eabi/lib/thumb/v7e-m+fp/hard\libc_nano.a(libc_a-findfp.o)
                              C:/Program Files/STMicroelectronics/STM32Cube/STM32CubeCLT_1.17.0/GNU-tools-for-STM32/bin/../lib/gcc/arm-none-eabi/12.3.1/../../../../arm-none-eabi/lib/thumb/v7e-m+fp/hard\libc_nano.a(libc_a-exit.o) (__stdio_exit_handler)
C:/Program Files/STMicroelectronics/STM32Cube/STM32CubeCLT_1.17.0/GNU-tools-for-STM32/bin/../lib/gcc/arm-none-eabi/12.3.1/../../../../arm-none-eabi/lib/thumb/v7e-m+fp/hard\libc_nano.a(libc_a-fwalk.o)
                              C:/Program Files/STMicroelectronics/STM32Cube/STM32CubeCLT_1.17.0/GNU-tools-for-STM32/bin/../lib/gcc/arm-none-eabi/12.3.1/../../../../arm-none-eabi/lib/thumb/v7e-m+fp/hard\libc_nano.a(libc_a-findfp.o) (_fwalk_sglue)
C:/Program Files/STMicroelectronics/STM32Cube/STM32CubeCLT_1.17.0/GNU-tools-for-STM32/bin/../lib/gcc/arm-none-eabi/12.3.1/../../../../arm-none-eabi/lib/thumb/v7e-m+fp/hard\libc_nano.a(libc_a-stdio.o)
                              C:/Program Files/STMicroelectronics/STM32Cube/STM32CubeCLT_1.17.0/GNU-tools-for-STM32/bin/../lib/gcc/arm-none-eabi/12.3.1/../../../../arm-none-eabi/lib/thumb/v7e-m+fp/hard\libc_nano.a(libc_a-findfp.o) (__sread)
C:/Program Files/STMicroelectronics/STM32Cube/STM32CubeCLT_1.17.0/GNU-tools-for-STM32/bin/../lib/gcc/arm-none-eabi/12.3.1/../../../../arm-none-eabi/lib/thumb/v7e-m+fp/hard\libc_nano.a(libc_a-memset.o)
                              C:/Program Files/STMicroelectronics/STM32Cube/STM32CubeCLT_1.17.0/GNU-tools-for-STM32/bin/../lib/gcc/arm-none-eabi/12.3.1/../../../../arm-none-eabi/lib/thumb/v7e-m+fp/hard/crt0.o (memset)
C:/Program Files/STMicroelectronics/STM32Cube/STM32CubeCLT_1.17.0/GNU-tools-for-STM32/bin/../lib/gcc/arm-none-eabi/12.3.1/../../../../arm-none-eabi/lib/thumb/v7e-m+fp/hard\libc_nano.a(libc_a-closer.o)
                              C:/Program Files/STMicroelectronics/STM32Cube/STM32CubeCLT_1.17.0/GNU-tools-for-STM32/bin/../lib/gcc/arm-none-eabi/12.3.1/../../../../arm-none-eabi/lib/thumb/v7e-m+fp/hard\libc_nano.a(libc_a-stdio.o) (_close_r)
C:/Program Files/STMicroelectronics/STM32Cube/STM32CubeCLT_1.17.0/GNU-tools-for-STM32/bin/../lib/gcc/arm-none-eabi/12.3.1/../../../../arm-none-eabi/lib/thumb/v7e-m+fp/hard\libc_nano.a(libc_a-reent.o)
                              C:/Program Files/STMicroelectronics/STM32Cube/STM32CubeCLT_1.17.0/GNU-tools-for-STM32/bin/../lib/gcc/arm-none-eabi/12.3.1/../../../../arm-none-eabi/lib/thumb/v7e-m+fp/hard\libc_nano.a(libc_a-closer.o) (errno)
C:/Program Files/STMicroelectronics/STM32Cube/STM32CubeCLT_1.17.0/GNU-tools-for-STM32/bin/../lib/gcc/arm-none-eabi/12.3.1/../../../../arm-none-eabi/lib/thumb/v7e-m+fp/hard\libc_nano.a(libc_a-impure.o)
                              C:/Program Files/STMicroelectronics/STM32Cube/STM32CubeCLT_1.17.0/GNU-tools-for-STM32/bin/../lib/gcc/arm-none-eabi/12.3.1/../../../../arm-none-eabi/lib/thumb/v7e-m+fp/hard\libc_nano.a(libc_a-reent.o) (_impure_ptr)
C:/Program Files/STMicroelectronics/STM32Cube/STM32CubeCLT_1.17.0/GNU-tools-for-STM32/bin/../lib/gcc/arm-none-eabi/12.3.1/../../../../arm-none-eabi/lib/thumb/v7e-m+fp/hard\libc_nano.a(libc_a-lseekr.o)
                              C:/Program Files/STMicroelectronics/STM32Cube/STM32CubeCLT_1.17.0/GNU-tools-for-STM32/bin/../lib/gcc/arm-none-eabi/12.3.1/../../../../arm-none-eabi/lib/thumb/v7e-m+fp/hard\libc_nano.a(libc_a-stdio.o) (_lseek_r)
C:/Program Files/STMicroelectronics/STM32Cube/STM32CubeCLT_1.17.0/GNU-tools-for-STM32/bin/../lib/gcc/arm-none-eabi/12.3.1/../../../../arm-none-eabi/lib/thumb/v7e-m+fp/hard\libc_nano.a(libc_a-readr.o)
                              C:/Program Files/STMicroelectronics/STM32Cube/STM32CubeCLT_1.17.0/GNU-tools-for-STM32/bin/../lib/gcc/arm-none-eabi/12.3.1/../../../../arm-none-eabi/lib/thumb/v7e-m+fp/hard\libc_nano.a(libc_a-stdio.o) (_read_r)
C:/Program Files/STMicroelectronics/STM32Cube/STM32CubeCLT_1.17.0/GNU-tools-for-STM32/bin/../lib/gcc/arm-none-eabi/12.3.1/../../../../arm-none-eabi/lib/thumb/v7e-m+fp/hard\libc_nano.a(libc_a-writer.o)
                              C:/Program Files/STMicroelectronics/STM32Cube/STM32CubeCLT_1.17.0/GNU-tools-for-STM32/bin/../lib/gcc/arm-none-eabi/12.3.1/../../../../arm-none-eabi/lib/thumb/v7e-m+fp/hard\libc_nano.a(libc_a-stdio.o) (_write_r)
[...]
Memory Configuration

Name             Origin             Length             Attributes
RAM              0x20000000         0x00018000         xrw
RAM2             0x10000000         0x00008000         xrw
FLASH            0x08000000         0x00100000         xr
*default*        0x00000000         0xffffffff

Linker script and memory map

LOAD C:/Program Files/STMicroelectronics/STM32Cube/STM32CubeCLT_1.17.0/GNU-tools-for-STM32/bin/../lib/gcc/arm-none-eabi/12.3.1/thumb/v7e-m+fp/hard/crti.o
LOAD C:/Program Files/STMicroelectronics/STM32Cube/STM32CubeCLT_1.17.0/GNU-tools-for-STM32/bin/../lib/gcc/arm-none-eabi/12.3.1/thumb/v7e-m+fp/hard/crtbegin.o
LOAD C:/Program Files/STMicroelectronics/STM32Cube/STM32CubeCLT_1.17.0/GNU-tools-for-STM32/bin/../lib/gcc/arm-none-eabi/12.3.1/../../../../arm-none-eabi/lib/thumb/v7e-m+fp/hard/crt0.o
START GROUP
LOAD C:/Program Files/STMicroelectronics/STM32Cube/STM32CubeCLT_1.17.0/GNU-tools-for-STM32/bin/../lib/gcc/arm-none-eabi/12.3.1/../../../../arm-none-eabi/lib/thumb/v7e-m+fp/hard\libc_nano.a
LOAD C:/Program Files/STMicroelectronics/STM32Cube/STM32CubeCLT_1.17.0/GNU-tools-for-STM32/bin/../lib/gcc/arm-none-eabi/12.3.1/../../../../arm-none-eabi/lib/thumb/v7e-m+fp/hard\libm.a
END GROUP
LOAD CMakeFiles/cruce-cero.dir/Drivers/dimmer/dimmer.c.obj
LOAD CMakeFiles/cruce-cero.dir/Core/Src/main.c.obj
LOAD CMakeFiles/cruce-cero.dir/Core/Src/stm32l4xx_it.c.obj
LOAD CMakeFiles/cruce-cero.dir/Core/Src/stm32l4xx_hal_msp.c.obj
LOAD CMakeFiles/cruce-cero.dir/Drivers/STM32L4xx_HAL_Driver/Src/stm32l4xx_hal_tim.c.obj
LOAD CMakeFiles/cruce-cero.dir/Drivers/STM32L4xx_HAL_Driver/Src/stm32l4xx_hal_tim_ex.c.obj
LOAD CMakeFiles/cruce-cero.dir/Drivers/STM32L4xx_HAL_Driver/Src/stm32l4xx_hal.c.obj
LOAD CMakeFiles/cruce-cero.dir/Drivers/STM32L4xx_HAL_Driver/Src/stm32l4xx_hal_rcc.c.obj
LOAD CMakeFiles/cruce-cero.dir/Drivers/STM32L4xx_HAL_Driver/Src/stm32l4xx_hal_rcc_ex.c.obj
LOAD CMakeFiles/cruce-cero.dir/Drivers/STM32L4xx_HAL_Driver/Src/stm32l4xx_hal_flash.c.obj
LOAD CMakeFiles/cruce-cero.dir/Drivers/STM32L4xx_HAL_Driver/Src/stm32l4xx_hal_flash_ex.c.obj
LOAD CMakeFiles/cruce-cero.dir/Drivers/STM32L4xx_HAL_Driver/Src/stm32l4xx_hal_flash_ramfunc.c.obj
LOAD CMakeFiles/cruce-cero.dir/Drivers/STM32L4xx_HAL_Driver/Src/stm32l4xx_hal_gpio.c.obj
LOAD CMakeFiles/cruce-cero.dir/Drivers/STM32L4xx_HAL_Driver/Src/stm32l4xx_hal_i2c.c.obj
LOAD CMakeFiles/cruce-cero.dir/Drivers/STM32L4xx_HAL_Driver/Src/stm32l4xx_hal_i2c_ex.c.obj
LOAD CMakeFiles/cruce-cero.dir/Drivers/STM32L4xx_HAL_Driver/Src/stm32l4xx_hal_dma.c.obj
LOAD CMakeFiles/cruce-cero.dir/Drivers/STM32L4xx_HAL_Driver/Src/stm32l4xx_hal_dma_ex.c.obj
LOAD CMakeFiles/cruce-cero.dir/Drivers/STM32L4xx_HAL_Driver/Src/stm32l4xx_hal_pwr.c.obj
LOAD CMakeFiles/cruce-cero.dir/Drivers/STM32L4xx_HAL_Driver/Src/stm32l4xx_hal_pwr_ex.c.obj
LOAD CMakeFiles/cruce-cero.dir/Drivers/STM32L4xx_HAL_Driver/Src/stm32l4xx_hal_cortex.c.obj
LOAD CMakeFiles/cruce-cero.dir/Drivers/STM32L4xx_HAL_Driver/Src/stm32l4xx_hal_exti.c.obj
LOAD CMakeFiles/cruce-cero.dir/Drivers/STM32L4xx_HAL_Driver/Src/stm32l4xx_hal_uart.c.obj
LOAD CMakeFiles/cruce-cero.dir/Drivers/STM32L4xx_HAL_Driver/Src/stm32l4xx_hal_uart_ex.c.obj
LOAD CMakeFiles/cruce-cero.dir/Core/Src/system_stm32l4xx.c.obj
LOAD CMakeFiles/cruce-cero.dir/Core/Src/sysmem.c.obj
LOAD CMakeFiles/cruce-cero.dir/Core/Src/syscalls.c.obj
LOAD CMakeFiles/cruce-cero.dir/startup_stm32l476xx.s.obj
START GROUP
LOAD C:/Program Files/STMicroelectronics/STM32Cube/STM32CubeCLT_1.17.0/GNU-tools-for-STM32/bin/../lib/gcc/arm-none-eabi/12.3.1/thumb/v7e-m+fp/hard\libgcc.a
LOAD C:/Program Files/STMicroelectronics/STM32Cube/STM32CubeCLT_1.17.0/GNU-tools-for-STM32/bin/../lib/gcc/arm-none-eabi/12.3.1/../../../../arm-none-eabi/lib/thumb/v7e-m+fp/hard\libg_nano.a
LOAD C:/Program Files/STMicroelectronics/STM32Cube/STM32CubeCLT_1.17.0/GNU-tools-for-STM32/bin/../lib/gcc/arm-none-eabi/12.3.1/../../../../arm-none-eabi/lib/thumb/v7e-m+fp/hard\libc_nano.a
END GROUP
START GROUP
LOAD C:/Program Files/STMicroelectronics/STM32Cube/STM32CubeCLT_1.17.0/GNU-tools-for-STM32/bin/../lib/gcc/arm-none-eabi/12.3.1/thumb/v7e-m+fp/hard\libgcc.a
LOAD C:/Program Files/STMicroelectronics/STM32Cube/STM32CubeCLT_1.17.0/GNU-tools-for-STM32/bin/../lib/gcc/arm-none-eabi/12.3.1/../../../../arm-none-eabi/lib/thumb/v7e-m+fp/hard\libc_nano.a
END GROUP
LOAD C:/Program Files/STMicroelectronics/STM32Cube/STM32CubeCLT_1.17.0/GNU-tools-for-STM32/bin/../lib/gcc/arm-none-eabi/12.3.1/thumb/v7e-m+fp/hard/crtend.o
LOAD C:/Program Files/STMicroelectronics/STM32Cube/STM32CubeCLT_1.17.0/GNU-tools-for-STM32/bin/../lib/gcc/arm-none-eabi/12.3.1/thumb/v7e-m+fp/hard/crtn.o
                0x20018000                        _estack = (ORIGIN (RAM) + LENGTH (RAM))
                0x00000200                        _Min_Heap_Size = 0x200
                0x00000400                        _Min_Stack_Size = 0x400

.isr_vector     0x08000000      0x188
                0x08000000                        . = ALIGN (0x8)
 *(.isr_vector)
 .isr_vector    0x08000000      0x188 CMakeFiles/cruce-cero.dir/startup_stm32l476xx.s.obj
                0x08000000                g_pfnVectors
                0x08000188                        . = ALIGN (0x8)

.text           0x08000190     0x5350
                0x08000190                        . = ALIGN (0x8)
 *(.text)
 .text          0x08000190       0x40 C:/Program Files/STMicroelectronics/STM32Cube/STM32CubeCLT_1.17.0/GNU-tools-for-STM32/bin/../lib/gcc/arm-none-eabi/12.3.1/thumb/v7e-m+fp/hard/crtbegin.o
 .text          0x080001d0       0x30 C:/Program Files/STMicroelectronics/STM32Cube/STM32CubeCLT_1.17.0/GNU-tools-for-STM32/bin/../lib/gcc/arm-none-eabi/12.3.1/thumb/v7e-m+fp/hard\libgcc.a(_aeabi_uldivmod.o)
                0x080001d0                __aeabi_uldivmod
 .text          0x08000200      0x2bc C:/Program Files/STMicroelectronics/STM32Cube/STM32CubeCLT_1.17.0/GNU-tools-for-STM32/bin/../lib/gcc/arm-none-eabi/12.3.1/thumb/v7e-m+fp/hard\libgcc.a(_udivmoddi4.o)
                0x08000200                __udivmoddi4
 .text          0x080004bc        0x4 C:/Program Files/STMicroelectronics/STM32Cube/STM32CubeCLT_1.17.0/GNU-tools-for-STM32/bin/../lib/gcc/arm-none-eabi/12.3.1/thumb/v7e-m+fp/hard\libgcc.a(_dvmd_tls.o)
                0x080004bc                __aeabi_idiv0
                0x080004bc                __aeabi_ldiv0
 .text          0x080004c0       0x10 C:/Program Files/STMicroelectronics/STM32Cube/STM32CubeCLT_1.17.0/GNU-tools-for-STM32/bin/../lib/gcc/arm-none-eabi/12.3.1/../../../../arm-none-eabi/lib/thumb/v7e-m+fp/hard\libg_nano.a(libc_a-strlen.o)
                0x080004c0                strlen
 .text          0x080004d0       0xa0 C:/Program Files/STMicroelectronics/STM32Cube/STM32CubeCLT_1.17.0/GNU-tools-for-STM32/bin/../lib/gcc/arm-none-eabi/12.3.1/../../../../arm-none-eabi/lib/thumb/v7e-m+fp/hard\libg_nano.a(libc_a-memchr.o)
                0x080004d0                memchr
 *(.text*)
 .text.memset   0x08000570       0x10 C:/Program Files/STMicroelectronics/STM32Cube/STM32CubeCLT_1.17.0/GNU-tools-for-STM32/bin/../lib/gcc/arm-none-eabi/12.3.1/../../../../arm-none-eabi/lib/thumb/v7e-m+fp/hard\libc_nano.a(libc_a-memset.o)
                0x08000570                memset
 .text.__libc_init_array
                0x08000580       0x48 C:/Program Files/STMicroelectronics/STM32Cube/STM32CubeCLT_1.17.0/GNU-tools-for-STM32/bin/../lib/gcc/arm-none-eabi/12.3.1/../../../../arm-none-eabi/lib/thumb/v7e-m+fp/hard\libc_nano.a(libc_a-init.o)
                0x08000580                __libc_init_array
 .text.__retarget_lock_acquire_recursive
                0x080005c8        0x2 C:/Program Files/STMicroelectronics/STM32Cube/STM32CubeCLT_1.17.0/GNU-tools-for-STM32/bin/../lib/gcc/arm-none-eabi/12.3.1/../../../../arm-none-eabi/lib/thumb/v7e-m+fp/hard\libc_nano.a(libc_a-lock.o)
                0x080005c8                __retarget_lock_acquire_recursive
 .text.__retarget_lock_release_recursive
                0x080005ca        0x2 C:/Program Files/STMicroelectronics/STM32Cube/STM32CubeCLT_1.17.0/GNU-tools-for-STM32/bin/../lib/gcc/arm-none-eabi/12.3.1/../../../../arm-none-eabi/lib/thumb/v7e-m+fp/hard\libc_nano.a(libc_a-lock.o)
                0x080005ca                __retarget_lock_release_recursive
 .text._free_r  0x080005cc       0x94 C:/Program Files/STMicroelectronics/STM32Cube/STM32CubeCLT_1.17.0/GNU-tools-for-STM32/bin/../lib/gcc/arm-none-eabi/12.3.1/../../../../arm-none-eabi/lib/thumb/v7e-m+fp/hard\libc_nano.a(libc_a-freer.o)
                0x080005cc                _free_r
 .text.sbrk_aligned
                0x08000660       0x44 C:/Program Files/STMicroelectronics/STM32Cube/STM32CubeCLT_1.17.0/GNU-tools-for-STM32/bin/../lib/gcc/arm-none-eabi/12.3.1/../../../../arm-none-eabi/lib/thumb/v7e-m+fp/hard\libc_nano.a(libc_a-mallocr.o)
 .text._malloc_r
                0x080006a4      0x100 C:/Program Files/STMicroelectronics/STM32Cube/STM32CubeCLT_1.17.0/GNU-tools-for-STM32/bin/../lib/gcc/arm-none-eabi/12.3.1/../../../../arm-none-eabi/lib/thumb/v7e-m+fp/hard\libc_nano.a(libc_a-mallocr.o)
                0x080006a4                _malloc_r
 .text.__malloc_lock
                0x080007a4        0xc C:/Program Files/STMicroelectronics/STM32Cube/STM32CubeCLT_1.17.0/GNU-tools-for-STM32/bin/../lib/gcc/arm-none-eabi/12.3.1/../../../../arm-none-eabi/lib/thumb/v7e-m+fp/hard\libc_nano.a(libc_a-mlock.o)
                0x080007a4                __malloc_lock
 .text.__malloc_unlock
                0x080007b0        0xc C:/Program Files/STMicroelectronics/STM32Cube/STM32CubeCLT_1.17.0/GNU-tools-for-STM32/bin/../lib/gcc/arm-none-eabi/12.3.1/../../../../arm-none-eabi/lib/thumb/v7e-m+fp/hard\libc_nano.a(libc_a-mlock.o)
                0x080007b0                __malloc_unlock
 .text._sbrk_r  0x080007bc       0x20 C:/Program Files/STMicroelectronics/STM32Cube/STM32CubeCLT_1.17.0/GNU-tools-for-STM32/bin/../lib/gcc/arm-none-eabi/12.3.1/../../../../arm-none-eabi/lib/thumb/v7e-m+fp/hard\libc_nano.a(libc_a-sbrkr.o)
                0x080007bc                _sbrk_r
 .text.HAL_TIM_PeriodElapsedCallback
                0x080007dc       0x64 CMakeFiles/cruce-cero.dir/Core/Src/main.c.obj
                0x080007dc                HAL_TIM_PeriodElapsedCallback
 .text.HAL_GPIO_EXTI_Callback
                0x08000840       0x3c CMakeFiles/cruce-cero.dir/Core/Src/main.c.obj
                0x08000840                HAL_GPIO_EXTI_Callback
 .text.HAL_UART_RxCpltCallback
                0x0800087c       0xa0 CMakeFiles/cruce-cero.dir/Core/Src/main.c.obj
                0x0800087c                HAL_UART_RxCpltCallback
 .text.main     0x0800091c       0x58 CMakeFiles/cruce-cero.dir/Core/Src/main.c.obj
                0x0800091c                main
 .text.SystemClock_Config
                0x08000974       0xa2 CMakeFiles/cruce-cero.dir/Core/Src/main.c.obj
                0x08000974                SystemClock_Config
 *fill*         0x08000a16        0x2 
 .text.MX_TIM2_Init
                0x08000a18       0x98 CMakeFiles/cruce-cero.dir/Core/Src/main.c.obj
 .text.MX_USART2_UART_Init
                0x08000ab0       0x60 CMakeFiles/cruce-cero.dir/Core/Src/main.c.obj
 .text.MX_GPIO_Init
                0x08000b10       0xd8 CMakeFiles/cruce-cero.dir/Core/Src/main.c.obj
 .text.Error_Handler
                0x08000be8        0xc CMakeFiles/cruce-cero.dir/Core/Src/main.c.obj
                0x08000be8                Error_Handler
 .text.NMI_Handler
                0x08000bf4        0x8 CMakeFiles/cruce-cero.dir/Core/Src/stm32l4xx_it.c.obj
                0x08000bf4                NMI_Handler
 .text.HardFault_Handler
                0x08000bfc        0x8 CMakeFiles/cruce-cero.dir/Core/Src/stm32l4xx_it.c.obj
                0x08000bfc                HardFault_Handler
 .text.MemManage_Handler
                0x08000c04        0x8 CMakeFiles/cruce-cero.dir/Core/Src/stm32l4xx_it.c.obj
                0x08000c04                MemManage_Handler
 .text.BusFault_Handler
                0x08000c0c        0x8 CMakeFiles/cruce-cero.dir/Core/Src/stm32l4xx_it.c.obj
                0x08000c0c                BusFault_Handler
 .text.UsageFault_Handler
                0x08000c14        0x8 CMakeFiles/cruce-cero.dir/Core/Src/stm32l4xx_it.c.obj
                0x08000c14                UsageFault_Handler
 .text.SVC_Handler
                0x08000c1c        0xe CMakeFiles/cruce-cero.dir/Core/Src/stm32l4xx_it.c.obj
                0x08000c1c                SVC_Handler
 .text.DebugMon_Handler
                0x08000c2a        0xe CMakeFiles/cruce-cero.dir/Core/Src/stm32l4xx_it.c.obj
                0x08000c2a                DebugMon_Handler
 .text.PendSV_Handler
                0x08000c38        0xe CMakeFiles/cruce-cero.dir/Core/Src/stm32l4xx_it.c.obj
                0x08000c38                PendSV_Handler
 .text.SysTick_Handler
                0x08000c46        0xc CMakeFiles/cruce-cero.dir/Core/Src/stm32l4xx_it.c.obj
                0x08000c46                SysTick_Handler
 .text.EXTI2_IRQHandler
                0x08000c52        0xe CMakeFiles/cruce-cero.dir/Core/Src/stm32l4xx_it.c.obj
                0x08000c52                EXTI2_IRQHandler
 .text.TIM2_IRQHandler
                0x08000c60       0x14 CMakeFiles/cruce-cero.dir/Core/Src/stm32l4xx_it.c.obj
                0x08000c60                TIM2_IRQHandler
 .text.USART2_IRQHandler
                0x08000c74       0x14 CMakeFiles/cruce-cero.dir/Core/Src/stm32l4xx_it.c.obj
                0x08000c74                USART2_IRQHandler
 .text.HAL_MspInit
                0x08000c88       0x48 CMakeFiles/cruce-cero.dir/Core/Src/stm32l4xx_hal_msp.c.obj
                0x08000c88                HAL_MspInit
 .text.HAL_TIM_Base_MspInit
                0x08000cd0       0x48 CMakeFiles/cruce-cero.dir/Core/Src/stm32l4xx_hal_msp.c.obj
                0x08000cd0                HAL_TIM_Base_MspInit
 .text.HAL_UART_MspInit
                0x08000d18       0xc8 CMakeFiles/cruce-cero.dir/Core/Src/stm32l4xx_hal_msp.c.obj
                0x08000d18                HAL_UART_MspInit
 .text.HAL_TIM_Base_Init
                0x08000de0       0xae CMakeFiles/cruce-cero.dir/Drivers/STM32L4xx_HAL_Driver/Src/stm32l4xx_hal_tim.c.obj
                0x08000de0                HAL_TIM_Base_Init
 *fill*         0x08000e8e        0x2 
 .text.HAL_TIM_Base_Start_IT
                0x08000e90       0xe0 CMakeFiles/cruce-cero.dir/Drivers/STM32L4xx_HAL_Driver/Src/stm32l4xx_hal_tim.c.obj
                0x08000e90                HAL_TIM_Base_Start_IT
 .text.HAL_TIM_IRQHandler
                0x08000f70      0x20e CMakeFiles/cruce-cero.dir/Drivers/STM32L4xx_HAL_Driver/Src/stm32l4xx_hal_tim.c.obj
                0x08000f70                HAL_TIM_IRQHandler
 .text.HAL_TIM_ConfigClockSource
                0x0800117e      0x192 CMakeFiles/cruce-cero.dir/Drivers/STM32L4xx_HAL_Driver/Src/stm32l4xx_hal_tim.c.obj
                0x0800117e                HAL_TIM_ConfigClockSource
 .text.HAL_TIM_OC_DelayElapsedCallback
                0x08001310       0x14 CMakeFiles/cruce-cero.dir/Drivers/STM32L4xx_HAL_Driver/Src/stm32l4xx_hal_tim.c.obj
                0x08001310                HAL_TIM_OC_DelayElapsedCallback
 .text.HAL_TIM_IC_CaptureCallback
                0x08001324       0x14 CMakeFiles/cruce-cero.dir/Drivers/STM32L4xx_HAL_Driver/Src/stm32l4xx_hal_tim.c.obj
                0x08001324                HAL_TIM_IC_CaptureCallback
 .text.HAL_TIM_PWM_PulseFinishedCallback
                0x08001338       0x14 CMakeFiles/cruce-cero.dir/Drivers/STM32L4xx_HAL_Driver/Src/stm32l4xx_hal_tim.c.obj
                0x08001338                HAL_TIM_PWM_PulseFinishedCallback
 .text.HAL_TIM_TriggerCallback
                0x0800134c       0x14 CMakeFiles/cruce-cero.dir/Drivers/STM32L4xx_HAL_Driver/Src/stm32l4xx_hal_tim.c.obj
                0x0800134c                HAL_TIM_TriggerCallback
 .text.TIM_Base_SetConfig
                0x08001360      0x14c CMakeFiles/cruce-cero.dir/Drivers/STM32L4xx_HAL_Driver/Src/stm32l4xx_hal_tim.c.obj
                0x08001360                TIM_Base_SetConfig
 .text.TIM_TI1_ConfigInputStage
                0x080014ac       0x5e CMakeFiles/cruce-cero.dir/Drivers/STM32L4xx_HAL_Driver/Src/stm32l4xx_hal_tim.c.obj
 .text.TIM_TI2_ConfigInputStage
                0x0800150a       0x60 CMakeFiles/cruce-cero.dir/Drivers/STM32L4xx_HAL_Driver/Src/stm32l4xx_hal_tim.c.obj
 .text.TIM_ITRx_SetConfig
                0x0800156a       0x36 CMakeFiles/cruce-cero.dir/Drivers/STM32L4xx_HAL_Driver/Src/stm32l4xx_hal_tim.c.obj
 .text.TIM_ETR_SetConfig
                0x080015a0       0x40 CMakeFiles/cruce-cero.dir/Drivers/STM32L4xx_HAL_Driver/Src/stm32l4xx_hal_tim.c.obj
                0x080015a0                TIM_ETR_SetConfig
 .text.HAL_TIMEx_MasterConfigSynchronization
                0x080015e0      0x110 CMakeFiles/cruce-cero.dir/Drivers/STM32L4xx_HAL_Driver/Src/stm32l4xx_hal_tim_ex.c.obj
                0x080015e0                HAL_TIMEx_MasterConfigSynchronization
 .text.HAL_TIMEx_CommutCallback
                0x080016f0       0x14 CMakeFiles/cruce-cero.dir/Drivers/STM32L4xx_HAL_Driver/Src/stm32l4xx_hal_tim_ex.c.obj
                0x080016f0                HAL_TIMEx_CommutCallback
 .text.HAL_TIMEx_BreakCallback
                0x08001704       0x14 CMakeFiles/cruce-cero.dir/Drivers/STM32L4xx_HAL_Driver/Src/stm32l4xx_hal_tim_ex.c.obj
                0x08001704                HAL_TIMEx_BreakCallback
 .text.HAL_TIMEx_Break2Callback
                0x08001718       0x14 CMakeFiles/cruce-cero.dir/Drivers/STM32L4xx_HAL_Driver/Src/stm32l4xx_hal_tim_ex.c.obj
                0x08001718                HAL_TIMEx_Break2Callback
 .text.HAL_Init
                0x0800172c       0x40 CMakeFiles/cruce-cero.dir/Drivers/STM32L4xx_HAL_Driver/Src/stm32l4xx_hal.c.obj
                0x0800172c                HAL_Init
 .text.HAL_InitTick
                0x0800176c       0x78 CMakeFiles/cruce-cero.dir/Drivers/STM32L4xx_HAL_Driver/Src/stm32l4xx_hal.c.obj
                0x0800176c                HAL_InitTick
 .text.HAL_IncTick
                0x080017e4       0x28 CMakeFiles/cruce-cero.dir/Drivers/STM32L4xx_HAL_Driver/Src/stm32l4xx_hal.c.obj
                0x080017e4                HAL_IncTick
 .text.HAL_GetTick
                0x0800180c       0x18 CMakeFiles/cruce-cero.dir/Drivers/STM32L4xx_HAL_Driver/Src/stm32l4xx_hal.c.obj
                0x0800180c                HAL_GetTick
 .text.HAL_RCC_OscConfig
                0x08001824      0x7b8 CMakeFiles/cruce-cero.dir/Drivers/STM32L4xx_HAL_Driver/Src/stm32l4xx_hal_rcc.c.obj
                0x08001824                HAL_RCC_OscConfig
 .text.HAL_RCC_ClockConfig
                0x08001fdc      0x200 CMakeFiles/cruce-cero.dir/Drivers/STM32L4xx_HAL_Driver/Src/stm32l4xx_hal_rcc.c.obj
                0x08001fdc                HAL_RCC_ClockConfig
 .text.HAL_RCC_GetSysClockFreq
                0x080021dc      0x118 CMakeFiles/cruce-cero.dir/Drivers/STM32L4xx_HAL_Driver/Src/stm32l4xx_hal_rcc.c.obj
                0x080021dc                HAL_RCC_GetSysClockFreq
 .text.HAL_RCC_GetHCLKFreq
                0x080022f4       0x18 CMakeFiles/cruce-cero.dir/Drivers/STM32L4xx_HAL_Driver/Src/stm32l4xx_hal_rcc.c.obj
                0x080022f4                HAL_RCC_GetHCLKFreq
 .text.HAL_RCC_GetPCLK1Freq
                0x0800230c       0x2c CMakeFiles/cruce-cero.dir/Drivers/STM32L4xx_HAL_Driver/Src/stm32l4xx_hal_rcc.c.obj
                0x0800230c                HAL_RCC_GetPCLK1Freq
 .text.HAL_RCC_GetPCLK2Freq
                0x08002338       0x2c CMakeFiles/cruce-cero.dir/Drivers/STM32L4xx_HAL_Driver/Src/stm32l4xx_hal_rcc.c.obj
                0x08002338                HAL_RCC_GetPCLK2Freq
 .text.RCC_SetFlashLatencyFromMSIRange
                0x08002364       0xc0 CMakeFiles/cruce-cero.dir/Drivers/STM32L4xx_HAL_Driver/Src/stm32l4xx_hal_rcc.c.obj
 .text.HAL_RCCEx_PeriphCLKConfig
                0x08002424      0x5d4 CMakeFiles/cruce-cero.dir/Drivers/STM32L4xx_HAL_Driver/Src/stm32l4xx_hal_rcc_ex.c.obj
                0x08002424                HAL_RCCEx_PeriphCLKConfig
 .text.RCCEx_PLLSAI1_Config
                0x080029f8      0x1e8 CMakeFiles/cruce-cero.dir/Drivers/STM32L4xx_HAL_Driver/Src/stm32l4xx_hal_rcc_ex.c.obj
 .text.RCCEx_PLLSAI2_Config
                0x08002be0      0x1bc CMakeFiles/cruce-cero.dir/Drivers/STM32L4xx_HAL_Driver/Src/stm32l4xx_hal_rcc_ex.c.obj
 .text.HAL_GPIO_Init
                0x08002d9c      0x354 CMakeFiles/cruce-cero.dir/Drivers/STM32L4xx_HAL_Driver/Src/stm32l4xx_hal_gpio.c.obj
                0x08002d9c                HAL_GPIO_Init
 .text.HAL_GPIO_WritePin
                0x080030f0       0x30 CMakeFiles/cruce-cero.dir/Drivers/STM32L4xx_HAL_Driver/Src/stm32l4xx_hal_gpio.c.obj
                0x080030f0                HAL_GPIO_WritePin
 .text.HAL_GPIO_EXTI_IRQHandler
                0x08003120       0x30 CMakeFiles/cruce-cero.dir/Drivers/STM32L4xx_HAL_Driver/Src/stm32l4xx_hal_gpio.c.obj
                0x08003120                HAL_GPIO_EXTI_IRQHandler
 .text.HAL_DMA_Abort
                0x08003150       0x7c CMakeFiles/cruce-cero.dir/Drivers/STM32L4xx_HAL_Driver/Src/stm32l4xx_hal_dma.c.obj
                0x08003150                HAL_DMA_Abort
 .text.HAL_DMA_Abort_IT
                0x080031cc       0x82 CMakeFiles/cruce-cero.dir/Drivers/STM32L4xx_HAL_Driver/Src/stm32l4xx_hal_dma.c.obj
                0x080031cc                HAL_DMA_Abort_IT
 *fill*         0x0800324e        0x2 
 .text.HAL_PWREx_GetVoltageRange
                0x08003250       0x1c CMakeFiles/cruce-cero.dir/Drivers/STM32L4xx_HAL_Driver/Src/stm32l4xx_hal_pwr_ex.c.obj
                0x08003250                HAL_PWREx_GetVoltageRange
 .text.HAL_PWREx_ControlVoltageScaling
                0x0800326c       0xac CMakeFiles/cruce-cero.dir/Drivers/STM32L4xx_HAL_Driver/Src/stm32l4xx_hal_pwr_ex.c.obj
                0x0800326c                HAL_PWREx_ControlVoltageScaling
 .text.__NVIC_SetPriorityGrouping
                0x08003318       0x48 CMakeFiles/cruce-cero.dir/Drivers/STM32L4xx_HAL_Driver/Src/stm32l4xx_hal_cortex.c.obj
 .text.__NVIC_GetPriorityGrouping
                0x08003360       0x1c CMakeFiles/cruce-cero.dir/Drivers/STM32L4xx_HAL_Driver/Src/stm32l4xx_hal_cortex.c.obj
 .text.__NVIC_EnableIRQ
                0x0800337c       0x3c CMakeFiles/cruce-cero.dir/Drivers/STM32L4xx_HAL_Driver/Src/stm32l4xx_hal_cortex.c.obj
 .text.__NVIC_SetPriority
                0x080033b8       0x54 CMakeFiles/cruce-cero.dir/Drivers/STM32L4xx_HAL_Driver/Src/stm32l4xx_hal_cortex.c.obj
 .text.NVIC_EncodePriority
                0x0800340c       0x66 CMakeFiles/cruce-cero.dir/Drivers/STM32L4xx_HAL_Driver/Src/stm32l4xx_hal_cortex.c.obj
 *fill*         0x08003472        0x2 
 .text.SysTick_Config
                0x08003474       0x44 CMakeFiles/cruce-cero.dir/Drivers/STM32L4xx_HAL_Driver/Src/stm32l4xx_hal_cortex.c.obj
 .text.HAL_NVIC_SetPriorityGrouping
                0x080034b8       0x16 CMakeFiles/cruce-cero.dir/Drivers/STM32L4xx_HAL_Driver/Src/stm32l4xx_hal_cortex.c.obj
                0x080034b8                HAL_NVIC_SetPriorityGrouping
 .text.HAL_NVIC_SetPriority
                0x080034ce       0x38 CMakeFiles/cruce-cero.dir/Drivers/STM32L4xx_HAL_Driver/Src/stm32l4xx_hal_cortex.c.obj
                0x080034ce                HAL_NVIC_SetPriority
 .text.HAL_NVIC_EnableIRQ
                0x08003506       0x1c CMakeFiles/cruce-cero.dir/Drivers/STM32L4xx_HAL_Driver/Src/stm32l4xx_hal_cortex.c.obj
                0x08003506                HAL_NVIC_EnableIRQ
 .text.HAL_SYSTICK_Config
                0x08003522       0x18 CMakeFiles/cruce-cero.dir/Drivers/STM32L4xx_HAL_Driver/Src/stm32l4xx_hal_cortex.c.obj
                0x08003522                HAL_SYSTICK_Config
 .text.HAL_UART_Init
                0x0800353a       0x9c CMakeFiles/cruce-cero.dir/Drivers/STM32L4xx_HAL_Driver/Src/stm32l4xx_hal_uart.c.obj
                0x0800353a                HAL_UART_Init
 .text.HAL_UART_Transmit
                0x080035d6      0x112 CMakeFiles/cruce-cero.dir/Drivers/STM32L4xx_HAL_Driver/Src/stm32l4xx_hal_uart.c.obj
                0x080035d6                HAL_UART_Transmit
 .text.HAL_UART_Receive_IT
                0x080036e8       0x98 CMakeFiles/cruce-cero.dir/Drivers/STM32L4xx_HAL_Driver/Src/stm32l4xx_hal_uart.c.obj
                0x080036e8                HAL_UART_Receive_IT
 .text.HAL_UART_IRQHandler
                0x08003780      0x60c CMakeFiles/cruce-cero.dir/Drivers/STM32L4xx_HAL_Driver/Src/stm32l4xx_hal_uart.c.obj
                0x08003780                HAL_UART_IRQHandler
 .text.HAL_UART_TxCpltCallback
                0x08003d8c       0x14 CMakeFiles/cruce-cero.dir/Drivers/STM32L4xx_HAL_Driver/Src/stm32l4xx_hal_uart.c.obj
                0x08003d8c                HAL_UART_TxCpltCallback
 .text.HAL_UART_ErrorCallback
                0x08003da0       0x14 CMakeFiles/cruce-cero.dir/Drivers/STM32L4xx_HAL_Driver/Src/stm32l4xx_hal_uart.c.obj
                0x08003da0                HAL_UART_ErrorCallback
 .text.HAL_UARTEx_RxEventCallback
                0x08003db4       0x18 CMakeFiles/cruce-cero.dir/Drivers/STM32L4xx_HAL_Driver/Src/stm32l4xx_hal_uart.c.obj
                0x08003db4                HAL_UARTEx_RxEventCallback
 .text.UART_SetConfig
                0x08003dcc      0x570 CMakeFiles/cruce-cero.dir/Drivers/STM32L4xx_HAL_Driver/Src/stm32l4xx_hal_uart.c.obj
                0x08003dcc                UART_SetConfig
 .text.UART_AdvFeatureConfig
                0x0800433c      0x144 CMakeFiles/cruce-cero.dir/Drivers/STM32L4xx_HAL_Driver/Src/stm32l4xx_hal_uart.c.obj
                0x0800433c                UART_AdvFeatureConfig
 .text.UART_CheckIdleState
                0x08004480      0x150 CMakeFiles/cruce-cero.dir/Drivers/STM32L4xx_HAL_Driver/Src/stm32l4xx_hal_uart.c.obj
                0x08004480                UART_CheckIdleState
 .text.UART_WaitOnFlagUntilTimeout
                0x080045d0       0xda CMakeFiles/cruce-cero.dir/Drivers/STM32L4xx_HAL_Driver/Src/stm32l4xx_hal_uart.c.obj
                0x080045d0                UART_WaitOnFlagUntilTimeout
 *fill*         0x080046aa        0x2 
 .text.UART_Start_Receive_IT
                0x080046ac      0x18c CMakeFiles/cruce-cero.dir/Drivers/STM32L4xx_HAL_Driver/Src/stm32l4xx_hal_uart.c.obj
                0x080046ac                UART_Start_Receive_IT
 .text.UART_EndRxTransfer
                0x08004838       0xc8 CMakeFiles/cruce-cero.dir/Drivers/STM32L4xx_HAL_Driver/Src/stm32l4xx_hal_uart.c.obj
 .text.UART_DMAAbortOnError
                0x08004900       0x2c CMakeFiles/cruce-cero.dir/Drivers/STM32L4xx_HAL_Driver/Src/stm32l4xx_hal_uart.c.obj
 .text.UART_EndTransmit_IT
                0x0800492c       0x54 CMakeFiles/cruce-cero.dir/Drivers/STM32L4xx_HAL_Driver/Src/stm32l4xx_hal_uart.c.obj
 .text.UART_RxISR_8BIT
                0x08004980      0x1bc CMakeFiles/cruce-cero.dir/Drivers/STM32L4xx_HAL_Driver/Src/stm32l4xx_hal_uart.c.obj
 .text.UART_RxISR_16BIT
                0x08004b3c      0x1bc CMakeFiles/cruce-cero.dir/Drivers/STM32L4xx_HAL_Driver/Src/stm32l4xx_hal_uart.c.obj
 .text.HAL_UARTEx_WakeupCallback
                0x08004cf8       0x14 CMakeFiles/cruce-cero.dir/Drivers/STM32L4xx_HAL_Driver/Src/stm32l4xx_hal_uart_ex.c.obj
                0x08004cf8                HAL_UARTEx_WakeupCallback
 .text.SystemInit
                0x08004d0c       0x24 CMakeFiles/cruce-cero.dir/Core/Src/system_stm32l4xx.c.obj
                0x08004d0c                SystemInit
 .text._sbrk    0x08004d30       0x6c CMakeFiles/cruce-cero.dir/Core/Src/sysmem.c.obj
                0x08004d30                _sbrk
 .text.Reset_Handler
                0x08004d9c       0x50 CMakeFiles/cruce-cero.dir/startup_stm32l476xx.s.obj
                0x08004d9c                Reset_Handler
 .text.Default_Handler
                0x08004dec        0x2 CMakeFiles/cruce-cero.dir/startup_stm32l476xx.s.obj
                0x08004dec                RTC_Alarm_IRQHandler
                0x08004dec                TIM8_TRG_COM_IRQHandler
                0x08004dec                TIM8_CC_IRQHandler
                0x08004dec                TIM1_CC_IRQHandler
                0x08004dec                TSC_IRQHandler
                0x08004dec                TAMP_STAMP_IRQHandler
                0x08004dec                EXTI3_IRQHandler
                0x08004dec                LPTIM2_IRQHandler
                0x08004dec                DFSDM1_FLT1_IRQHandler
                0x08004dec                I2C3_ER_IRQHandler
                0x08004dec                DFSDM1_FLT2_IRQHandler
                0x08004dec                EXTI0_IRQHandler
                0x08004dec                I2C2_EV_IRQHandler
                0x08004dec                CAN1_RX0_IRQHandler
                0x08004dec                FPU_IRQHandler
                0x08004dec                TIM1_UP_TIM16_IRQHandler
                0x08004dec                ADC1_2_IRQHandler
                0x08004dec                SPI1_IRQHandler
                0x08004dec                TIM6_DAC_IRQHandler
                0x08004dec                TIM8_UP_IRQHandler
                0x08004dec                DMA2_Channel2_IRQHandler
                0x08004dec                DMA1_Channel4_IRQHandler
                0x08004dec                SAI2_IRQHandler
                0x08004dec                DFSDM1_FLT3_IRQHandler
                0x08004dec                USART3_IRQHandler
                0x08004dec                DMA1_Channel7_IRQHandler
                0x08004dec                CAN1_RX1_IRQHandler
                0x08004dec                LCD_IRQHandler
                0x08004dec                UART5_IRQHandler
                0x08004dec                ADC3_IRQHandler
                0x08004dec                TIM4_IRQHandler
                0x08004dec                DMA2_Channel1_IRQHandler
                0x08004dec                QUADSPI_IRQHandler
                0x08004dec                I2C1_EV_IRQHandler
                0x08004dec                DMA1_Channel6_IRQHandler
                0x08004dec                UART4_IRQHandler
                0x08004dec                DMA2_Channel4_IRQHandler
                0x08004dec                TIM3_IRQHandler
                0x08004dec                RCC_IRQHandler
                0x08004dec                DMA1_Channel1_IRQHandler
                0x08004dec                Default_Handler
                0x08004dec                DMA2_Channel7_IRQHandler
                0x08004dec                EXTI15_10_IRQHandler
                0x08004dec                TIM7_IRQHandler
                0x08004dec                SDMMC1_IRQHandler
                0x08004dec                TIM5_IRQHandler
                0x08004dec                I2C3_EV_IRQHandler
                0x08004dec                EXTI9_5_IRQHandler
                0x08004dec                RTC_WKUP_IRQHandler
                0x08004dec                PVD_PVM_IRQHandler
                0x08004dec                SPI2_IRQHandler
                0x08004dec                CAN1_TX_IRQHandler
                0x08004dec                DMA2_Channel5_IRQHandler
                0x08004dec                DMA1_Channel5_IRQHandler
                0x08004dec                EXTI4_IRQHandler
                0x08004dec                RNG_IRQHandler
                0x08004dec                TIM1_TRG_COM_TIM17_IRQHandler
                0x08004dec                DMA1_Channel3_IRQHandler
                0x08004dec                COMP_IRQHandler
                0x08004dec                WWDG_IRQHandler
                0x08004dec                LPUART1_IRQHandler
                0x08004dec                DMA2_Channel6_IRQHandler
                0x08004dec                EXTI1_IRQHandler
                0x08004dec                DFSDM1_FLT0_IRQHandler
                0x08004dec                I2C2_ER_IRQHandler
                0x08004dec                DMA1_Channel2_IRQHandler
                0x08004dec                TIM8_BRK_IRQHandler
                0x08004dec                CAN1_SCE_IRQHandler
                0x08004dec                FLASH_IRQHandler
                0x08004dec                USART1_IRQHandler
                0x08004dec                OTG_FS_IRQHandler
                0x08004dec                SPI3_IRQHandler
                0x08004dec                I2C1_ER_IRQHandler
                0x08004dec                FMC_IRQHandler
                0x08004dec                SWPMI1_IRQHandler
                0x08004dec                LPTIM1_IRQHandler
                0x08004dec                SAI1_IRQHandler
                0x08004dec                DMA2_Channel3_IRQHandler
                0x08004dec                TIM1_BRK_TIM15_IRQHandler
 *fill*         0x08004dee        0x2 
 .text.sprintf  0x08004df0       0x40 C:/Program Files/STMicroelectronics/STM32Cube/STM32CubeCLT_1.17.0/GNU-tools-for-STM32/bin/../lib/gcc/arm-none-eabi/12.3.1/../../../../arm-none-eabi/lib/thumb/v7e-m+fp/hard\libg_nano.a(libc_a-sprintf.o)
                0x08004df0                siprintf
                0x08004df0                sprintf
 .text.__errno  0x08004e30        0xc C:/Program Files/STMicroelectronics/STM32Cube/STM32CubeCLT_1.17.0/GNU-tools-for-STM32/bin/../lib/gcc/arm-none-eabi/12.3.1/../../../../arm-none-eabi/lib/thumb/v7e-m+fp/hard\libg_nano.a(libc_a-errno.o)
                0x08004e30                __errno
 .text.__ssputs_r
                0x08004e3c       0xb6 C:/Program Files/STMicroelectronics/STM32Cube/STM32CubeCLT_1.17.0/GNU-tools-for-STM32/bin/../lib/gcc/arm-none-eabi/12.3.1/../../../../arm-none-eabi/lib/thumb/v7e-m+fp/hard\libg_nano.a(libc_a-nano-svfprintf.o)
                0x08004e3c                __ssputs_r
 *fill*         0x08004ef2        0x2 
 .text._svfprintf_r
                0x08004ef4      0x1f8 C:/Program Files/STMicroelectronics/STM32Cube/STM32CubeCLT_1.17.0/GNU-tools-for-STM32/bin/../lib/gcc/arm-none-eabi/12.3.1/../../../../arm-none-eabi/lib/thumb/v7e-m+fp/hard\libg_nano.a(libc_a-nano-svfprintf.o)
                0x08004ef4                _svfiprintf_r
                0x08004ef4                _svfprintf_r
 .text._printf_common
                0x080050ec       0xda C:/Program Files/STMicroelectronics/STM32Cube/STM32CubeCLT_1.17.0/GNU-tools-for-STM32/bin/../lib/gcc/arm-none-eabi/12.3.1/../../../../arm-none-eabi/lib/thumb/v7e-m+fp/hard\libg_nano.a(libc_a-nano-vfprintf_i.o)
                0x080050ec                _printf_common
 *fill*         0x080051c6        0x2 
 .text._printf_i
                0x080051c8      0x240 C:/Program Files/STMicroelectronics/STM32Cube/STM32CubeCLT_1.17.0/GNU-tools-for-STM32/bin/../lib/gcc/arm-none-eabi/12.3.1/../../../../arm-none-eabi/lib/thumb/v7e-m+fp/hard\libg_nano.a(libc_a-nano-vfprintf_i.o)
                0x080051c8                _printf_i
 .text.memmove  0x08005408       0x34 C:/Program Files/STMicroelectronics/STM32Cube/STM32CubeCLT_1.17.0/GNU-tools-for-STM32/bin/../lib/gcc/arm-none-eabi/12.3.1/../../../../arm-none-eabi/lib/thumb/v7e-m+fp/hard\libg_nano.a(libc_a-memmove.o)
                0x08005408                memmove
 .text.memcpy   0x0800543c       0x1c C:/Program Files/STMicroelectronics/STM32Cube/STM32CubeCLT_1.17.0/GNU-tools-for-STM32/bin/../lib/gcc/arm-none-eabi/12.3.1/../../../../arm-none-eabi/lib/thumb/v7e-m+fp/hard\libg_nano.a(libc_a-memcpy-stub.o)
                0x0800543c                memcpy
 .text._realloc_r
                0x08005458       0x5c C:/Program Files/STMicroelectronics/STM32Cube/STM32CubeCLT_1.17.0/GNU-tools-for-STM32/bin/../lib/gcc/arm-none-eabi/12.3.1/../../../../arm-none-eabi/lib/thumb/v7e-m+fp/hard\libg_nano.a(libc_a-reallocr.o)
                0x08005458                _realloc_r
 .text._malloc_usable_size_r
                0x080054b4       0x10 C:/Program Files/STMicroelectronics/STM32Cube/STM32CubeCLT_1.17.0/GNU-tools-for-STM32/bin/../lib/gcc/arm-none-eabi/12.3.1/../../../../arm-none-eabi/lib/thumb/v7e-m+fp/hard\libg_nano.a(libc_a-msizer.o)
                0x080054b4                _malloc_usable_size_r
 *(.glue_7)
 .glue_7        0x080054c4        0x0 linker stubs
 *(.glue_7t)
 .glue_7t       0x080054c4        0x0 linker stubs
 *(.eh_frame)
 .eh_frame      0x080054c4        0x0 C:/Program Files/STMicroelectronics/STM32Cube/STM32CubeCLT_1.17.0/GNU-tools-for-STM32/bin/../lib/gcc/arm-none-eabi/12.3.1/thumb/v7e-m+fp/hard/crtbegin.o
 *(.init)
 .init          0x080054c4        0x4 C:/Program Files/STMicroelectronics/STM32Cube/STM32CubeCLT_1.17.0/GNU-tools-for-STM32/bin/../lib/gcc/arm-none-eabi/12.3.1/thumb/v7e-m+fp/hard/crti.o
                0x080054c4                _init
 .init          0x080054c8        0x8 C:/Program Files/STMicroelectronics/STM32Cube/STM32CubeCLT_1.17.0/GNU-tools-for-STM32/bin/../lib/gcc/arm-none-eabi/12.3.1/thumb/v7e-m+fp/hard/crtn.o
 *(.fini)
 .fini          0x080054d0        0x4 C:/Program Files/STMicroelectronics/STM32Cube/STM32CubeCLT_1.17.0/GNU-tools-for-STM32/bin/../lib/gcc/arm-none-eabi/12.3.1/thumb/v7e-m+fp/hard/crti.o
                0x080054d0                _fini
 .fini          0x080054d4        0x8 C:/Program Files/STMicroelectronics/STM32Cube/STM32CubeCLT_1.17.0/GNU-tools-for-STM32/bin/../lib/gcc/arm-none-eabi/12.3.1/thumb/v7e-m+fp/hard/crtn.o
                0x080054e0                        . = ALIGN (0x8)
 *fill*         0x080054dc        0x4 
                0x080054e0                        _etext = .

.vfp11_veneer   0x080054e0        0x0
 .vfp11_veneer  0x080054e0        0x0 linker stubs

.v4_bx          0x080054e0        0x0
 .v4_bx         0x080054e0        0x0 linker stubs

.iplt           0x080054e0        0x0
 .iplt          0x080054e0        0x0 C:/Program Files/STMicroelectronics/STM32Cube/STM32CubeCLT_1.17.0/GNU-tools-for-STM32/bin/../lib/gcc/arm-none-eabi/12.3.1/thumb/v7e-m+fp/hard/crtbegin.o

.rodata         0x080054e0       0xc0
                0x080054e0                        . = ALIGN (0x8)
 *(.rodata)
 .rodata        0x080054e0       0x40 CMakeFiles/cruce-cero.dir/Core/Src/main.c.obj
 *(.rodata*)
 .rodata.AHBPrescTable
                0x08005520       0x10 CMakeFiles/cruce-cero.dir/Core/Src/system_stm32l4xx.c.obj
                0x08005520                AHBPrescTable
 .rodata.APBPrescTable
                0x08005530        0x8 CMakeFiles/cruce-cero.dir/Core/Src/system_stm32l4xx.c.obj
                0x08005530                APBPrescTable
 .rodata.MSIRangeTable
                0x08005538       0x30 CMakeFiles/cruce-cero.dir/Core/Src/system_stm32l4xx.c.obj
                0x08005538                MSIRangeTable
 .rodata._svfprintf_r.str1.1
                0x08005568       0x11 C:/Program Files/STMicroelectronics/STM32Cube/STM32CubeCLT_1.17.0/GNU-tools-for-STM32/bin/../lib/gcc/arm-none-eabi/12.3.1/../../../../arm-none-eabi/lib/thumb/v7e-m+fp/hard\libg_nano.a(libc_a-nano-svfprintf.o)
 .rodata._printf_i.str1.1
                0x08005579       0x22 C:/Program Files/STMicroelectronics/STM32Cube/STM32CubeCLT_1.17.0/GNU-tools-for-STM32/bin/../lib/gcc/arm-none-eabi/12.3.1/../../../../arm-none-eabi/lib/thumb/v7e-m+fp/hard\libg_nano.a(libc_a-nano-vfprintf_i.o)
                0x080055a0                        . = ALIGN (0x8)
 *fill*         0x0800559b        0x5 

.ARM.extab      0x080055a0        0x0
                0x080055a0                        . = ALIGN (0x8)
 *(.ARM.extab* .gnu.linkonce.armextab.*)
                0x080055a0                        . = ALIGN (0x8)

.ARM            0x080055a0        0x8
                0x080055a0                        . = ALIGN (0x8)
                0x080055a0                        __exidx_start = .
 *(.ARM.exidx*)
 .ARM.exidx     0x080055a0        0x8 C:/Program Files/STMicroelectronics/STM32Cube/STM32CubeCLT_1.17.0/GNU-tools-for-STM32/bin/../lib/gcc/arm-none-eabi/12.3.1/thumb/v7e-m+fp/hard\libgcc.a(_udivmoddi4.o)
 .ARM.exidx     0x080055a8        0x0 C:/Program Files/STMicroelectronics/STM32Cube/STM32CubeCLT_1.17.0/GNU-tools-for-STM32/bin/../lib/gcc/arm-none-eabi/12.3.1/../../../../arm-none-eabi/lib/thumb/v7e-m+fp/hard\libg_nano.a(libc_a-strlen.o)
                                  0x8 (size before relaxing)
 .ARM.exidx     0x080055a8        0x0 C:/Program Files/STMicroelectronics/STM32Cube/STM32CubeCLT_1.17.0/GNU-tools-for-STM32/bin/../lib/gcc/arm-none-eabi/12.3.1/../../../../arm-none-eabi/lib/thumb/v7e-m+fp/hard\libg_nano.a(libc_a-memchr.o)
                                  0x8 (size before relaxing)
                0x080055a8                        __exidx_end = .
                0x080055a8                        . = ALIGN (0x8)

.rel.dyn        0x080055a8        0x0
 .rel.iplt      0x080055a8        0x0 C:/Program Files/STMicroelectronics/STM32Cube/STM32CubeCLT_1.17.0/GNU-tools-for-STM32/bin/../lib/gcc/arm-none-eabi/12.3.1/thumb/v7e-m+fp/hard/crtbegin.o

.preinit_array  0x080055a8        0x0
                0x080055a8                        . = ALIGN (0x8)
                0x080055a8                        PROVIDE (__preinit_array_start = .)
 *(.preinit_array*)
                0x080055a8                        PROVIDE (__preinit_array_end = .)
                0x080055a8                        . = ALIGN (0x8)

.init_array     0x080055a8        0x8
                0x080055a8                        . = ALIGN (0x8)
                0x080055a8                        PROVIDE (__init_array_start = .)
 *(SORT_BY_NAME(.init_array.*))
 *(.init_array*)
 .init_array    0x080055a8        0x4 C:/Program Files/STMicroelectronics/STM32Cube/STM32CubeCLT_1.17.0/GNU-tools-for-STM32/bin/../lib/gcc/arm-none-eabi/12.3.1/thumb/v7e-m+fp/hard/crtbegin.o
                0x080055ac                        PROVIDE (__init_array_end = .)
                0x080055b0                        . = ALIGN (0x8)
 *fill*         0x080055ac        0x4 

.fini_array     0x080055b0        0x8
                0x080055b0                        . = ALIGN (0x8)
                [!provide]                        PROVIDE (__fini_array_start = .)
 *(SORT_BY_NAME(.fini_array.*))
 *(.fini_array*)
 .fini_array    0x080055b0        0x4 C:/Program Files/STMicroelectronics/STM32Cube/STM32CubeCLT_1.17.0/GNU-tools-for-STM32/bin/../lib/gcc/arm-none-eabi/12.3.1/thumb/v7e-m+fp/hard/crtbegin.o
                [!provide]                        PROVIDE (__fini_array_end = .)
                0x080055b8                        . = ALIGN (0x8)
 *fill*         0x080055b4        0x4 
                0x080055b8                        _sidata = LOADADDR (.data)

.data           0x20000000       0x60 load address 0x080055b8
                0x20000000                        . = ALIGN (0x8)
                0x20000000                        _sdata = .
 *(.data)
 *(.data*)
 .data._impure_ptr
                0x20000000        0x4 C:/Program Files/STMicroelectronics/STM32Cube/STM32CubeCLT_1.17.0/GNU-tools-for-STM32/bin/../lib/gcc/arm-none-eabi/12.3.1/../../../../arm-none-eabi/lib/thumb/v7e-m+fp/hard\libc_nano.a(libc_a-impure.o)
                0x20000000                _impure_ptr
 .data._impure_data
                0x20000004       0x4c C:/Program Files/STMicroelectronics/STM32Cube/STM32CubeCLT_1.17.0/GNU-tools-for-STM32/bin/../lib/gcc/arm-none-eabi/12.3.1/../../../../arm-none-eabi/lib/thumb/v7e-m+fp/hard\libc_nano.a(libc_a-impure.o)
                0x20000004                _impure_data
 .data.uwTickPrio
                0x20000050        0x4 CMakeFiles/cruce-cero.dir/Drivers/STM32L4xx_HAL_Driver/Src/stm32l4xx_hal.c.obj
                0x20000050                uwTickPrio
 .data.uwTickFreq
                0x20000054        0x1 CMakeFiles/cruce-cero.dir/Drivers/STM32L4xx_HAL_Driver/Src/stm32l4xx_hal.c.obj
                0x20000054                uwTickFreq
 *fill*         0x20000055        0x3 
 .data.SystemCoreClock
                0x20000058        0x4 CMakeFiles/cruce-cero.dir/Core/Src/system_stm32l4xx.c.obj
                0x20000058                SystemCoreClock
                0x20000060                        . = ALIGN (0x8)
 *fill*         0x2000005c        0x4 
                0x20000060                        _edata = .

.igot.plt       0x20000060        0x0 load address 0x08005618
 .igot.plt      0x20000060        0x0 C:/Program Files/STMicroelectronics/STM32Cube/STM32CubeCLT_1.17.0/GNU-tools-for-STM32/bin/../lib/gcc/arm-none-eabi/12.3.1/thumb/v7e-m+fp/hard/crtbegin.o
                0x20000060                        . = ALIGN (0x4)

.bss            0x20000060      0x250 load address 0x08005618
                0x20000060                        _sbss = .
                0x20000060                        __bss_start__ = _sbss
 *(.bss)
 .bss           0x20000060       0x1c C:/Program Files/STMicroelectronics/STM32Cube/STM32CubeCLT_1.17.0/GNU-tools-for-STM32/bin/../lib/gcc/arm-none-eabi/12.3.1/thumb/v7e-m+fp/hard/crtbegin.o
 *(.bss*)
 .bss.__sf      0x2000007c      0x138 C:/Program Files/STMicroelectronics/STM32Cube/STM32CubeCLT_1.17.0/GNU-tools-for-STM32/bin/../lib/gcc/arm-none-eabi/12.3.1/../../../../arm-none-eabi/lib/thumb/v7e-m+fp/hard\libc_nano.a(libc_a-findfp.o)
                0x2000007c                __sf
 .bss.errno     0x200001b4        0x4 C:/Program Files/STMicroelectronics/STM32Cube/STM32CubeCLT_1.17.0/GNU-tools-for-STM32/bin/../lib/gcc/arm-none-eabi/12.3.1/../../../../arm-none-eabi/lib/thumb/v7e-m+fp/hard\libc_nano.a(libc_a-reent.o)
                0x200001b4                errno
 .bss.__lock___malloc_recursive_mutex
                0x200001b8        0x1 C:/Program Files/STMicroelectronics/STM32Cube/STM32CubeCLT_1.17.0/GNU-tools-for-STM32/bin/../lib/gcc/arm-none-eabi/12.3.1/../../../../arm-none-eabi/lib/thumb/v7e-m+fp/hard\libc_nano.a(libc_a-lock.o)
                0x200001b8                __lock___malloc_recursive_mutex
 *fill*         0x200001b9        0x3 
 .bss.__malloc_sbrk_start
                0x200001bc        0x4 C:/Program Files/STMicroelectronics/STM32Cube/STM32CubeCLT_1.17.0/GNU-tools-for-STM32/bin/../lib/gcc/arm-none-eabi/12.3.1/../../../../arm-none-eabi/lib/thumb/v7e-m+fp/hard\libc_nano.a(libc_a-mallocr.o)
                0x200001bc                __malloc_sbrk_start
 .bss.__malloc_free_list
                0x200001c0        0x4 C:/Program Files/STMicroelectronics/STM32Cube/STM32CubeCLT_1.17.0/GNU-tools-for-STM32/bin/../lib/gcc/arm-none-eabi/12.3.1/../../../../arm-none-eabi/lib/thumb/v7e-m+fp/hard\libc_nano.a(libc_a-mallocr.o)
                0x200001c0                __malloc_free_list
 .bss.htim2     0x200001c4       0x4c CMakeFiles/cruce-cero.dir/Core/Src/main.c.obj
                0x200001c4                htim2
 .bss.huart2    0x20000210       0x88 CMakeFiles/cruce-cero.dir/Core/Src/main.c.obj
                0x20000210                huart2
 .bss.i         0x20000298        0x4 CMakeFiles/cruce-cero.dir/Core/Src/main.c.obj
                0x20000298                i
 .bss.cruce_cero
                0x2000029c        0x1 CMakeFiles/cruce-cero.dir/Core/Src/main.c.obj
                0x2000029c                cruce_cero
 *fill*         0x2000029d        0x3 
 .bss.dim       0x200002a0        0x4 CMakeFiles/cruce-cero.dir/Core/Src/main.c.obj
                0x200002a0                dim
 .bss.rx_data   0x200002a4        0x1 CMakeFiles/cruce-cero.dir/Core/Src/main.c.obj
                0x200002a4                rx_data
 *fill*         0x200002a5        0x3 
 .bss.uwTick    0x200002a8        0x4 CMakeFiles/cruce-cero.dir/Drivers/STM32L4xx_HAL_Driver/Src/stm32l4xx_hal.c.obj
                0x200002a8                uwTick
 .bss.__sbrk_heap_end
                0x200002ac        0x4 CMakeFiles/cruce-cero.dir/Core/Src/sysmem.c.obj
 *(COMMON)
                0x200002b0                        . = ALIGN (0x4)
                0x200002b0                        _ebss = .
                0x200002b0                        __bss_end__ = _ebss

._user_heap_stack
                0x200002b0      0x600 load address 0x08005618
                0x200002b0                        . = ALIGN (0x8)
                [!provide]                        PROVIDE (end = .)
                0x200002b0                        PROVIDE (_end = .)
                0x200004b0                        . = (. + _Min_Heap_Size)
 *fill*         0x200002b0      0x200 
                0x200008b0                        . = (. + _Min_Stack_Size)
 *fill*         0x200004b0      0x400 
                0x200008b0                        . = ALIGN (0x8)

/DISCARD/
 libc.a(*)
 libm.a(*)
 libgcc.a(*)
OUTPUT(cruce-cero.elf elf32-littlearm)
LOAD linker stubs
LOAD C:/Program Files/STMicroelectronics/STM32Cube/STM32CubeCLT_1.17.0/GNU-tools-for-STM32/bin/../lib/gcc/arm-none-eabi/12.3.1/../../../../arm-none-eabi/lib/thumb/v7e-m+fp/hard\libc.a
LOAD C:/Program Files/STMicroelectronics/STM32Cube/STM32CubeCLT_1.17.0/GNU-tools-for-STM32/bin/../lib/gcc/arm-none-eabi/12.3.1/../../../../arm-none-eabi/lib/thumb/v7e-m+fp/hard\libm.a
LOAD C:/Program Files/STMicroelectronics/STM32Cube/STM32CubeCLT_1.17.0/GNU-tools-for-STM32/bin/../lib/gcc/arm-none-eabi/12.3.1/thumb/v7e-m+fp/hard\libgcc.a

.ARM.attributes
                0x00000000       0x30
 .ARM.attributes
                0x00000000       0x22 C:/Program Files/STMicroelectronics/STM32Cube/STM32CubeCLT_1.17.0/GNU-tools-for-STM32/bin/../lib/gcc/arm-none-eabi/12.3.1/thumb/v7e-m+fp/hard/crti.o
 .ARM.attributes
                0x00000022       0x34 C:/Program Files/STMicroelectronics/STM32Cube/STM32CubeCLT_1.17.0/GNU-tools-for-STM32/bin/../lib/gcc/arm-none-eabi/12.3.1/thumb/v7e-m+fp/hard/crtbegin.o
 .ARM.attributes
                0x00000056       0x34 C:/Program Files/STMicroelectronics/STM32Cube/STM32CubeCLT_1.17.0/GNU-tools-for-STM32/bin/../lib/gcc/arm-none-eabi/12.3.1/../../../../arm-none-eabi/lib/thumb/v7e-m+fp/hard\libc_nano.a(libc_a-findfp.o)
 .ARM.attributes
                0x0000008a       0x34 C:/Program Files/STMicroelectronics/STM32Cube/STM32CubeCLT_1.17.0/GNU-tools-for-STM32/bin/../lib/gcc/arm-none-eabi/12.3.1/../../../../arm-none-eabi/lib/thumb/v7e-m+fp/hard\libc_nano.a(libc_a-memset.o)
 .ARM.attributes
                0x000000be       0x34 C:/Program Files/STMicroelectronics/STM32Cube/STM32CubeCLT_1.17.0/GNU-tools-for-STM32/bin/../lib/gcc/arm-none-eabi/12.3.1/../../../../arm-none-eabi/lib/thumb/v7e-m+fp/hard\libc_nano.a(libc_a-reent.o)
 .ARM.attributes
                0x000000f2       0x34 C:/Program Files/STMicroelectronics/STM32Cube/STM32CubeCLT_1.17.0/GNU-tools-for-STM32/bin/../lib/gcc/arm-none-eabi/12.3.1/../../../../arm-none-eabi/lib/thumb/v7e-m+fp/hard\libc_nano.a(libc_a-impure.o)
 .ARM.attributes
                0x00000126       0x34 C:/Program Files/STMicroelectronics/STM32Cube/STM32CubeCLT_1.17.0/GNU-tools-for-STM32/bin/../lib/gcc/arm-none-eabi/12.3.1/../../../../arm-none-eabi/lib/thumb/v7e-m+fp/hard\libc_nano.a(libc_a-init.o)
 .ARM.attributes
                0x0000015a       0x34 C:/Program Files/STMicroelectronics/STM32Cube/STM32CubeCLT_1.17.0/GNU-tools-for-STM32/bin/../lib/gcc/arm-none-eabi/12.3.1/../../../../arm-none-eabi/lib/thumb/v7e-m+fp/hard\libc_nano.a(libc_a-lock.o)
 .ARM.attributes
                0x0000018e       0x34 C:/Program Files/STMicroelectronics/STM32Cube/STM32CubeCLT_1.17.0/GNU-tools-for-STM32/bin/../lib/gcc/arm-none-eabi/12.3.1/../../../../arm-none-eabi/lib/thumb/v7e-m+fp/hard\libc_nano.a(libc_a-freer.o)
 .ARM.attributes
                0x000001c2       0x34 C:/Program Files/STMicroelectronics/STM32Cube/STM32CubeCLT_1.17.0/GNU-tools-for-STM32/bin/../lib/gcc/arm-none-eabi/12.3.1/../../../../arm-none-eabi/lib/thumb/v7e-m+fp/hard\libc_nano.a(libc_a-mallocr.o)
 .ARM.attributes
                0x000001f6       0x34 C:/Program Files/STMicroelectronics/STM32Cube/STM32CubeCLT_1.17.0/GNU-tools-for-STM32/bin/../lib/gcc/arm-none-eabi/12.3.1/../../../../arm-none-eabi/lib/thumb/v7e-m+fp/hard\libc_nano.a(libc_a-mlock.o)
 .ARM.attributes
                0x0000022a       0x34 C:/Program Files/STMicroelectronics/STM32Cube/STM32CubeCLT_1.17.0/GNU-tools-for-STM32/bin/../lib/gcc/arm-none-eabi/12.3.1/../../../../arm-none-eabi/lib/thumb/v7e-m+fp/hard\libc_nano.a(libc_a-sbrkr.o)
 .ARM.attributes
                0x0000025e       0x34 CMakeFiles/cruce-cero.dir/Core/Src/main.c.obj
 .ARM.attributes
                0x00000292       0x34 CMakeFiles/cruce-cero.dir/Core/Src/stm32l4xx_it.c.obj
 .ARM.attributes
                0x000002c6       0x34 CMakeFiles/cruce-cero.dir/Core/Src/stm32l4xx_hal_msp.c.obj
 .ARM.attributes
                0x000002fa       0x34 CMakeFiles/cruce-cero.dir/Drivers/STM32L4xx_HAL_Driver/Src/stm32l4xx_hal_tim.c.obj
 .ARM.attributes
                0x0000032e       0x34 CMakeFiles/cruce-cero.dir/Drivers/STM32L4xx_HAL_Driver/Src/stm32l4xx_hal_tim_ex.c.obj
 .ARM.attributes
                0x00000362       0x34 CMakeFiles/cruce-cero.dir/Drivers/STM32L4xx_HAL_Driver/Src/stm32l4xx_hal.c.obj
 .ARM.attributes
                0x00000396       0x34 CMakeFiles/cruce-cero.dir/Drivers/STM32L4xx_HAL_Driver/Src/stm32l4xx_hal_rcc.c.obj
 .ARM.attributes
                0x000003ca       0x34 CMakeFiles/cruce-cero.dir/Drivers/STM32L4xx_HAL_Driver/Src/stm32l4xx_hal_rcc_ex.c.obj
 .ARM.attributes
                0x000003fe       0x34 CMakeFiles/cruce-cero.dir/Drivers/STM32L4xx_HAL_Driver/Src/stm32l4xx_hal_gpio.c.obj
 .ARM.attributes
                0x00000432       0x34 CMakeFiles/cruce-cero.dir/Drivers/STM32L4xx_HAL_Driver/Src/stm32l4xx_hal_dma.c.obj
 .ARM.attributes
                0x00000466       0x34 CMakeFiles/cruce-cero.dir/Drivers/STM32L4xx_HAL_Driver/Src/stm32l4xx_hal_pwr_ex.c.obj
 .ARM.attributes
                0x0000049a       0x34 CMakeFiles/cruce-cero.dir/Drivers/STM32L4xx_HAL_Driver/Src/stm32l4xx_hal_cortex.c.obj
 .ARM.attributes
                0x000004ce       0x34 CMakeFiles/cruce-cero.dir/Drivers/STM32L4xx_HAL_Driver/Src/stm32l4xx_hal_uart.c.obj
 .ARM.attributes
                0x00000502       0x34 CMakeFiles/cruce-cero.dir/Drivers/STM32L4xx_HAL_Driver/Src/stm32l4xx_hal_uart_ex.c.obj
 .ARM.attributes
                0x00000536       0x34 CMakeFiles/cruce-cero.dir/Core/Src/system_stm32l4xx.c.obj
 .ARM.attributes
                0x0000056a       0x34 CMakeFiles/cruce-cero.dir/Core/Src/sysmem.c.obj
 .ARM.attributes
                0x0000059e       0x21 CMakeFiles/cruce-cero.dir/startup_stm32l476xx.s.obj
 .ARM.attributes
                0x000005bf       0x22 C:/Program Files/STMicroelectronics/STM32Cube/STM32CubeCLT_1.17.0/GNU-tools-for-STM32/bin/../lib/gcc/arm-none-eabi/12.3.1/thumb/v7e-m+fp/hard\libgcc.a(_aeabi_uldivmod.o)
 .ARM.attributes
                0x000005e1       0x34 C:/Program Files/STMicroelectronics/STM32Cube/STM32CubeCLT_1.17.0/GNU-tools-for-STM32/bin/../lib/gcc/arm-none-eabi/12.3.1/thumb/v7e-m+fp/hard\libgcc.a(_udivmoddi4.o)
 .ARM.attributes
                0x00000615       0x22 C:/Program Files/STMicroelectronics/STM32Cube/STM32CubeCLT_1.17.0/GNU-tools-for-STM32/bin/../lib/gcc/arm-none-eabi/12.3.1/thumb/v7e-m+fp/hard\libgcc.a(_dvmd_tls.o)
 .ARM.attributes
                0x00000637       0x34 C:/Program Files/STMicroelectronics/STM32Cube/STM32CubeCLT_1.17.0/GNU-tools-for-STM32/bin/../lib/gcc/arm-none-eabi/12.3.1/../../../../arm-none-eabi/lib/thumb/v7e-m+fp/hard\libg_nano.a(libc_a-sprintf.o)
 .ARM.attributes
                0x0000066b       0x34 C:/Program Files/STMicroelectronics/STM32Cube/STM32CubeCLT_1.17.0/GNU-tools-for-STM32/bin/../lib/gcc/arm-none-eabi/12.3.1/../../../../arm-none-eabi/lib/thumb/v7e-m+fp/hard\libg_nano.a(libc_a-errno.o)
 .ARM.attributes
                0x0000069f       0x17 C:/Program Files/STMicroelectronics/STM32Cube/STM32CubeCLT_1.17.0/GNU-tools-for-STM32/bin/../lib/gcc/arm-none-eabi/12.3.1/../../../../arm-none-eabi/lib/thumb/v7e-m+fp/hard\libg_nano.a(libc_a-strlen.o)
 .ARM.attributes
                0x000006b6       0x34 C:/Program Files/STMicroelectronics/STM32Cube/STM32CubeCLT_1.17.0/GNU-tools-for-STM32/bin/../lib/gcc/arm-none-eabi/12.3.1/../../../../arm-none-eabi/lib/thumb/v7e-m+fp/hard\libg_nano.a(libc_a-nano-svfprintf.o)
 .ARM.attributes
                0x000006ea       0x34 C:/Program Files/STMicroelectronics/STM32Cube/STM32CubeCLT_1.17.0/GNU-tools-for-STM32/bin/../lib/gcc/arm-none-eabi/12.3.1/../../../../arm-none-eabi/lib/thumb/v7e-m+fp/hard\libg_nano.a(libc_a-nano-vfprintf_i.o)
 .ARM.attributes
                0x0000071e       0x34 C:/Program Files/STMicroelectronics/STM32Cube/STM32CubeCLT_1.17.0/GNU-tools-for-STM32/bin/../lib/gcc/arm-none-eabi/12.3.1/../../../../arm-none-eabi/lib/thumb/v7e-m+fp/hard\libg_nano.a(libc_a-memmove.o)
 .ARM.attributes
                0x00000752       0x1c C:/Program Files/STMicroelectronics/STM32Cube/STM32CubeCLT_1.17.0/GNU-tools-for-STM32/bin/../lib/gcc/arm-none-eabi/12.3.1/../../../../arm-none-eabi/lib/thumb/v7e-m+fp/hard\libg_nano.a(libc_a-memchr.o)
 .ARM.attributes
                0x0000076e       0x34 C:/Program Files/STMicroelectronics/STM32Cube/STM32CubeCLT_1.17.0/GNU-tools-for-STM32/bin/../lib/gcc/arm-none-eabi/12.3.1/../../../../arm-none-eabi/lib/thumb/v7e-m+fp/hard\libg_nano.a(libc_a-memcpy-stub.o)
 .ARM.attributes
                0x000007a2       0x34 C:/Program Files/STMicroelectronics/STM32Cube/STM32CubeCLT_1.17.0/GNU-tools-for-STM32/bin/../lib/gcc/arm-none-eabi/12.3.1/../../../../arm-none-eabi/lib/thumb/v7e-m+fp/hard\libg_nano.a(libc_a-reallocr.o)
 .ARM.attributes
                0x000007d6       0x34 C:/Program Files/STMicroelectronics/STM32Cube/STM32CubeCLT_1.17.0/GNU-tools-for-STM32/bin/../lib/gcc/arm-none-eabi/12.3.1/../../../../arm-none-eabi/lib/thumb/v7e-m+fp/hard\libg_nano.a(libc_a-msizer.o)
 .ARM.attributes
                0x0000080a       0x22 C:/Program Files/STMicroelectronics/STM32Cube/STM32CubeCLT_1.17.0/GNU-tools-for-STM32/bin/../lib/gcc/arm-none-eabi/12.3.1/thumb/v7e-m+fp/hard/crtn.o

.comment        0x00000000       0x43
 .comment       0x00000000       0x43 CMakeFiles/cruce-cero.dir/Core/Src/main.c.obj
                                 0x44 (size before relaxing)
 .comment       0x00000043       0x44 CMakeFiles/cruce-cero.dir/Core/Src/stm32l4xx_it.c.obj
 .comment       0x00000043       0x44 CMakeFiles/cruce-cero.dir/Core/Src/stm32l4xx_hal_msp.c.obj
 .comment       0x00000043       0x44 CMakeFiles/cruce-cero.dir/Drivers/STM32L4xx_HAL_Driver/Src/stm32l4xx_hal_tim.c.obj
 .comment       0x00000043       0x44 CMakeFiles/cruce-cero.dir/Drivers/STM32L4xx_HAL_Driver/Src/stm32l4xx_hal_tim_ex.c.obj
 .comment       0x00000043       0x44 CMakeFiles/cruce-cero.dir/Drivers/STM32L4xx_HAL_Driver/Src/stm32l4xx_hal.c.obj
 .comment       0x00000043       0x44 CMakeFiles/cruce-cero.dir/Drivers/STM32L4xx_HAL_Driver/Src/stm32l4xx_hal_rcc.c.obj
 .comment       0x00000043       0x44 CMakeFiles/cruce-cero.dir/Drivers/STM32L4xx_HAL_Driver/Src/stm32l4xx_hal_rcc_ex.c.obj
 .comment       0x00000043       0x44 CMakeFiles/cruce-cero.dir/Drivers/STM32L4xx_HAL_Driver/Src/stm32l4xx_hal_gpio.c.obj
 .comment       0x00000043       0x44 CMakeFiles/cruce-cero.dir/Drivers/STM32L4xx_HAL_Driver/Src/stm32l4xx_hal_dma.c.obj
 .comment       0x00000043       0x44 CMakeFiles/cruce-cero.dir/Drivers/STM32L4xx_HAL_Driver/Src/stm32l4xx_hal_pwr_ex.c.obj
 .comment       0x00000043       0x44 CMakeFiles/cruce-cero.dir/Drivers/STM32L4xx_HAL_Driver/Src/stm32l4xx_hal_cortex.c.obj
 .comment       0x00000043       0x44 CMakeFiles/cruce-cero.dir/Drivers/STM32L4xx_HAL_Driver/Src/stm32l4xx_hal_uart.c.obj
 .comment       0x00000043       0x44 CMakeFiles/cruce-cero.dir/Drivers/STM32L4xx_HAL_Driver/Src/stm32l4xx_hal_uart_ex.c.obj
 .comment       0x00000043       0x44 CMakeFiles/cruce-cero.dir/Core/Src/system_stm32l4xx.c.obj
 .comment       0x00000043       0x44 CMakeFiles/cruce-cero.dir/Core/Src/sysmem.c.obj
 .comment       0x00000043       0x44 C:/Program Files/STMicroelectronics/STM32Cube/STM32CubeCLT_1.17.0/GNU-tools-for-STM32/bin/../lib/gcc/arm-none-eabi/12.3.1/../../../../arm-none-eabi/lib/thumb/v7e-m+fp/hard\libg_nano.a(libc_a-sprintf.o)
 .comment       0x00000043       0x44 C:/Program Files/STMicroelectronics/STM32Cube/STM32CubeCLT_1.17.0/GNU-tools-for-STM32/bin/../lib/gcc/arm-none-eabi/12.3.1/../../../../arm-none-eabi/lib/thumb/v7e-m+fp/hard\libg_nano.a(libc_a-errno.o)
 .comment       0x00000043       0x44 C:/Program Files/STMicroelectronics/STM32Cube/STM32CubeCLT_1.17.0/GNU-tools-for-STM32/bin/../lib/gcc/arm-none-eabi/12.3.1/../../../../arm-none-eabi/lib/thumb/v7e-m+fp/hard\libg_nano.a(libc_a-nano-svfprintf.o)
 .comment       0x00000043       0x44 C:/Program Files/STMicroelectronics/STM32Cube/STM32CubeCLT_1.17.0/GNU-tools-for-STM32/bin/../lib/gcc/arm-none-eabi/12.3.1/../../../../arm-none-eabi/lib/thumb/v7e-m+fp/hard\libg_nano.a(libc_a-nano-vfprintf_i.o)
 .comment       0x00000043       0x44 C:/Program Files/STMicroelectronics/STM32Cube/STM32CubeCLT_1.17.0/GNU-tools-for-STM32/bin/../lib/gcc/arm-none-eabi/12.3.1/../../../../arm-none-eabi/lib/thumb/v7e-m+fp/hard\libg_nano.a(libc_a-memmove.o)
 .comment       0x00000043       0x44 C:/Program Files/STMicroelectronics/STM32Cube/STM32CubeCLT_1.17.0/GNU-tools-for-STM32/bin/../lib/gcc/arm-none-eabi/12.3.1/../../../../arm-none-eabi/lib/thumb/v7e-m+fp/hard\libg_nano.a(libc_a-memcpy-stub.o)
 .comment       0x00000043       0x44 C:/Program Files/STMicroelectronics/STM32Cube/STM32CubeCLT_1.17.0/GNU-tools-for-STM32/bin/../lib/gcc/arm-none-eabi/12.3.1/../../../../arm-none-eabi/lib/thumb/v7e-m+fp/hard\libg_nano.a(libc_a-reallocr.o)
 .comment       0x00000043       0x44 C:/Program Files/STMicroelectronics/STM32Cube/STM32CubeCLT_1.17.0/GNU-tools-for-STM32/bin/../lib/gcc/arm-none-eabi/12.3.1/../../../../arm-none-eabi/lib/thumb/v7e-m+fp/hard\libg_nano.a(libc_a-msizer.o)

.debug_frame    0x00000000     0x4600
 .debug_frame   0x00000000      0x144 C:/Program Files/STMicroelectronics/STM32Cube/STM32CubeCLT_1.17.0/GNU-tools-for-STM32/bin/../lib/gcc/arm-none-eabi/12.3.1/../../../../arm-none-eabi/lib/thumb/v7e-m+fp/hard\libc_nano.a(libc_a-findfp.o)
 .debug_frame   0x00000144       0x20 C:/Program Files/STMicroelectronics/STM32Cube/STM32CubeCLT_1.17.0/GNU-tools-for-STM32/bin/../lib/gcc/arm-none-eabi/12.3.1/../../../../arm-none-eabi/lib/thumb/v7e-m+fp/hard\libc_nano.a(libc_a-memset.o)
 .debug_frame   0x00000164       0x38 C:/Program Files/STMicroelectronics/STM32Cube/STM32CubeCLT_1.17.0/GNU-tools-for-STM32/bin/../lib/gcc/arm-none-eabi/12.3.1/../../../../arm-none-eabi/lib/thumb/v7e-m+fp/hard\libc_nano.a(libc_a-reent.o)
 .debug_frame   0x0000019c       0x2c C:/Program Files/STMicroelectronics/STM32Cube/STM32CubeCLT_1.17.0/GNU-tools-for-STM32/bin/../lib/gcc/arm-none-eabi/12.3.1/../../../../arm-none-eabi/lib/thumb/v7e-m+fp/hard\libc_nano.a(libc_a-init.o)
 .debug_frame   0x000001c8       0xb0 C:/Program Files/STMicroelectronics/STM32Cube/STM32CubeCLT_1.17.0/GNU-tools-for-STM32/bin/../lib/gcc/arm-none-eabi/12.3.1/../../../../arm-none-eabi/lib/thumb/v7e-m+fp/hard\libc_nano.a(libc_a-lock.o)
 .debug_frame   0x00000278       0x38 C:/Program Files/STMicroelectronics/STM32Cube/STM32CubeCLT_1.17.0/GNU-tools-for-STM32/bin/../lib/gcc/arm-none-eabi/12.3.1/../../../../arm-none-eabi/lib/thumb/v7e-m+fp/hard\libc_nano.a(libc_a-freer.o)
 .debug_frame   0x000002b0       0x50 C:/Program Files/STMicroelectronics/STM32Cube/STM32CubeCLT_1.17.0/GNU-tools-for-STM32/bin/../lib/gcc/arm-none-eabi/12.3.1/../../../../arm-none-eabi/lib/thumb/v7e-m+fp/hard\libc_nano.a(libc_a-mallocr.o)
 .debug_frame   0x00000300       0x30 C:/Program Files/STMicroelectronics/STM32Cube/STM32CubeCLT_1.17.0/GNU-tools-for-STM32/bin/../lib/gcc/arm-none-eabi/12.3.1/../../../../arm-none-eabi/lib/thumb/v7e-m+fp/hard\libc_nano.a(libc_a-mlock.o)
 .debug_frame   0x00000330       0x2c C:/Program Files/STMicroelectronics/STM32Cube/STM32CubeCLT_1.17.0/GNU-tools-for-STM32/bin/../lib/gcc/arm-none-eabi/12.3.1/../../../../arm-none-eabi/lib/thumb/v7e-m+fp/hard\libc_nano.a(libc_a-sbrkr.o)
 .debug_frame   0x0000035c      0x13c CMakeFiles/cruce-cero.dir/Core/Src/main.c.obj
 .debug_frame   0x00000498      0x158 CMakeFiles/cruce-cero.dir/Core/Src/stm32l4xx_it.c.obj
 .debug_frame   0x000005f0       0xcc CMakeFiles/cruce-cero.dir/Core/Src/stm32l4xx_hal_msp.c.obj
 .debug_frame   0x000006bc     0x121c CMakeFiles/cruce-cero.dir/Drivers/STM32L4xx_HAL_Driver/Src/stm32l4xx_hal_tim.c.obj
 .debug_frame   0x000018d8      0x6b0 CMakeFiles/cruce-cero.dir/Drivers/STM32L4xx_HAL_Driver/Src/stm32l4xx_hal_tim_ex.c.obj
 .debug_frame   0x00001f88      0x498 CMakeFiles/cruce-cero.dir/Drivers/STM32L4xx_HAL_Driver/Src/stm32l4xx_hal.c.obj
 .debug_frame   0x00002420      0x21c CMakeFiles/cruce-cero.dir/Drivers/STM32L4xx_HAL_Driver/Src/stm32l4xx_hal_rcc.c.obj
 .debug_frame   0x0000263c      0x2fc CMakeFiles/cruce-cero.dir/Drivers/STM32L4xx_HAL_Driver/Src/stm32l4xx_hal_rcc_ex.c.obj
 .debug_frame   0x00002938      0x14c CMakeFiles/cruce-cero.dir/Drivers/STM32L4xx_HAL_Driver/Src/stm32l4xx_hal_gpio.c.obj
 .debug_frame   0x00002a84      0x204 CMakeFiles/cruce-cero.dir/Drivers/STM32L4xx_HAL_Driver/Src/stm32l4xx_hal_dma.c.obj
 .debug_frame   0x00002c88      0x584 CMakeFiles/cruce-cero.dir/Drivers/STM32L4xx_HAL_Driver/Src/stm32l4xx_hal_pwr_ex.c.obj
 .debug_frame   0x0000320c      0x4e8 CMakeFiles/cruce-cero.dir/Drivers/STM32L4xx_HAL_Driver/Src/stm32l4xx_hal_cortex.c.obj
 .debug_frame   0x000036f4      0x9f4 CMakeFiles/cruce-cero.dir/Drivers/STM32L4xx_HAL_Driver/Src/stm32l4xx_hal_uart.c.obj
 .debug_frame   0x000040e8      0x204 CMakeFiles/cruce-cero.dir/Drivers/STM32L4xx_HAL_Driver/Src/stm32l4xx_hal_uart_ex.c.obj
 .debug_frame   0x000042ec       0x58 CMakeFiles/cruce-cero.dir/Core/Src/system_stm32l4xx.c.obj
 .debug_frame   0x00004344       0x34 CMakeFiles/cruce-cero.dir/Core/Src/sysmem.c.obj
 .debug_frame   0x00004378       0x2c C:/Program Files/STMicroelectronics/STM32Cube/STM32CubeCLT_1.17.0/GNU-tools-for-STM32/bin/../lib/gcc/arm-none-eabi/12.3.1/thumb/v7e-m+fp/hard\libgcc.a(_aeabi_uldivmod.o)
 .debug_frame   0x000043a4       0x34 C:/Program Files/STMicroelectronics/STM32Cube/STM32CubeCLT_1.17.0/GNU-tools-for-STM32/bin/../lib/gcc/arm-none-eabi/12.3.1/thumb/v7e-m+fp/hard\libgcc.a(_udivmoddi4.o)
 .debug_frame   0x000043d8       0x6c C:/Program Files/STMicroelectronics/STM32Cube/STM32CubeCLT_1.17.0/GNU-tools-for-STM32/bin/../lib/gcc/arm-none-eabi/12.3.1/../../../../arm-none-eabi/lib/thumb/v7e-m+fp/hard\libg_nano.a(libc_a-sprintf.o)
 .debug_frame   0x00004444       0x20 C:/Program Files/STMicroelectronics/STM32Cube/STM32CubeCLT_1.17.0/GNU-tools-for-STM32/bin/../lib/gcc/arm-none-eabi/12.3.1/../../../../arm-none-eabi/lib/thumb/v7e-m+fp/hard\libg_nano.a(libc_a-errno.o)
 .debug_frame   0x00004464       0x90 C:/Program Files/STMicroelectronics/STM32Cube/STM32CubeCLT_1.17.0/GNU-tools-for-STM32/bin/../lib/gcc/arm-none-eabi/12.3.1/../../../../arm-none-eabi/lib/thumb/v7e-m+fp/hard\libg_nano.a(libc_a-nano-svfprintf.o)
 .debug_frame   0x000044f4       0x60 C:/Program Files/STMicroelectronics/STM32Cube/STM32CubeCLT_1.17.0/GNU-tools-for-STM32/bin/../lib/gcc/arm-none-eabi/12.3.1/../../../../arm-none-eabi/lib/thumb/v7e-m+fp/hard\libg_nano.a(libc_a-nano-vfprintf_i.o)
 .debug_frame   0x00004554       0x28 C:/Program Files/STMicroelectronics/STM32Cube/STM32CubeCLT_1.17.0/GNU-tools-for-STM32/bin/../lib/gcc/arm-none-eabi/12.3.1/../../../../arm-none-eabi/lib/thumb/v7e-m+fp/hard\libg_nano.a(libc_a-memmove.o)
 .debug_frame   0x0000457c       0x28 C:/Program Files/STMicroelectronics/STM32Cube/STM32CubeCLT_1.17.0/GNU-tools-for-STM32/bin/../lib/gcc/arm-none-eabi/12.3.1/../../../../arm-none-eabi/lib/thumb/v7e-m+fp/hard\libg_nano.a(libc_a-memcpy-stub.o)
 .debug_frame   0x000045a4       0x3c C:/Program Files/STMicroelectronics/STM32Cube/STM32CubeCLT_1.17.0/GNU-tools-for-STM32/bin/../lib/gcc/arm-none-eabi/12.3.1/../../../../arm-none-eabi/lib/thumb/v7e-m+fp/hard\libg_nano.a(libc_a-reallocr.o)
 .debug_frame   0x000045e0       0x20 C:/Program Files/STMicroelectronics/STM32Cube/STM32CubeCLT_1.17.0/GNU-tools-for-STM32/bin/../lib/gcc/arm-none-eabi/12.3.1/../../../../arm-none-eabi/lib/thumb/v7e-m+fp/hard\libg_nano.a(libc_a-msizer.o)

.debug_info     0x00000000    0x1531c
 .debug_info    0x00000000     0x1602 CMakeFiles/cruce-cero.dir/Core/Src/main.c.obj
 .debug_info    0x00001602      0xb06 CMakeFiles/cruce-cero.dir/Core/Src/stm32l4xx_it.c.obj
 .debug_info    0x00002108     0x138f CMakeFiles/cruce-cero.dir/Core/Src/stm32l4xx_hal_msp.c.obj
 .debug_info    0x00003497     0x2a9a CMakeFiles/cruce-cero.dir/Drivers/STM32L4xx_HAL_Driver/Src/stm32l4xx_hal_tim.c.obj
 .debug_info    0x00005f31     0x169e CMakeFiles/cruce-cero.dir/Drivers/STM32L4xx_HAL_Driver/Src/stm32l4xx_hal_tim_ex.c.obj
 .debug_info    0x000075cf      0xc09 CMakeFiles/cruce-cero.dir/Drivers/STM32L4xx_HAL_Driver/Src/stm32l4xx_hal.c.obj
 .debug_info    0x000081d8      0xc14 CMakeFiles/cruce-cero.dir/Drivers/STM32L4xx_HAL_Driver/Src/stm32l4xx_hal_rcc.c.obj
 .debug_info    0x00008dec      0xe11 CMakeFiles/cruce-cero.dir/Drivers/STM32L4xx_HAL_Driver/Src/stm32l4xx_hal_rcc_ex.c.obj
 .debug_info    0x00009bfd      0x757 CMakeFiles/cruce-cero.dir/Drivers/STM32L4xx_HAL_Driver/Src/stm32l4xx_hal_gpio.c.obj
 .debug_info    0x0000a354      0x6f4 CMakeFiles/cruce-cero.dir/Drivers/STM32L4xx_HAL_Driver/Src/stm32l4xx_hal_dma.c.obj
 .debug_info    0x0000aa48      0x99e CMakeFiles/cruce-cero.dir/Drivers/STM32L4xx_HAL_Driver/Src/stm32l4xx_hal_pwr_ex.c.obj
 .debug_info    0x0000b3e6      0xd81 CMakeFiles/cruce-cero.dir/Drivers/STM32L4xx_HAL_Driver/Src/stm32l4xx_hal_cortex.c.obj
 .debug_info    0x0000c167     0x3b69 CMakeFiles/cruce-cero.dir/Drivers/STM32L4xx_HAL_Driver/Src/stm32l4xx_hal_uart.c.obj
 .debug_info    0x0000fcd0      0xdff CMakeFiles/cruce-cero.dir/Drivers/STM32L4xx_HAL_Driver/Src/stm32l4xx_hal_uart_ex.c.obj
 .debug_info    0x00010acf      0x5b1 CMakeFiles/cruce-cero.dir/Core/Src/system_stm32l4xx.c.obj
 .debug_info    0x00011080      0x168 CMakeFiles/cruce-cero.dir/Core/Src/sysmem.c.obj
 .debug_info    0x000111e8       0x30 CMakeFiles/cruce-cero.dir/startup_stm32l476xx.s.obj
 .debug_info    0x00011218      0x87f C:/Program Files/STMicroelectronics/STM32Cube/STM32CubeCLT_1.17.0/GNU-tools-for-STM32/bin/../lib/gcc/arm-none-eabi/12.3.1/../../../../arm-none-eabi/lib/thumb/v7e-m+fp/hard\libg_nano.a(libc_a-sprintf.o)
 .debug_info    0x00011a97      0x6fb C:/Program Files/STMicroelectronics/STM32Cube/STM32CubeCLT_1.17.0/GNU-tools-for-STM32/bin/../lib/gcc/arm-none-eabi/12.3.1/../../../../arm-none-eabi/lib/thumb/v7e-m+fp/hard\libg_nano.a(libc_a-errno.o)
 .debug_info    0x00012192       0x31 C:/Program Files/STMicroelectronics/STM32Cube/STM32CubeCLT_1.17.0/GNU-tools-for-STM32/bin/../lib/gcc/arm-none-eabi/12.3.1/../../../../arm-none-eabi/lib/thumb/v7e-m+fp/hard\libg_nano.a(libc_a-strlen.o)
 .debug_info    0x000121c3     0x10c7 C:/Program Files/STMicroelectronics/STM32Cube/STM32CubeCLT_1.17.0/GNU-tools-for-STM32/bin/../lib/gcc/arm-none-eabi/12.3.1/../../../../arm-none-eabi/lib/thumb/v7e-m+fp/hard\libg_nano.a(libc_a-nano-svfprintf.o)
 .debug_info    0x0001328a      0xde2 C:/Program Files/STMicroelectronics/STM32Cube/STM32CubeCLT_1.17.0/GNU-tools-for-STM32/bin/../lib/gcc/arm-none-eabi/12.3.1/../../../../arm-none-eabi/lib/thumb/v7e-m+fp/hard\libg_nano.a(libc_a-nano-vfprintf_i.o)
 .debug_info    0x0001406c      0x10f C:/Program Files/STMicroelectronics/STM32Cube/STM32CubeCLT_1.17.0/GNU-tools-for-STM32/bin/../lib/gcc/arm-none-eabi/12.3.1/../../../../arm-none-eabi/lib/thumb/v7e-m+fp/hard\libg_nano.a(libc_a-memmove.o)
 .debug_info    0x0001417b       0x25 C:/Program Files/STMicroelectronics/STM32Cube/STM32CubeCLT_1.17.0/GNU-tools-for-STM32/bin/../lib/gcc/arm-none-eabi/12.3.1/../../../../arm-none-eabi/lib/thumb/v7e-m+fp/hard\libg_nano.a(libc_a-memchr.o)
 .debug_info    0x000141a0      0x121 C:/Program Files/STMicroelectronics/STM32Cube/STM32CubeCLT_1.17.0/GNU-tools-for-STM32/bin/../lib/gcc/arm-none-eabi/12.3.1/../../../../arm-none-eabi/lib/thumb/v7e-m+fp/hard\libg_nano.a(libc_a-memcpy-stub.o)
 .debug_info    0x000142c1      0x8c7 C:/Program Files/STMicroelectronics/STM32Cube/STM32CubeCLT_1.17.0/GNU-tools-for-STM32/bin/../lib/gcc/arm-none-eabi/12.3.1/../../../../arm-none-eabi/lib/thumb/v7e-m+fp/hard\libg_nano.a(libc_a-reallocr.o)
 .debug_info    0x00014b88      0x794 C:/Program Files/STMicroelectronics/STM32Cube/STM32CubeCLT_1.17.0/GNU-tools-for-STM32/bin/../lib/gcc/arm-none-eabi/12.3.1/../../../../arm-none-eabi/lib/thumb/v7e-m+fp/hard\libg_nano.a(libc_a-msizer.o)

.debug_abbrev   0x00000000     0x31e3
 .debug_abbrev  0x00000000      0x2e3 CMakeFiles/cruce-cero.dir/Core/Src/main.c.obj
 .debug_abbrev  0x000002e3      0x19b CMakeFiles/cruce-cero.dir/Core/Src/stm32l4xx_it.c.obj
 .debug_abbrev  0x0000047e      0x1ee CMakeFiles/cruce-cero.dir/Core/Src/stm32l4xx_hal_msp.c.obj
 .debug_abbrev  0x0000066c      0x278 CMakeFiles/cruce-cero.dir/Drivers/STM32L4xx_HAL_Driver/Src/stm32l4xx_hal_tim.c.obj
 .debug_abbrev  0x000008e4      0x283 CMakeFiles/cruce-cero.dir/Drivers/STM32L4xx_HAL_Driver/Src/stm32l4xx_hal_tim_ex.c.obj
 .debug_abbrev  0x00000b67      0x243 CMakeFiles/cruce-cero.dir/Drivers/STM32L4xx_HAL_Driver/Src/stm32l4xx_hal.c.obj
 .debug_abbrev  0x00000daa      0x2cb CMakeFiles/cruce-cero.dir/Drivers/STM32L4xx_HAL_Driver/Src/stm32l4xx_hal_rcc.c.obj
 .debug_abbrev  0x00001075      0x2a6 CMakeFiles/cruce-cero.dir/Drivers/STM32L4xx_HAL_Driver/Src/stm32l4xx_hal_rcc_ex.c.obj
 .debug_abbrev  0x0000131b      0x1cb CMakeFiles/cruce-cero.dir/Drivers/STM32L4xx_HAL_Driver/Src/stm32l4xx_hal_gpio.c.obj
 .debug_abbrev  0x000014e6      0x1e4 CMakeFiles/cruce-cero.dir/Drivers/STM32L4xx_HAL_Driver/Src/stm32l4xx_hal_dma.c.obj
 .debug_abbrev  0x000016ca      0x1f9 CMakeFiles/cruce-cero.dir/Drivers/STM32L4xx_HAL_Driver/Src/stm32l4xx_hal_pwr_ex.c.obj
 .debug_abbrev  0x000018c3      0x31c CMakeFiles/cruce-cero.dir/Drivers/STM32L4xx_HAL_Driver/Src/stm32l4xx_hal_cortex.c.obj
 .debug_abbrev  0x00001bdf      0x2d0 CMakeFiles/cruce-cero.dir/Drivers/STM32L4xx_HAL_Driver/Src/stm32l4xx_hal_uart.c.obj
 .debug_abbrev  0x00001eaf      0x2be CMakeFiles/cruce-cero.dir/Drivers/STM32L4xx_HAL_Driver/Src/stm32l4xx_hal_uart_ex.c.obj
 .debug_abbrev  0x0000216d      0x11a CMakeFiles/cruce-cero.dir/Core/Src/system_stm32l4xx.c.obj
 .debug_abbrev  0x00002287       0xbc CMakeFiles/cruce-cero.dir/Core/Src/sysmem.c.obj
 .debug_abbrev  0x00002343       0x24 CMakeFiles/cruce-cero.dir/startup_stm32l476xx.s.obj
 .debug_abbrev  0x00002367      0x21c C:/Program Files/STMicroelectronics/STM32Cube/STM32CubeCLT_1.17.0/GNU-tools-for-STM32/bin/../lib/gcc/arm-none-eabi/12.3.1/../../../../arm-none-eabi/lib/thumb/v7e-m+fp/hard\libg_nano.a(libc_a-sprintf.o)
 .debug_abbrev  0x00002583      0x15e C:/Program Files/STMicroelectronics/STM32Cube/STM32CubeCLT_1.17.0/GNU-tools-for-STM32/bin/../lib/gcc/arm-none-eabi/12.3.1/../../../../arm-none-eabi/lib/thumb/v7e-m+fp/hard\libg_nano.a(libc_a-errno.o)
 .debug_abbrev  0x000026e1       0x28 C:/Program Files/STMicroelectronics/STM32Cube/STM32CubeCLT_1.17.0/GNU-tools-for-STM32/bin/../lib/gcc/arm-none-eabi/12.3.1/../../../../arm-none-eabi/lib/thumb/v7e-m+fp/hard\libg_nano.a(libc_a-strlen.o)
 .debug_abbrev  0x00002709      0x31e C:/Program Files/STMicroelectronics/STM32Cube/STM32CubeCLT_1.17.0/GNU-tools-for-STM32/bin/../lib/gcc/arm-none-eabi/12.3.1/../../../../arm-none-eabi/lib/thumb/v7e-m+fp/hard\libg_nano.a(libc_a-nano-svfprintf.o)
 .debug_abbrev  0x00002a27      0x28e C:/Program Files/STMicroelectronics/STM32Cube/STM32CubeCLT_1.17.0/GNU-tools-for-STM32/bin/../lib/gcc/arm-none-eabi/12.3.1/../../../../arm-none-eabi/lib/thumb/v7e-m+fp/hard\libg_nano.a(libc_a-nano-vfprintf_i.o)
 .debug_abbrev  0x00002cb5       0xac C:/Program Files/STMicroelectronics/STM32Cube/STM32CubeCLT_1.17.0/GNU-tools-for-STM32/bin/../lib/gcc/arm-none-eabi/12.3.1/../../../../arm-none-eabi/lib/thumb/v7e-m+fp/hard\libg_nano.a(libc_a-memmove.o)
 .debug_abbrev  0x00002d61       0x14 C:/Program Files/STMicroelectronics/STM32Cube/STM32CubeCLT_1.17.0/GNU-tools-for-STM32/bin/../lib/gcc/arm-none-eabi/12.3.1/../../../../arm-none-eabi/lib/thumb/v7e-m+fp/hard\libg_nano.a(libc_a-memchr.o)
 .debug_abbrev  0x00002d75       0xc1 C:/Program Files/STMicroelectronics/STM32Cube/STM32CubeCLT_1.17.0/GNU-tools-for-STM32/bin/../lib/gcc/arm-none-eabi/12.3.1/../../../../arm-none-eabi/lib/thumb/v7e-m+fp/hard\libg_nano.a(libc_a-memcpy-stub.o)
 .debug_abbrev  0x00002e36      0x217 C:/Program Files/STMicroelectronics/STM32Cube/STM32CubeCLT_1.17.0/GNU-tools-for-STM32/bin/../lib/gcc/arm-none-eabi/12.3.1/../../../../arm-none-eabi/lib/thumb/v7e-m+fp/hard\libg_nano.a(libc_a-reallocr.o)
 .debug_abbrev  0x0000304d      0x196 C:/Program Files/STMicroelectronics/STM32Cube/STM32CubeCLT_1.17.0/GNU-tools-for-STM32/bin/../lib/gcc/arm-none-eabi/12.3.1/../../../../arm-none-eabi/lib/thumb/v7e-m+fp/hard\libg_nano.a(libc_a-msizer.o)

.debug_aranges  0x00000000     0x10d0
 .debug_aranges
                0x00000000       0x60 CMakeFiles/cruce-cero.dir/Core/Src/main.c.obj
 .debug_aranges
                0x00000060       0x78 CMakeFiles/cruce-cero.dir/Core/Src/stm32l4xx_it.c.obj
 .debug_aranges
                0x000000d8       0x40 CMakeFiles/cruce-cero.dir/Core/Src/stm32l4xx_hal_msp.c.obj
 .debug_aranges
                0x00000118      0x3e0 CMakeFiles/cruce-cero.dir/Drivers/STM32L4xx_HAL_Driver/Src/stm32l4xx_hal_tim.c.obj
 .debug_aranges
                0x000004f8      0x180 CMakeFiles/cruce-cero.dir/Drivers/STM32L4xx_HAL_Driver/Src/stm32l4xx_hal_tim_ex.c.obj
 .debug_aranges
                0x00000678      0x130 CMakeFiles/cruce-cero.dir/Drivers/STM32L4xx_HAL_Driver/Src/stm32l4xx_hal.c.obj
 .debug_aranges
                0x000007a8       0x90 CMakeFiles/cruce-cero.dir/Drivers/STM32L4xx_HAL_Driver/Src/stm32l4xx_hal_rcc.c.obj
 .debug_aranges
                0x00000838       0xc0 CMakeFiles/cruce-cero.dir/Drivers/STM32L4xx_HAL_Driver/Src/stm32l4xx_hal_rcc_ex.c.obj
 .debug_aranges
                0x000008f8       0x58 CMakeFiles/cruce-cero.dir/Drivers/STM32L4xx_HAL_Driver/Src/stm32l4xx_hal_gpio.c.obj
 .debug_aranges
                0x00000950       0x80 CMakeFiles/cruce-cero.dir/Drivers/STM32L4xx_HAL_Driver/Src/stm32l4xx_hal_dma.c.obj
 .debug_aranges
                0x000009d0      0x160 CMakeFiles/cruce-cero.dir/Drivers/STM32L4xx_HAL_Driver/Src/stm32l4xx_hal_pwr_ex.c.obj
 .debug_aranges
                0x00000b30      0x128 CMakeFiles/cruce-cero.dir/Drivers/STM32L4xx_HAL_Driver/Src/stm32l4xx_hal_cortex.c.obj
 .debug_aranges
                0x00000c58      0x228 CMakeFiles/cruce-cero.dir/Drivers/STM32L4xx_HAL_Driver/Src/stm32l4xx_hal_uart.c.obj
 .debug_aranges
                0x00000e80       0x80 CMakeFiles/cruce-cero.dir/Drivers/STM32L4xx_HAL_Driver/Src/stm32l4xx_hal_uart_ex.c.obj
 .debug_aranges
                0x00000f00       0x28 CMakeFiles/cruce-cero.dir/Core/Src/system_stm32l4xx.c.obj
 .debug_aranges
                0x00000f28       0x20 CMakeFiles/cruce-cero.dir/Core/Src/sysmem.c.obj
 .debug_aranges
                0x00000f48       0x28 CMakeFiles/cruce-cero.dir/startup_stm32l476xx.s.obj
 .debug_aranges
                0x00000f70       0x28 C:/Program Files/STMicroelectronics/STM32Cube/STM32CubeCLT_1.17.0/GNU-tools-for-STM32/bin/../lib/gcc/arm-none-eabi/12.3.1/../../../../arm-none-eabi/lib/thumb/v7e-m+fp/hard\libg_nano.a(libc_a-sprintf.o)
 .debug_aranges
                0x00000f98       0x20 C:/Program Files/STMicroelectronics/STM32Cube/STM32CubeCLT_1.17.0/GNU-tools-for-STM32/bin/../lib/gcc/arm-none-eabi/12.3.1/../../../../arm-none-eabi/lib/thumb/v7e-m+fp/hard\libg_nano.a(libc_a-errno.o)
 .debug_aranges
                0x00000fb8       0x20 C:/Program Files/STMicroelectronics/STM32Cube/STM32CubeCLT_1.17.0/GNU-tools-for-STM32/bin/../lib/gcc/arm-none-eabi/12.3.1/../../../../arm-none-eabi/lib/thumb/v7e-m+fp/hard\libg_nano.a(libc_a-strlen.o)
 .debug_aranges
                0x00000fd8       0x30 C:/Program Files/STMicroelectronics/STM32Cube/STM32CubeCLT_1.17.0/GNU-tools-for-STM32/bin/../lib/gcc/arm-none-eabi/12.3.1/../../../../arm-none-eabi/lib/thumb/v7e-m+fp/hard\libg_nano.a(libc_a-nano-svfprintf.o)
 .debug_aranges
                0x00001008       0x28 C:/Program Files/STMicroelectronics/STM32Cube/STM32CubeCLT_1.17.0/GNU-tools-for-STM32/bin/../lib/gcc/arm-none-eabi/12.3.1/../../../../arm-none-eabi/lib/thumb/v7e-m+fp/hard\libg_nano.a(libc_a-nano-vfprintf_i.o)
 .debug_aranges
                0x00001030       0x20 C:/Program Files/STMicroelectronics/STM32Cube/STM32CubeCLT_1.17.0/GNU-tools-for-STM32/bin/../lib/gcc/arm-none-eabi/12.3.1/../../../../arm-none-eabi/lib/thumb/v7e-m+fp/hard\libg_nano.a(libc_a-memmove.o)
 .debug_aranges
                0x00001050       0x20 C:/Program Files/STMicroelectronics/STM32Cube/STM32CubeCLT_1.17.0/GNU-tools-for-STM32/bin/../lib/gcc/arm-none-eabi/12.3.1/../../../../arm-none-eabi/lib/thumb/v7e-m+fp/hard\libg_nano.a(libc_a-memchr.o)
 .debug_aranges
                0x00001070       0x20 C:/Program Files/STMicroelectronics/STM32Cube/STM32CubeCLT_1.17.0/GNU-tools-for-STM32/bin/../lib/gcc/arm-none-eabi/12.3.1/../../../../arm-none-eabi/lib/thumb/v7e-m+fp/hard\libg_nano.a(libc_a-memcpy-stub.o)
 .debug_aranges
                0x00001090       0x20 C:/Program Files/STMicroelectronics/STM32Cube/STM32CubeCLT_1.17.0/GNU-tools-for-STM32/bin/../lib/gcc/arm-none-eabi/12.3.1/../../../../arm-none-eabi/lib/thumb/v7e-m+fp/hard\libg_nano.a(libc_a-reallocr.o)
 .debug_aranges
                0x000010b0       0x20 C:/Program Files/STMicroelectronics/STM32Cube/STM32CubeCLT_1.17.0/GNU-tools-for-STM32/bin/../lib/gcc/arm-none-eabi/12.3.1/../../../../arm-none-eabi/lib/thumb/v7e-m+fp/hard\libg_nano.a(libc_a-msizer.o)

.debug_rnglists
                0x00000000      0xd33
 .debug_rnglists
                0x00000000       0x47 CMakeFiles/cruce-cero.dir/Core/Src/main.c.obj
 .debug_rnglists
                0x00000047       0x55 CMakeFiles/cruce-cero.dir/Core/Src/stm32l4xx_it.c.obj
 .debug_rnglists
                0x0000009c       0x2c CMakeFiles/cruce-cero.dir/Core/Src/stm32l4xx_hal_msp.c.obj
 .debug_rnglists
                0x000000c8      0x328 CMakeFiles/cruce-cero.dir/Drivers/STM32L4xx_HAL_Driver/Src/stm32l4xx_hal_tim.c.obj
 .debug_rnglists
                0x000003f0      0x139 CMakeFiles/cruce-cero.dir/Drivers/STM32L4xx_HAL_Driver/Src/stm32l4xx_hal_tim_ex.c.obj
 .debug_rnglists
                0x00000529       0xdf CMakeFiles/cruce-cero.dir/Drivers/STM32L4xx_HAL_Driver/Src/stm32l4xx_hal.c.obj
 .debug_rnglists
                0x00000608       0x6d CMakeFiles/cruce-cero.dir/Drivers/STM32L4xx_HAL_Driver/Src/stm32l4xx_hal_rcc.c.obj
 .debug_rnglists
                0x00000675       0x95 CMakeFiles/cruce-cero.dir/Drivers/STM32L4xx_HAL_Driver/Src/stm32l4xx_hal_rcc_ex.c.obj
 .debug_rnglists
                0x0000070a       0x3f CMakeFiles/cruce-cero.dir/Drivers/STM32L4xx_HAL_Driver/Src/stm32l4xx_hal_gpio.c.obj
 .debug_rnglists
                0x00000749       0x64 CMakeFiles/cruce-cero.dir/Drivers/STM32L4xx_HAL_Driver/Src/stm32l4xx_hal_dma.c.obj
 .debug_rnglists
                0x000007ad      0x109 CMakeFiles/cruce-cero.dir/Drivers/STM32L4xx_HAL_Driver/Src/stm32l4xx_hal_pwr_ex.c.obj
 .debug_rnglists
                0x000008b6       0xda CMakeFiles/cruce-cero.dir/Drivers/STM32L4xx_HAL_Driver/Src/stm32l4xx_hal_cortex.c.obj
 .debug_rnglists
                0x00000990      0x1db CMakeFiles/cruce-cero.dir/Drivers/STM32L4xx_HAL_Driver/Src/stm32l4xx_hal_uart.c.obj
 .debug_rnglists
                0x00000b6b       0x60 CMakeFiles/cruce-cero.dir/Drivers/STM32L4xx_HAL_Driver/Src/stm32l4xx_hal_uart_ex.c.obj
 .debug_rnglists
                0x00000bcb       0x1a CMakeFiles/cruce-cero.dir/Core/Src/system_stm32l4xx.c.obj
 .debug_rnglists
                0x00000be5       0x13 CMakeFiles/cruce-cero.dir/Core/Src/sysmem.c.obj
 .debug_rnglists
                0x00000bf8       0x19 CMakeFiles/cruce-cero.dir/startup_stm32l476xx.s.obj
 .debug_rnglists
                0x00000c11       0x19 C:/Program Files/STMicroelectronics/STM32Cube/STM32CubeCLT_1.17.0/GNU-tools-for-STM32/bin/../lib/gcc/arm-none-eabi/12.3.1/../../../../arm-none-eabi/lib/thumb/v7e-m+fp/hard\libg_nano.a(libc_a-sprintf.o)
 .debug_rnglists
                0x00000c2a       0x13 C:/Program Files/STMicroelectronics/STM32Cube/STM32CubeCLT_1.17.0/GNU-tools-for-STM32/bin/../lib/gcc/arm-none-eabi/12.3.1/../../../../arm-none-eabi/lib/thumb/v7e-m+fp/hard\libg_nano.a(libc_a-errno.o)
 .debug_rnglists
                0x00000c3d       0x44 C:/Program Files/STMicroelectronics/STM32Cube/STM32CubeCLT_1.17.0/GNU-tools-for-STM32/bin/../lib/gcc/arm-none-eabi/12.3.1/../../../../arm-none-eabi/lib/thumb/v7e-m+fp/hard\libg_nano.a(libc_a-nano-svfprintf.o)
 .debug_rnglists
                0x00000c81       0x66 C:/Program Files/STMicroelectronics/STM32Cube/STM32CubeCLT_1.17.0/GNU-tools-for-STM32/bin/../lib/gcc/arm-none-eabi/12.3.1/../../../../arm-none-eabi/lib/thumb/v7e-m+fp/hard\libg_nano.a(libc_a-nano-vfprintf_i.o)
 .debug_rnglists
                0x00000ce7       0x13 C:/Program Files/STMicroelectronics/STM32Cube/STM32CubeCLT_1.17.0/GNU-tools-for-STM32/bin/../lib/gcc/arm-none-eabi/12.3.1/../../../../arm-none-eabi/lib/thumb/v7e-m+fp/hard\libg_nano.a(libc_a-memmove.o)
 .debug_rnglists
                0x00000cfa       0x13 C:/Program Files/STMicroelectronics/STM32Cube/STM32CubeCLT_1.17.0/GNU-tools-for-STM32/bin/../lib/gcc/arm-none-eabi/12.3.1/../../../../arm-none-eabi/lib/thumb/v7e-m+fp/hard\libg_nano.a(libc_a-memcpy-stub.o)
 .debug_rnglists
                0x00000d0d       0x13 C:/Program Files/STMicroelectronics/STM32Cube/STM32CubeCLT_1.17.0/GNU-tools-for-STM32/bin/../lib/gcc/arm-none-eabi/12.3.1/../../../../arm-none-eabi/lib/thumb/v7e-m+fp/hard\libg_nano.a(libc_a-reallocr.o)
 .debug_rnglists
                0x00000d20       0x13 C:/Program Files/STMicroelectronics/STM32Cube/STM32CubeCLT_1.17.0/GNU-tools-for-STM32/bin/../lib/gcc/arm-none-eabi/12.3.1/../../../../arm-none-eabi/lib/thumb/v7e-m+fp/hard\libg_nano.a(libc_a-msizer.o)

.debug_macro    0x00000000     0x2388
 .debug_macro   0x00000000      0x2f0 CMakeFiles/cruce-cero.dir/Core/Src/main.c.obj
 .debug_macro   0x000002f0      0x2fa CMakeFiles/cruce-cero.dir/Core/Src/stm32l4xx_it.c.obj
 .debug_macro   0x000005ea      0x2f0 CMakeFiles/cruce-cero.dir/Core/Src/stm32l4xx_hal_msp.c.obj
 .debug_macro   0x000008da      0x1c1 CMakeFiles/cruce-cero.dir/Drivers/STM32L4xx_HAL_Driver/Src/stm32l4xx_hal_tim.c.obj
 .debug_macro   0x00000a9b      0x1c0 CMakeFiles/cruce-cero.dir/Drivers/STM32L4xx_HAL_Driver/Src/stm32l4xx_hal_tim_ex.c.obj
 .debug_macro   0x00000c5b      0x20e CMakeFiles/cruce-cero.dir/Drivers/STM32L4xx_HAL_Driver/Src/stm32l4xx_hal.c.obj
 .debug_macro   0x00000e69      0x202 CMakeFiles/cruce-cero.dir/Drivers/STM32L4xx_HAL_Driver/Src/stm32l4xx_hal_rcc.c.obj
 .debug_macro   0x0000106b      0x1f6 CMakeFiles/cruce-cero.dir/Drivers/STM32L4xx_HAL_Driver/Src/stm32l4xx_hal_rcc_ex.c.obj
 .debug_macro   0x00001261      0x1c7 CMakeFiles/cruce-cero.dir/Drivers/STM32L4xx_HAL_Driver/Src/stm32l4xx_hal_gpio.c.obj
 .debug_macro   0x00001428      0x1c0 CMakeFiles/cruce-cero.dir/Drivers/STM32L4xx_HAL_Driver/Src/stm32l4xx_hal_dma.c.obj
 .debug_macro   0x000015e8      0x1e4 CMakeFiles/cruce-cero.dir/Drivers/STM32L4xx_HAL_Driver/Src/stm32l4xx_hal_pwr_ex.c.obj
 .debug_macro   0x000017cc      0x1c0 CMakeFiles/cruce-cero.dir/Drivers/STM32L4xx_HAL_Driver/Src/stm32l4xx_hal_cortex.c.obj
 .debug_macro   0x0000198c      0x1eb CMakeFiles/cruce-cero.dir/Drivers/STM32L4xx_HAL_Driver/Src/stm32l4xx_hal_uart.c.obj
 .debug_macro   0x00001b77      0x1c0 CMakeFiles/cruce-cero.dir/Drivers/STM32L4xx_HAL_Driver/Src/stm32l4xx_hal_uart_ex.c.obj
 .debug_macro   0x00001d37      0x1c0 CMakeFiles/cruce-cero.dir/Core/Src/system_stm32l4xx.c.obj
 .debug_macro   0x00001ef7       0xec CMakeFiles/cruce-cero.dir/Core/Src/sysmem.c.obj
 .debug_macro   0x00001fe3       0x10 CMakeFiles/cruce-cero.dir/Core/Src/sysmem.c.obj
 .debug_macro   0x00001ff3       0x6e CMakeFiles/cruce-cero.dir/Core/Src/sysmem.c.obj
 .debug_macro   0x00002061       0x94 CMakeFiles/cruce-cero.dir/Core/Src/sysmem.c.obj
 .debug_macro   0x000020f5       0x57 CMakeFiles/cruce-cero.dir/Core/Src/sysmem.c.obj
 .debug_macro   0x0000214c      0x23c CMakeFiles/cruce-cero.dir/Core/Src/sysmem.c.obj

.debug_line     0x00000000    0x14ea1
 .debug_line    0x00000000      0xaf2 CMakeFiles/cruce-cero.dir/Core/Src/main.c.obj
 .debug_line    0x00000af2      0xa0b CMakeFiles/cruce-cero.dir/Core/Src/stm32l4xx_it.c.obj
 .debug_line    0x000014fd      0x99d CMakeFiles/cruce-cero.dir/Core/Src/stm32l4xx_hal_msp.c.obj
 .debug_line    0x00001e9a     0x3f26 CMakeFiles/cruce-cero.dir/Drivers/STM32L4xx_HAL_Driver/Src/stm32l4xx_hal_tim.c.obj
 .debug_line    0x00005dc0     0x1d10 CMakeFiles/cruce-cero.dir/Drivers/STM32L4xx_HAL_Driver/Src/stm32l4xx_hal_tim_ex.c.obj
 .debug_line    0x00007ad0      0xc18 CMakeFiles/cruce-cero.dir/Drivers/STM32L4xx_HAL_Driver/Src/stm32l4xx_hal.c.obj
 .debug_line    0x000086e8     0x1090 CMakeFiles/cruce-cero.dir/Drivers/STM32L4xx_HAL_Driver/Src/stm32l4xx_hal_rcc.c.obj
 .debug_line    0x00009778     0x1602 CMakeFiles/cruce-cero.dir/Drivers/STM32L4xx_HAL_Driver/Src/stm32l4xx_hal_rcc_ex.c.obj
 .debug_line    0x0000ad7a      0xca3 CMakeFiles/cruce-cero.dir/Drivers/STM32L4xx_HAL_Driver/Src/stm32l4xx_hal_gpio.c.obj
 .debug_line    0x0000ba1d      0xe1c CMakeFiles/cruce-cero.dir/Drivers/STM32L4xx_HAL_Driver/Src/stm32l4xx_hal_dma.c.obj
 .debug_line    0x0000c839      0xe09 CMakeFiles/cruce-cero.dir/Drivers/STM32L4xx_HAL_Driver/Src/stm32l4xx_hal_pwr_ex.c.obj
 .debug_line    0x0000d642      0xde0 CMakeFiles/cruce-cero.dir/Drivers/STM32L4xx_HAL_Driver/Src/stm32l4xx_hal_cortex.c.obj
 .debug_line    0x0000e422     0x3329 CMakeFiles/cruce-cero.dir/Drivers/STM32L4xx_HAL_Driver/Src/stm32l4xx_hal_uart.c.obj
 .debug_line    0x0001174b      0xd1d CMakeFiles/cruce-cero.dir/Drivers/STM32L4xx_HAL_Driver/Src/stm32l4xx_hal_uart_ex.c.obj
 .debug_line    0x00012468      0x8bc CMakeFiles/cruce-cero.dir/Core/Src/system_stm32l4xx.c.obj
 .debug_line    0x00012d24      0x3f6 CMakeFiles/cruce-cero.dir/Core/Src/sysmem.c.obj
 .debug_line    0x0001311a       0x7a CMakeFiles/cruce-cero.dir/startup_stm32l476xx.s.obj
 .debug_line    0x00013194      0x2b0 C:/Program Files/STMicroelectronics/STM32Cube/STM32CubeCLT_1.17.0/GNU-tools-for-STM32/bin/../lib/gcc/arm-none-eabi/12.3.1/../../../../arm-none-eabi/lib/thumb/v7e-m+fp/hard\libg_nano.a(libc_a-sprintf.o)
 .debug_line    0x00013444      0x185 C:/Program Files/STMicroelectronics/STM32Cube/STM32CubeCLT_1.17.0/GNU-tools-for-STM32/bin/../lib/gcc/arm-none-eabi/12.3.1/../../../../arm-none-eabi/lib/thumb/v7e-m+fp/hard\libg_nano.a(libc_a-errno.o)
 .debug_line    0x000135c9       0x4f C:/Program Files/STMicroelectronics/STM32Cube/STM32CubeCLT_1.17.0/GNU-tools-for-STM32/bin/../lib/gcc/arm-none-eabi/12.3.1/../../../../arm-none-eabi/lib/thumb/v7e-m+fp/hard\libg_nano.a(libc_a-strlen.o)
 .debug_line    0x00013618      0x882 C:/Program Files/STMicroelectronics/STM32Cube/STM32CubeCLT_1.17.0/GNU-tools-for-STM32/bin/../lib/gcc/arm-none-eabi/12.3.1/../../../../arm-none-eabi/lib/thumb/v7e-m+fp/hard\libg_nano.a(libc_a-nano-svfprintf.o)
 .debug_line    0x00013e9a      0x74c C:/Program Files/STMicroelectronics/STM32Cube/STM32CubeCLT_1.17.0/GNU-tools-for-STM32/bin/../lib/gcc/arm-none-eabi/12.3.1/../../../../arm-none-eabi/lib/thumb/v7e-m+fp/hard\libg_nano.a(libc_a-nano-vfprintf_i.o)
 .debug_line    0x000145e6      0x1bc C:/Program Files/STMicroelectronics/STM32Cube/STM32CubeCLT_1.17.0/GNU-tools-for-STM32/bin/../lib/gcc/arm-none-eabi/12.3.1/../../../../arm-none-eabi/lib/thumb/v7e-m+fp/hard\libg_nano.a(libc_a-memmove.o)
 .debug_line    0x000147a2       0x84 C:/Program Files/STMicroelectronics/STM32Cube/STM32CubeCLT_1.17.0/GNU-tools-for-STM32/bin/../lib/gcc/arm-none-eabi/12.3.1/../../../../arm-none-eabi/lib/thumb/v7e-m+fp/hard\libg_nano.a(libc_a-memchr.o)
 .debug_line    0x00014826      0x202 C:/Program Files/STMicroelectronics/STM32Cube/STM32CubeCLT_1.17.0/GNU-tools-for-STM32/bin/../lib/gcc/arm-none-eabi/12.3.1/../../../../arm-none-eabi/lib/thumb/v7e-m+fp/hard\libg_nano.a(libc_a-memcpy-stub.o)
 .debug_line    0x00014a28      0x274 C:/Program Files/STMicroelectronics/STM32Cube/STM32CubeCLT_1.17.0/GNU-tools-for-STM32/bin/../lib/gcc/arm-none-eabi/12.3.1/../../../../arm-none-eabi/lib/thumb/v7e-m+fp/hard\libg_nano.a(libc_a-reallocr.o)
 .debug_line    0x00014c9c      0x205 C:/Program Files/STMicroelectronics/STM32Cube/STM32CubeCLT_1.17.0/GNU-tools-for-STM32/bin/../lib/gcc/arm-none-eabi/12.3.1/../../../../arm-none-eabi/lib/thumb/v7e-m+fp/hard\libg_nano.a(libc_a-msizer.o)

.debug_str      0x00000000    0xf3348
 .debug_str     0x00000000    0xee37e CMakeFiles/cruce-cero.dir/Core/Src/main.c.obj
                              0xee7e5 (size before relaxing)
 .debug_str     0x000ee37e      0x175 CMakeFiles/cruce-cero.dir/Core/Src/stm32l4xx_it.c.obj
                              0xeddf6 (size before relaxing)
 .debug_str     0x000ee4f3      0x357 CMakeFiles/cruce-cero.dir/Core/Src/stm32l4xx_hal_msp.c.obj
                              0xee707 (size before relaxing)
 .debug_str     0x000ee84a      0xe4e CMakeFiles/cruce-cero.dir/Drivers/STM32L4xx_HAL_Driver/Src/stm32l4xx_hal_tim.c.obj
                              0xeb649 (size before relaxing)
 .debug_str     0x000ef698      0x5c1 CMakeFiles/cruce-cero.dir/Drivers/STM32L4xx_HAL_Driver/Src/stm32l4xx_hal_tim_ex.c.obj
                              0xeaf5d (size before relaxing)
 .debug_str     0x000efc59      0x6fa CMakeFiles/cruce-cero.dir/Drivers/STM32L4xx_HAL_Driver/Src/stm32l4xx_hal.c.obj
                              0xeaf08 (size before relaxing)
 .debug_str     0x000f0353      0x452 CMakeFiles/cruce-cero.dir/Drivers/STM32L4xx_HAL_Driver/Src/stm32l4xx_hal_rcc.c.obj
                              0xea94f (size before relaxing)
 .debug_str     0x000f07a5      0x43f CMakeFiles/cruce-cero.dir/Drivers/STM32L4xx_HAL_Driver/Src/stm32l4xx_hal_rcc_ex.c.obj
                              0xeaac8 (size before relaxing)
 .debug_str     0x000f0be4       0xdc CMakeFiles/cruce-cero.dir/Drivers/STM32L4xx_HAL_Driver/Src/stm32l4xx_hal_gpio.c.obj
                              0xea482 (size before relaxing)
 .debug_str     0x000f0cc0      0x25f CMakeFiles/cruce-cero.dir/Drivers/STM32L4xx_HAL_Driver/Src/stm32l4xx_hal_dma.c.obj
                              0xea573 (size before relaxing)
 .debug_str     0x000f0f1f      0x4ea CMakeFiles/cruce-cero.dir/Drivers/STM32L4xx_HAL_Driver/Src/stm32l4xx_hal_pwr_ex.c.obj
                              0xea864 (size before relaxing)
 .debug_str     0x000f1409      0x38e CMakeFiles/cruce-cero.dir/Drivers/STM32L4xx_HAL_Driver/Src/stm32l4xx_hal_cortex.c.obj
                              0xeab82 (size before relaxing)
 .debug_str     0x000f1797      0x897 CMakeFiles/cruce-cero.dir/Drivers/STM32L4xx_HAL_Driver/Src/stm32l4xx_hal_uart.c.obj
                              0xeb061 (size before relaxing)
 .debug_str     0x000f202e      0x230 CMakeFiles/cruce-cero.dir/Drivers/STM32L4xx_HAL_Driver/Src/stm32l4xx_hal_uart_ex.c.obj
                              0xea88d (size before relaxing)
 .debug_str     0x000f225e       0x79 CMakeFiles/cruce-cero.dir/Core/Src/system_stm32l4xx.c.obj
                              0xea309 (size before relaxing)
 .debug_str     0x000f22d7      0x515 CMakeFiles/cruce-cero.dir/Core/Src/sysmem.c.obj
                               0x5b28 (size before relaxing)